******************************************************************************
             TMS320C2000 Linker PC v6.2.0                      
******************************************************************************
>> Linked Wed May 27 10:55:57 2015

OUTPUT FILE NAME:   <BLDC_0_final_20kHz_final.out>
ENTRY POINT SYMBOL: "_c_int00"  address: 00002598


MEMORY CONFIGURATION

         name            origin    length      used     unused   attr    fill
----------------------  --------  ---------  --------  --------  ----  --------
PAGE 0:
  BEGIN                 00000000   00000002  00000002  00000000  RWIX
  RAMM0                 00000050   000003b0  00000000  000003b0  RWIX
  RAML0                 00008000   00001000  0000010d  00000ef3  RWIX
  RAML1                 00009000   00001000  00000000  00001000  RWIX
  RAML2                 0000a000   00001000  00000000  00001000  RWIX
  RAML3                 0000b000   00001000  00000000  00001000  RWIX
  ZONE7A                00200000   0000fc00  00000000  0000fc00  RWIX
  CSM_RSVD              0033ff80   00000076  00000000  00000076  RWIX
  CSM_PWL               0033fff8   00000008  00000000  00000008  RWIX
  ADC_CAL               00380080   00000009  00000007  00000002  RWIX
  IQTABLES              003fe000   00000b50  00000000  00000b50  RWIX
  IQTABLES2             003feb50   0000008c  00000000  0000008c  RWIX
  FPUTABLES             003febdc   000006a0  00000000  000006a0  RWIX
  BOOTROM               003ff27c   00000d44  00000000  00000d44  RWIX
  RESET                 003fffc0   00000002  00000000  00000002  RWIX

PAGE 1:
  BOOT_RSVD             00000002   0000004e  00000000  0000004e  RWIX
  RAMM1                 00000400   00000400  00000300  00000100  RWIX
  DEV_EMU               00000880   00000180  000000d0  000000b0  RWIX
  FLASH_REGS            00000a80   00000060  00000008  00000058  RWIX
  CSM                   00000ae0   00000010  00000010  00000000  RWIX
  ADC_MIRROR            00000b00   00000010  00000010  00000000  RWIX
  XINTF                 00000b20   00000020  0000001e  00000002  RWIX
  CPU_TIMER0            00000c00   00000008  00000008  00000000  RWIX
  CPU_TIMER1            00000c08   00000008  00000008  00000000  RWIX
  CPU_TIMER2            00000c10   00000008  00000008  00000000  RWIX
  PIE_CTRL              00000ce0   00000020  0000001a  00000006  RWIX
  PIE_VECT              00000d00   00000100  00000100  00000000  RWIX
  DMA                   00001000   00000200  000000e0  00000120  RWIX
  MCBSPA                00005000   00000040  00000025  0000001b  RWIX
  MCBSPB                00005040   00000040  00000025  0000001b  RWIX
  ECANA                 00006000   00000040  00000034  0000000c  RWIX
  ECANA_LAM             00006040   00000040  00000040  00000000  RWIX
  ECANA_MOTS            00006080   00000040  00000040  00000000  RWIX
  ECANA_MOTO            000060c0   00000040  00000040  00000000  RWIX
  ECANA_MBOX            00006100   00000100  00000100  00000000  RWIX
  ECANB                 00006200   00000040  00000034  0000000c  RWIX
  ECANB_LAM             00006240   00000040  00000040  00000000  RWIX
  ECANB_MOTS            00006280   00000040  00000040  00000000  RWIX
  ECANB_MOTO            000062c0   00000040  00000040  00000000  RWIX
  ECANB_MBOX            00006300   00000100  00000100  00000000  RWIX
  EPWM1                 00006800   00000022  00000022  00000000  RWIX
  EPWM2                 00006840   00000022  00000022  00000000  RWIX
  EPWM3                 00006880   00000022  00000022  00000000  RWIX
  EPWM4                 000068c0   00000022  00000022  00000000  RWIX
  EPWM5                 00006900   00000022  00000022  00000000  RWIX
  EPWM6                 00006940   00000022  00000022  00000000  RWIX
  ECAP1                 00006a00   00000020  00000020  00000000  RWIX
  ECAP2                 00006a20   00000020  00000020  00000000  RWIX
  ECAP3                 00006a40   00000020  00000020  00000000  RWIX
  ECAP4                 00006a60   00000020  00000020  00000000  RWIX
  ECAP5                 00006a80   00000020  00000020  00000000  RWIX
  ECAP6                 00006aa0   00000020  00000020  00000000  RWIX
  EQEP1                 00006b00   00000040  00000040  00000000  RWIX
  EQEP2                 00006b40   00000040  00000040  00000000  RWIX
  GPIOCTRL              00006f80   00000040  0000002e  00000012  RWIX
  GPIODAT               00006fc0   00000020  00000020  00000000  RWIX
  GPIOINT               00006fe0   00000020  0000000a  00000016  RWIX
  SYSTEM                00007010   00000020  00000020  00000000  RWIX
  SPIA                  00007040   00000010  00000010  00000000  RWIX
  SCIA                  00007050   00000010  00000010  00000000  RWIX
  XINTRUPT              00007070   00000010  00000010  00000000  RWIX
  ADC                   00007100   00000020  0000001e  00000002  RWIX
  SCIB                  00007750   00000010  00000010  00000000  RWIX
  SCIC                  00007770   00000010  00000010  00000000  RWIX
  I2CA                  00007900   00000040  00000022  0000001e  RWIX
  RAML4                 0000c000   00001000  000002f3  00000d0d  RWIX
  RAML5                 0000d000   00001000  0000010a  00000ef6  RWIX
  RAML6                 0000e000   00001000  00000000  00001000  RWIX
  RAML7                 0000f000   00001000  00000000  00001000  RWIX
  ZONE7B                0020fc00   00000400  00000000  00000400  RWIX
  CSM_PWL               0033fff8   00000008  00000008  00000000  RWIX


SECTION ALLOCATION MAP

 output                                  attributes/
section   page    origin      length       input sections
--------  ----  ----------  ----------   ----------------
codestart 
*          0    00000000    00000002     
                  00000000    00000002     DSP2833x_CodeStartBranch.obj (codestart)

.text      0    00000000    000026c0     FAILED TO ALLOCATE
.pinit     0    00008000    00000000     UNINITIALIZED

.cinit     0    00008000    000000ee     
                  00008000    0000008c     variable.obj (.cinit)
                  0000808c    0000002a     debug_283x.obj (.cinit)
                  000080b6    00000010     serial_api.obj (.cinit)
                  000080c6    0000000a     rts2800_fpu32.lib : _lock.obj (.cinit)
                  000080d0    0000000a                       : exit.obj (.cinit)
                  000080da    00000009     portserial.obj (.cinit)
                  000080e3    00000005     control.obj (.cinit)
                  000080e8    00000004     main.obj (.cinit)
                  000080ec    00000002     --HOLE-- [fill = 0]

ramfuncs   0    000080ee    0000001f     
                  000080ee    0000001b     DSP2833x_SysCtrl.obj (ramfuncs)
                  00008109    00000004     DSP2833x_usDelay.obj (ramfuncs)

csm_rsvd   0    0033ff80    00000000     DSECT

csmpasswds 
*          0    0033fff8    00000000     DSECT

.adc_cal   0    00380080    00000007     NOLOAD SECTION
                  00380080    00000007     DSP2833x_ADC_cal.obj (.adc_cal)

.reset     0    003fffc0    00000002     DSECT
                  003fffc0    00000002     rts2800_fpu32.lib : boot.obj (.reset)

.stack     1    00000400    00000300     UNINITIALIZED
                  00000400    00000300     --HOLE--

DevEmuRegsFile 
*          1    00000880    000000d0     UNINITIALIZED
                  00000880    000000d0     DSP2833x_GlobalVariableDefs.obj (DevEmuRegsFile)

FlashRegsFile 
*          1    00000a80    00000008     UNINITIALIZED
                  00000a80    00000008     DSP2833x_GlobalVariableDefs.obj (FlashRegsFile)

CsmRegsFile 
*          1    00000ae0    00000010     UNINITIALIZED
                  00000ae0    00000010     DSP2833x_GlobalVariableDefs.obj (CsmRegsFile)

AdcMirrorFile 
*          1    00000b00    00000010     UNINITIALIZED
                  00000b00    00000010     DSP2833x_GlobalVariableDefs.obj (AdcMirrorFile)

XintfRegsFile 
*          1    00000b20    0000001e     UNINITIALIZED
                  00000b20    0000001e     DSP2833x_GlobalVariableDefs.obj (XintfRegsFile)

CpuTimer0RegsFile 
*          1    00000c00    00000008     UNINITIALIZED
                  00000c00    00000008     DSP2833x_GlobalVariableDefs.obj (CpuTimer0RegsFile)

CpuTimer1RegsFile 
*          1    00000c08    00000008     UNINITIALIZED
                  00000c08    00000008     DSP2833x_GlobalVariableDefs.obj (CpuTimer1RegsFile)

CpuTimer2RegsFile 
*          1    00000c10    00000008     UNINITIALIZED
                  00000c10    00000008     DSP2833x_GlobalVariableDefs.obj (CpuTimer2RegsFile)

PieCtrlRegsFile 
*          1    00000ce0    0000001a     UNINITIALIZED
                  00000ce0    0000001a     DSP2833x_GlobalVariableDefs.obj (PieCtrlRegsFile)

PieVectTableFile 
*          1    00000d00    00000100     UNINITIALIZED
                  00000d00    00000100     DSP2833x_GlobalVariableDefs.obj (PieVectTableFile)

DmaRegsFile 
*          1    00001000    000000e0     UNINITIALIZED
                  00001000    000000e0     DSP2833x_GlobalVariableDefs.obj (DmaRegsFile)

McbspaRegsFile 
*          1    00005000    00000025     UNINITIALIZED
                  00005000    00000025     DSP2833x_GlobalVariableDefs.obj (McbspaRegsFile)

McbspbRegsFile 
*          1    00005040    00000025     UNINITIALIZED
                  00005040    00000025     DSP2833x_GlobalVariableDefs.obj (McbspbRegsFile)

ECanaRegsFile 
*          1    00006000    00000034     UNINITIALIZED
                  00006000    00000034     DSP2833x_GlobalVariableDefs.obj (ECanaRegsFile)

ECanaLAMRegsFile 
*          1    00006040    00000040     UNINITIALIZED
                  00006040    00000040     DSP2833x_GlobalVariableDefs.obj (ECanaLAMRegsFile)

ECanaMOTSRegsFile 
*          1    00006080    00000040     UNINITIALIZED
                  00006080    00000040     DSP2833x_GlobalVariableDefs.obj (ECanaMOTSRegsFile)

ECanaMOTORegsFile 
*          1    000060c0    00000040     UNINITIALIZED
                  000060c0    00000040     DSP2833x_GlobalVariableDefs.obj (ECanaMOTORegsFile)

ECanaMboxesFile 
*          1    00006100    00000100     UNINITIALIZED
                  00006100    00000100     DSP2833x_GlobalVariableDefs.obj (ECanaMboxesFile)

ECanbRegsFile 
*          1    00006200    00000034     UNINITIALIZED
                  00006200    00000034     DSP2833x_GlobalVariableDefs.obj (ECanbRegsFile)

ECanbLAMRegsFile 
*          1    00006240    00000040     UNINITIALIZED
                  00006240    00000040     DSP2833x_GlobalVariableDefs.obj (ECanbLAMRegsFile)

ECanbMOTSRegsFile 
*          1    00006280    00000040     UNINITIALIZED
                  00006280    00000040     DSP2833x_GlobalVariableDefs.obj (ECanbMOTSRegsFile)

ECanbMOTORegsFile 
*          1    000062c0    00000040     UNINITIALIZED
                  000062c0    00000040     DSP2833x_GlobalVariableDefs.obj (ECanbMOTORegsFile)

ECanbMboxesFile 
*          1    00006300    00000100     UNINITIALIZED
                  00006300    00000100     DSP2833x_GlobalVariableDefs.obj (ECanbMboxesFile)

EPwm1RegsFile 
*          1    00006800    00000022     UNINITIALIZED
                  00006800    00000022     DSP2833x_GlobalVariableDefs.obj (EPwm1RegsFile)

EPwm2RegsFile 
*          1    00006840    00000022     UNINITIALIZED
                  00006840    00000022     DSP2833x_GlobalVariableDefs.obj (EPwm2RegsFile)

EPwm3RegsFile 
*          1    00006880    00000022     UNINITIALIZED
                  00006880    00000022     DSP2833x_GlobalVariableDefs.obj (EPwm3RegsFile)

EPwm4RegsFile 
*          1    000068c0    00000022     UNINITIALIZED
                  000068c0    00000022     DSP2833x_GlobalVariableDefs.obj (EPwm4RegsFile)

EPwm5RegsFile 
*          1    00006900    00000022     UNINITIALIZED
                  00006900    00000022     DSP2833x_GlobalVariableDefs.obj (EPwm5RegsFile)

EPwm6RegsFile 
*          1    00006940    00000022     UNINITIALIZED
                  00006940    00000022     DSP2833x_GlobalVariableDefs.obj (EPwm6RegsFile)

ECap1RegsFile 
*          1    00006a00    00000020     UNINITIALIZED
                  00006a00    00000020     DSP2833x_GlobalVariableDefs.obj (ECap1RegsFile)

ECap2RegsFile 
*          1    00006a20    00000020     UNINITIALIZED
                  00006a20    00000020     DSP2833x_GlobalVariableDefs.obj (ECap2RegsFile)

ECap3RegsFile 
*          1    00006a40    00000020     UNINITIALIZED
                  00006a40    00000020     DSP2833x_GlobalVariableDefs.obj (ECap3RegsFile)

ECap4RegsFile 
*          1    00006a60    00000020     UNINITIALIZED
                  00006a60    00000020     DSP2833x_GlobalVariableDefs.obj (ECap4RegsFile)

ECap5RegsFile 
*          1    00006a80    00000020     UNINITIALIZED
                  00006a80    00000020     DSP2833x_GlobalVariableDefs.obj (ECap5RegsFile)

ECap6RegsFile 
*          1    00006aa0    00000020     UNINITIALIZED
                  00006aa0    00000020     DSP2833x_GlobalVariableDefs.obj (ECap6RegsFile)

EQep1RegsFile 
*          1    00006b00    00000040     UNINITIALIZED
                  00006b00    00000040     DSP2833x_GlobalVariableDefs.obj (EQep1RegsFile)

EQep2RegsFile 
*          1    00006b40    00000040     UNINITIALIZED
                  00006b40    00000040     DSP2833x_GlobalVariableDefs.obj (EQep2RegsFile)

GpioCtrlRegsFile 
*          1    00006f80    0000002e     UNINITIALIZED
                  00006f80    0000002e     DSP2833x_GlobalVariableDefs.obj (GpioCtrlRegsFile)

GpioDataRegsFile 
*          1    00006fc0    00000020     UNINITIALIZED
                  00006fc0    00000020     DSP2833x_GlobalVariableDefs.obj (GpioDataRegsFile)

GpioIntRegsFile 
*          1    00006fe0    0000000a     UNINITIALIZED
                  00006fe0    0000000a     DSP2833x_GlobalVariableDefs.obj (GpioIntRegsFile)

SysCtrlRegsFile 
*          1    00007010    00000020     UNINITIALIZED
                  00007010    00000020     DSP2833x_GlobalVariableDefs.obj (SysCtrlRegsFile)

SpiaRegsFile 
*          1    00007040    00000010     UNINITIALIZED
                  00007040    00000010     DSP2833x_GlobalVariableDefs.obj (SpiaRegsFile)

SciaRegsFile 
*          1    00007050    00000010     UNINITIALIZED
                  00007050    00000010     DSP2833x_GlobalVariableDefs.obj (SciaRegsFile)

XIntruptRegsFile 
*          1    00007070    00000010     UNINITIALIZED
                  00007070    00000010     DSP2833x_GlobalVariableDefs.obj (XIntruptRegsFile)

AdcRegsFile 
*          1    00007100    0000001e     UNINITIALIZED
                  00007100    0000001e     DSP2833x_GlobalVariableDefs.obj (AdcRegsFile)

ScibRegsFile 
*          1    00007750    00000010     UNINITIALIZED
                  00007750    00000010     DSP2833x_GlobalVariableDefs.obj (ScibRegsFile)

ScicRegsFile 
*          1    00007770    00000010     UNINITIALIZED
                  00007770    00000010     DSP2833x_GlobalVariableDefs.obj (ScicRegsFile)

I2caRegsFile 
*          1    00007900    00000022     UNINITIALIZED
                  00007900    00000022     DSP2833x_GlobalVariableDefs.obj (I2caRegsFile)

.ebss      1    0000c000    000002f3     UNINITIALIZED
                  0000c000    00000248     variable.obj (.ebss)
                  0000c248    00000008     serial_api.obj (.ebss)
                  0000c250    00000004     control.obj (.ebss)
                  0000c254    00000004     portserial.obj (.ebss)
                  0000c258    00000004     rts2800_fpu32.lib : _lock.obj (.ebss)
                  0000c25c    00000004                       : exit.obj (.ebss)
                  0000c260    00000001     main.obj (.ebss)
                  0000c261    0000001f     --HOLE--
                  0000c280    00000073     debug_283x.obj (.ebss)

.econst    1    0000d000    0000010a     
                  0000d000    00000100     DSP2833x_PieVect.obj (.econst)
                  0000d100    0000000a     debug_283x.obj (.econst:.string)

CsmPwlFile 
*          1    0033fff8    00000008     UNINITIALIZED
                  0033fff8    00000008     DSP2833x_GlobalVariableDefs.obj (CsmPwlFile)


GLOBAL DATA SYMBOLS: SORTED BY DATA PAGE

address     data page           name
--------    ----------------    ----
00000400      10 (00000400)     __stack

00000880      22 (00000880)     _DevEmuRegs

00000a80      2a (00000a80)     _FlashRegs

00000ae0      2b (00000ac0)     _CsmRegs

00000b00      2c (00000b00)     _AdcMirror
00000b20      2c (00000b00)     _XintfRegs

00000c00      30 (00000c00)     _CpuTimer0Regs
00000c08      30 (00000c00)     _CpuTimer1Regs
00000c10      30 (00000c00)     _CpuTimer2Regs

00000ce0      33 (00000cc0)     _PieCtrlRegs

00000d00      34 (00000d00)     _PieVectTable

00001000      40 (00001000)     _DmaRegs

00005000     140 (00005000)     _McbspaRegs

00005040     141 (00005040)     _McbspbRegs

00006000     180 (00006000)     _ECanaRegs

00006040     181 (00006040)     _ECanaLAMRegs

00006080     182 (00006080)     _ECanaMOTSRegs

000060c0     183 (000060c0)     _ECanaMOTORegs

00006100     184 (00006100)     _ECanaMboxes

00006200     188 (00006200)     _ECanbRegs

00006240     189 (00006240)     _ECanbLAMRegs

00006280     18a (00006280)     _ECanbMOTSRegs

000062c0     18b (000062c0)     _ECanbMOTORegs

00006300     18c (00006300)     _ECanbMboxes

00006800     1a0 (00006800)     _EPwm1Regs

00006840     1a1 (00006840)     _EPwm2Regs

00006880     1a2 (00006880)     _EPwm3Regs

000068c0     1a3 (000068c0)     _EPwm4Regs

00006900     1a4 (00006900)     _EPwm5Regs

00006940     1a5 (00006940)     _EPwm6Regs

00006a00     1a8 (00006a00)     _ECap1Regs
00006a20     1a8 (00006a00)     _ECap2Regs

00006a40     1a9 (00006a40)     _ECap3Regs
00006a60     1a9 (00006a40)     _ECap4Regs

00006a80     1aa (00006a80)     _ECap5Regs
00006aa0     1aa (00006a80)     _ECap6Regs

00006b00     1ac (00006b00)     _EQep1Regs

00006b40     1ad (00006b40)     _EQep2Regs

00006f80     1be (00006f80)     _GpioCtrlRegs

00006fc0     1bf (00006fc0)     _GpioDataRegs
00006fe0     1bf (00006fc0)     _GpioIntRegs

00007010     1c0 (00007000)     _SysCtrlRegs

00007040     1c1 (00007040)     _SpiaRegs
00007050     1c1 (00007040)     _SciaRegs
00007070     1c1 (00007040)     _XIntruptRegs

00007100     1c4 (00007100)     _AdcRegs

00007750     1dd (00007740)     _ScibRegs
00007770     1dd (00007740)     _ScicRegs

00007900     1e4 (00007900)     _I2caRegs

0000c000     300 (0000c000)     _Iv_offset
0000c001     300 (0000c000)     _Iw_offset
0000c002     300 (0000c000)     _Iu_offset
0000c003     300 (0000c000)     _Ireal_FaultCount
0000c004     300 (0000c000)     _CurrentOffsetCount
0000c005     300 (0000c000)     _AD_Iu
0000c006     300 (0000c000)     _AD_Iv
0000c007     300 (0000c000)     _Iw
0000c008     300 (0000c000)     _Iu
0000c009     300 (0000c000)     _Iv
0000c00a     300 (0000c000)     _IPM_Status
0000c00b     300 (0000c000)     _op_mode
0000c00c     300 (0000c000)     _HallSignal
0000c00d     300 (0000c000)     _count
0000c00e     300 (0000c000)     _ThetaQ15
0000c00f     300 (0000c000)     _ThetaMQ15
0000c010     300 (0000c000)     _IPM_FaultFlag
0000c011     300 (0000c000)     _IPM_FaultCount
0000c012     300 (0000c000)     _InitFlag
0000c013     300 (0000c000)     _HallSignalM
0000c014     300 (0000c000)     _qep_count
0000c015     300 (0000c000)     _DAC_CH
0000c016     300 (0000c000)     _nDir
0000c017     300 (0000c000)     _P_Status
0000c018     300 (0000c000)     _fff
0000c019     300 (0000c000)     _ddd
0000c01a     300 (0000c000)     _eee
0000c01b     300 (0000c000)     _Comm_Type
0000c01c     300 (0000c000)     _Comm_Speed
0000c01d     300 (0000c000)     _Motor_Add
0000c01e     300 (0000c000)     _PulseRPM
0000c01f     300 (0000c000)     _SpeedDown
0000c020     300 (0000c000)     _ccc
0000c021     300 (0000c000)     _DutyB
0000c022     300 (0000c000)     _DutyC
0000c023     300 (0000c000)     _DutyA
0000c024     300 (0000c000)     _AD_Vdc
0000c025     300 (0000c000)     _AD_Command
0000c026     300 (0000c000)     _aaa
0000c027     300 (0000c000)     _bbb
0000c028     300 (0000c000)     _AngleControl
0000c029     300 (0000c000)     _count_pwm
0000c02a     300 (0000c000)     _count_start
0000c02b     300 (0000c000)     _AD_Iw
0000c02c     300 (0000c000)     _da2
0000c02d     300 (0000c000)     _da2_type
0000c02e     300 (0000c000)     _da3_type
0000c02f     300 (0000c000)     _da3
0000c030     300 (0000c000)     _da4_type
0000c031     300 (0000c000)     _da1_type
0000c032     300 (0000c000)     _da1
0000c033     300 (0000c000)     _da4
0000c034     300 (0000c000)     _speed_rpm
0000c036     300 (0000c000)     _Id
0000c038     300 (0000c000)     _speed_e
0000c03a     300 (0000c000)     _kbl1
0000c03c     300 (0000c000)     _Vq
0000c03e     300 (0000c000)     _kbl3

0000c040     301 (0000c040)     _kbl2
0000c042     301 (0000c040)     _Iq
0000c044     301 (0000c040)     _speed_m
0000c046     301 (0000c040)     _Vd
0000c048     301 (0000c040)     _AdjAngle
0000c04a     301 (0000c040)     _da3_scale
0000c04c     301 (0000c040)     _da3_val
0000c04e     301 (0000c040)     _da2_mid
0000c050     301 (0000c040)     _da3_rng
0000c052     301 (0000c040)     _fVdcf
0000c054     301 (0000c040)     _fVdcfOld
0000c056     301 (0000c040)     _Low_fvdc
0000c058     301 (0000c040)     _lfVdc
0000c05a     301 (0000c040)     _da1_data
0000c05c     301 (0000c040)     _da1_mid
0000c05e     301 (0000c040)     _Vslope
0000c060     301 (0000c040)     _Vset
0000c062     301 (0000c040)     _da2_val
0000c064     301 (0000c040)     _da2_data
0000c066     301 (0000c040)     _da2_rng
0000c068     301 (0000c040)     _da2_scale
0000c06a     301 (0000c040)     _Thetaf
0000c06c     301 (0000c040)     _Theta_Old
0000c06e     301 (0000c040)     _AntiWindUp_Vde
0000c070     301 (0000c040)     _Iqf
0000c072     301 (0000c040)     _Iq_Old
0000c074     301 (0000c040)     _AntiWindUp_Iqe
0000c076     301 (0000c040)     _lTheta
0000c078     301 (0000c040)     _a
0000c07a     301 (0000c040)     _b
0000c07c     301 (0000c040)     _test_tx
0000c07e     301 (0000c040)     _AntiGain

0000c080     302 (0000c080)     _AntiWindUp_Vqe
0000c082     302 (0000c080)     _test_rx
0000c084     302 (0000c080)     _PulseRef
0000c086     302 (0000c080)     _AlphaCurr
0000c088     302 (0000c080)     _I_invf
0000c08a     302 (0000c080)     _AlphaTheta
0000c08c     302 (0000c080)     _lI_inv
0000c08e     302 (0000c080)     _kbl4
0000c090     302 (0000c080)     _AlphaVdc
0000c092     302 (0000c080)     _I_invOld
0000c094     302 (0000c080)     _Id_Old
0000c096     302 (0000c080)     _lId
0000c098     302 (0000c080)     _lIq
0000c09a     302 (0000c080)     _da1_scale
0000c09c     302 (0000c080)     _da1_val
0000c09e     302 (0000c080)     _Idf
0000c0a0     302 (0000c080)     _Ke
0000c0a2     302 (0000c080)     _Lq
0000c0a4     302 (0000c080)     _Integ_q
0000c0a6     302 (0000c080)     _Integ_d
0000c0a8     302 (0000c080)     _fVF_theta
0000c0aa     302 (0000c080)     _fVF_freq_rad
0000c0ac     302 (0000c080)     _Ld
0000c0ae     302 (0000c080)     _Rs
0000c0b0     302 (0000c080)     _Wc_spd
0000c0b2     302 (0000c080)     _Wc_cc
0000c0b4     302 (0000c080)     _SpeedCmdRpm
0000c0b6     302 (0000c080)     _Icmd_target
0000c0b8     302 (0000c080)     _Kp_q_cc
0000c0ba     302 (0000c080)     _Kp_d_cc
0000c0bc     302 (0000c080)     _Ki_q_cc
0000c0be     302 (0000c080)     _Ki_d_cc

0000c0c0     303 (0000c0c0)     _SpeedEstHallOld
0000c0c2     303 (0000c0c0)     _AccSpdEstHall
0000c0c4     303 (0000c0c0)     _Fc_SpdEstHall
0000c0c6     303 (0000c0c0)     _SpeedEstHall_m
0000c0c8     303 (0000c0c0)     _ETheta_old
0000c0ca     303 (0000c0c0)     _Ki_EstHall
0000c0cc     303 (0000c0c0)     _SpeedEstHallRpm
0000c0ce     303 (0000c0c0)     _SpeedEstHall
0000c0d0     303 (0000c0c0)     _fVF_freq
0000c0d2     303 (0000c0c0)     _Tsampsc
0000c0d4     303 (0000c0c0)     _fVF_freq_slope
0000c0d6     303 (0000c0c0)     _fVF_freq_set
0000c0d8     303 (0000c0c0)     _Sin_Theta
0000c0da     303 (0000c0c0)     _Vdc
0000c0dc     303 (0000c0c0)     _Tsampcc
0000c0de     303 (0000c0c0)     _DifferenceHE
0000c0e0     303 (0000c0c0)     _HTheta
0000c0e2     303 (0000c0c0)     _da4_data
0000c0e4     303 (0000c0c0)     _da4_mid
0000c0e6     303 (0000c0c0)     _da4_val
0000c0e8     303 (0000c0c0)     _EThetaM
0000c0ea     303 (0000c0c0)     _Theta
0000c0ec     303 (0000c0c0)     _HTheta_D1
0000c0ee     303 (0000c0c0)     _ETheta
0000c0f0     303 (0000c0c0)     _HTheta_D0
0000c0f2     303 (0000c0c0)     _fIw
0000c0f4     303 (0000c0c0)     _fIv
0000c0f6     303 (0000c0c0)     _fCommand
0000c0f8     303 (0000c0c0)     _fVdc
0000c0fa     303 (0000c0c0)     _da1_rng
0000c0fc     303 (0000c0c0)     _da4_rng
0000c0fe     303 (0000c0c0)     _da4_scale

0000c100     304 (0000c100)     _da3_data
0000c102     304 (0000c100)     _da3_mid
0000c104     304 (0000c100)     _fIu
0000c106     304 (0000c100)     _DAC_scale
0000c108     304 (0000c100)     _IntegrationEstHall
0000c10a     304 (0000c100)     _ThetaEstHallError
0000c10c     304 (0000c100)     _ThetaEstH
0000c10e     304 (0000c100)     _ThetaEstHall
0000c110     304 (0000c100)     _SpeedCmdRpm1
0000c112     304 (0000c100)     _Cos_Theta
0000c114     304 (0000c100)     _Kp_sc
0000c116     304 (0000c100)     _Integ_spd
0000c118     304 (0000c100)     _Ki_sc
0000c11a     304 (0000c100)     _ThetaM
0000c11c     304 (0000c100)     _Theta_old
0000c11e     304 (0000c100)     _Ireale
0000c122     304 (0000c100)     _Icmde
0000c126     304 (0000c100)     _Vcmde
0000c12a     304 (0000c100)     _Vcmds
0000c12e     304 (0000c100)     _Ireals
0000c132     304 (0000c100)     _Vcmdn
0000c138     304 (0000c100)     _Vcmd

0000c140     305 (0000c140)     _Ireal

0000c180     306 (0000c180)     _LPF1

0000c24e     309 (0000c240)     _rx_buff
0000c250     309 (0000c240)     _Vcmda
0000c252     309 (0000c240)     _fTest
0000c254     309 (0000c240)     _test
0000c256     309 (0000c240)     _sci_regs_ptr
0000c258     309 (0000c240)     __unlock
0000c25a     309 (0000c240)     __lock
0000c25c     309 (0000c240)     ___TI_cleanup_ptr
0000c25e     309 (0000c240)     ___TI_dtors_ptr
0000c260     309 (0000c240)     _WaitFlag

0000c280     30a (0000c280)     _debug_state
0000c281     30a (0000c280)     _debug_cnt
0000c282     30a (0000c280)     _debug_sum
0000c283     30a (0000c280)     _debug_sum_temp
0000c284     30a (0000c280)     _debug_wr_sum_flag
0000c285     30a (0000c280)     _debug_tx_end
0000c286     30a (0000c280)     _debug_wr_size
0000c287     30a (0000c280)     _debug_tx_pos
0000c288     30a (0000c280)     _debug_rd_addr
0000c28a     30a (0000c280)     _debug_rd_addr_tmp
0000c28c     30a (0000c280)     _debug_wr_addr
0000c28e     30a (0000c280)     _debug_wr_data

0000c2c0     30b (0000c2c0)     _debug_tx_buf

0000d000     340 (0000d000)     _PieVectTableInit

0033fff8    cfff (0033ffc0)     _CsmPwl


GLOBAL SYMBOLS: SORTED ALPHABETICALLY BY Name 

address    name
--------   ----
00000000   .text
0000266b   C$$EXIT
0000236f   FS$$DIV
000025de   L$$DIV
000025ed   L$$MOD
000026a4   U$$DIV
000026a9   U$$MOD
000025fb   UL$$DIV
00002602   UL$$MOD
00001d31   _ADCINT_ISR
00380080   _ADC_cal
0000c025   _AD_Command
0000c005   _AD_Iu
0000c006   _AD_Iv
0000c02b   _AD_Iw
0000c024   _AD_Vdc
0000c0c2   _AccSpdEstHall
00000b00   _AdcMirror
00007100   _AdcRegs
0000c048   _AdjAngle
0000c086   _AlphaCurr
0000c08a   _AlphaTheta
0000c090   _AlphaVdc
0000c028   _AngleControl
0000c07e   _AntiGain
0000c074   _AntiWindUp_Iqe
0000c06e   _AntiWindUp_Vde
0000c080   _AntiWindUp_Vqe
00002038   _BootStrap
000008f5   _CalculateSpeed
000008f6   _CalculateSpeedHall
00002582   _CheckAndRecvSerialData
0000c01c   _Comm_Speed
0000c01b   _Comm_Type
0000c112   _Cos_Theta
00000c00   _CpuTimer0Regs
00000c08   _CpuTimer1Regs
00000c10   _CpuTimer2Regs
0033fff8   _CsmPwl
00000ae0   _CsmRegs
00002292   _CsmUnlock
0000079b   _CurrentControl
0000c004   _CurrentOffsetCount
0000c015   _DAC_CH
0000c106   _DAC_scale
00001c4a   _DATALOG_ISR
00002133   _DA_OUT
00001e70   _DINTCH1_ISR
00001e7b   _DINTCH2_ISR
00001e86   _DINTCH3_ISR
00001e91   _DINTCH4_ISR
00001e9c   _DINTCH5_ISR
00001ea7   _DINTCH6_ISR
00008109   _DSP28x_usDelay
00000880   _DevEmuRegs
0000c0de   _DifferenceHE
000021e3   _DisableDog
00002056   _DisableXINT1
00002060   _DisableXINT2
00001000   _DmaRegs
0000c023   _DutyA
0000c021   _DutyB
0000c022   _DutyC
00001f0a   _ECAN0INTA_ISR
00001f20   _ECAN0INTB_ISR
00001f15   _ECAN1INTA_ISR
00001f2b   _ECAN1INTB_ISR
00001dd6   _ECAP1_INT_ISR
00001de1   _ECAP2_INT_ISR
00001dec   _ECAP3_INT_ISR
00001df7   _ECAP4_INT_ISR
00001e02   _ECAP5_INT_ISR
00001e0d   _ECAP6_INT_ISR
00006040   _ECanaLAMRegs
000060c0   _ECanaMOTORegs
00006080   _ECanaMOTSRegs
00006100   _ECanaMboxes
00006000   _ECanaRegs
00006240   _ECanbLAMRegs
000062c0   _ECanbMOTORegs
00006280   _ECanbMOTSRegs
00006300   _ECanbMboxes
00006200   _ECanbRegs
00006a00   _ECap1Regs
00006a20   _ECap2Regs
00006a40   _ECap3Regs
00006a60   _ECap4Regs
00006a80   _ECap5Regs
00006aa0   _ECap6Regs
00001c60   _EMUINT_ISR
00001d94   _EPWM1_INT_ISR
00001d52   _EPWM1_TZINT_ISR
00001d9f   _EPWM2_INT_ISR
00001d5d   _EPWM2_TZINT_ISR
00001daa   _EPWM3_INT_ISR
00001d68   _EPWM3_TZINT_ISR
00001db5   _EPWM4_INT_ISR
00001d73   _EPWM4_TZINT_ISR
00001dc0   _EPWM5_INT_ISR
00001d7e   _EPWM5_TZINT_ISR
00001dcb   _EPWM6_INT_ISR
00001d89   _EPWM6_TZINT_ISR
00006800   _EPwm1Regs
00006840   _EPwm2Regs
00006880   _EPwm3Regs
000068c0   _EPwm4Regs
00006900   _EPwm5Regs
00006940   _EPwm6Regs
00001e18   _EQEP1_INT_ISR
00001e23   _EQEP2_INT_ISR
00006b00   _EQep1Regs
00006b40   _EQep2Regs
0000c0ee   _ETheta
0000c0e8   _EThetaM
0000c0c8   _ETheta_old
00002627   _EnableInterrupts
00002051   _EnableXINT1
0000205b   _EnableXINT2
000008f4   _EstimateCurrent
000008f7   _EstimateThetaHall
0000c0c4   _Fc_SpdEstHall
00000a80   _FlashRegs
000008f3   _ForcedAlign
0000137f   _GainUpdate
0000201f   _GateOff
00006f80   _GpioCtrlRegs
00006fc0   _GpioDataRegs
00006fe0   _GpioIntRegs
000018b1   _Gpio_select
0000c0e0   _HTheta
0000c0f0   _HTheta_D0
0000c0ec   _HTheta_D1
0000c00c   _HallSignal
0000c013   _HallSignalM
00001eb2   _I2CINT1A_ISR
00001ebd   _I2CINT2A_ISR
00007900   _I2caRegs
00001c76   _ILLEGAL_ISR
00001c34   _INT13_ISR
00001c3f   _INT14_ISR
0000c011   _IPM_FaultCount
0000c010   _IPM_FaultFlag
0000c00a   _IPM_Status
0000c092   _I_invOld
0000c088   _I_invf
0000c0b6   _Icmd_target
0000c122   _Icmde
0000c036   _Id
0000c094   _Id_Old
0000c09e   _Idf
00002684   _InitAdc
00001c12   _InitECAP1
00001c23   _InitECAP2
000019a8   _InitEPWM
0000c012   _InitFlag
000080ee   _InitFlash
00002237   _InitPeripheralClocks
00002608   _InitPieCtrl
00002630   _InitPieVectTable
000021eb   _InitPll
00001856   _InitQEP
00001998   _InitSPI_DAC
000021d0   _InitSysCtrl
00000f8f   _InitVariable
00001860   _InitXINT1
00001886   _InitXINT2
0000c0a6   _Integ_d
0000c0a4   _Integ_q
0000c116   _Integ_spd
0000c108   _IntegrationEstHall
0000c042   _Iq
0000c072   _Iq_Old
0000c070   _Iqf
0000c140   _Ireal
0000c003   _Ireal_FaultCount
0000c11e   _Ireale
0000c12e   _Ireals
00000b2a   _Is_SVPWM
00000dcd   _Is_Theta_Cal
00000c60   _Is_abc2dqs
00000cc9   _Is_dqe2dqs
00000d9f   _Is_dqs2abc
00000c96   _Is_dqs2dqe
0000c008   _Iu
0000c002   _Iu_offset
0000c009   _Iv
0000c000   _Iv_offset
0000c007   _Iw
0000c001   _Iw_offset
0000c0a0   _Ke
0000c0ca   _Ki_EstHall
0000c0be   _Ki_d_cc
0000c0bc   _Ki_q_cc
0000c118   _Ki_sc
0000c0ba   _Kp_d_cc
0000c0b8   _Kp_q_cc
0000c114   _Kp_sc
0000c180   _LPF1
00001f78   _LUF_ISR
00001f6d   _LVF_ISR
0000c0ac   _Ld
00002065   _LedControl
00000f4c   _LedTest
0000c056   _Low_fvdc
0000c0a2   _Lq
00001e5a   _MRINTA_ISR
00001e44   _MRINTB_ISR
00001e65   _MXINTA_ISR
00001e4f   _MXINTB_ISR
00005000   _McbspaRegs
00005040   _McbspbRegs
00000f78   _MemCopy
0000c01d   _Motor_Add
00001c6b   _NMI_ISR
00000dcc   _OpenLoopStart
000020f7   _OutputDAC
00001f83   _PIE_RESERVED
000020e7   _PWMControl
0000c017   _P_Status
00000ce0   _PieCtrlRegs
00000d00   _PieVectTable
0000d000   _PieVectTableInit
0000c01e   _PulseRPM
0000c084   _PulseRef
00001c55   _RTOSINT_ISR
0000096b   _ReadEncoder
0000096c   _ReadHallSensor
000020da   _RelayControl
0000c0ae   _Rs
00001f99   _RunECAP1Timer
00001f9e   _RunECAP2Timer
00001ede   _SCIRXINTA_ISR
00001ef4   _SCIRXINTB_ISR
00001ec8   _SCIRXINTC_ISR
00001ee9   _SCITXINTA_ISR
00001eff   _SCITXINTB_ISR
00001ed3   _SCITXINTC_ISR
00001d05   _SEQ1INT_ISR
00001d10   _SEQ2INT_ISR
00001e2e   _SPIRXINTA_ISR
00001e39   _SPITXINTA_ISR
00002433   _SciInit
000024dd   _SciRxIsrHandler
00002415   _SciRxIsrSet
000023f7   _SciRxSet
0000250d   _SciTxIsrHandler
00002424   _SciTxIsrSet
00002406   _SciTxSet
00007050   _SciaRegs
00007750   _ScibRegs
00007770   _ScicRegs
000024d3   _SerialGetByte
000024b9   _SerialInit
000024ca   _SerialPutByte
0000246f   _SerialReceiveMode
00002550   _SerialReceive_Cb
0000253d   _SerialTransmit
00002494   _SerialTransmitMode
00002568   _SerialTransmit_Cb
000021d9   _ServiceDog
00001fa3   _SetCaptureHall
0000181e   _SetupADC
0000c0d8   _Sin_Theta
0000c0b4   _SpeedCmdRpm
0000c110   _SpeedCmdRpm1
00000740   _SpeedControl
0000c01f   _SpeedDown
0000c0ce   _SpeedEstHall
0000c0c0   _SpeedEstHallOld
0000c0cc   _SpeedEstHallRpm
0000c0c6   _SpeedEstHall_m
00007040   _SpiaRegs
00007010   _SysCtrlRegs
00001d3c   _TINT0_ISR
0000c0ea   _Theta
0000c10c   _ThetaEstH
0000c10e   _ThetaEstHall
0000c10a   _ThetaEstHallError
0000c11a   _ThetaM
0000c00f   _ThetaMQ15
0000c00e   _ThetaQ15
0000c06c   _Theta_Old
0000c11c   _Theta_old
0000c06a   _Thetaf
0000c0dc   _Tsampcc
0000c0d2   _Tsampsc
00001ce4   _USER10_ISR
00001cef   _USER11_ISR
00001cfa   _USER12_ISR
00001c81   _USER1_ISR
00001c8c   _USER2_ISR
00001c97   _USER3_ISR
00001ca2   _USER4_ISR
00001cad   _USER5_ISR
00001cb8   _USER6_ISR
00001cc3   _USER7_ISR
00001cce   _USER8_ISR
00001cd9   _USER9_ISR
0000c138   _Vcmd
0000c250   _Vcmda
0000c126   _Vcmde
0000c132   _Vcmdn
0000c12a   _Vcmds
0000c046   _Vd
0000c0da   _Vdc
0000c03c   _Vq
0000c060   _Vset
0000c05e   _Vslope
00001d47   _WAKEINT_ISR
0000c260   _WaitFlag
0000c0b2   _Wc_cc
0000c0b0   _Wc_spd
00001d1b   _XINT1_ISR
00001d26   _XINT2_ISR
00001f36   _XINT3_ISR
00001f41   _XINT4_ISR
00001f4c   _XINT5_ISR
00001f57   _XINT6_ISR
00001f62   _XINT7_ISR
00007070   _XIntruptRegs
00000b20   _XintfRegs
00000700   __STACK_END
00000300   __STACK_SIZE
00000001   __TI_args_main
0000c25c   ___TI_cleanup_ptr
0000c25e   ___TI_dtors_ptr
ffffffff   ___binit__
ffffffff   ___c_args__
00008000   ___cinit__
000026c0   ___etext__
ffffffff   ___pinit__
00000000   ___text__
00002652   __args_main
0000c25a   __lock
000026b7   __nop
000026b3   __register_lock
000026af   __register_unlock
00000400   __stack
0000c258   __unlock
0000c078   _a
0000c026   _aaa
0000266b   _abort
000002d5   _adc_isr
000013f2   _asc2hex
0000c07a   _b
0000c027   _bbb
00002598   _c_int00
0000c020   _ccc
0000c00d   _count
0000c029   _count_pwm
0000c02a   _count_start
0000c032   _da1
0000c05a   _da1_data
0000c05c   _da1_mid
0000c0fa   _da1_rng
0000c09a   _da1_scale
0000c031   _da1_type
0000c09c   _da1_val
0000c02c   _da2
0000c064   _da2_data
0000c04e   _da2_mid
0000c066   _da2_rng
0000c068   _da2_scale
0000c02d   _da2_type
0000c062   _da2_val
0000c02f   _da3
0000c100   _da3_data
0000c102   _da3_mid
0000c050   _da3_rng
0000c04a   _da3_scale
0000c02e   _da3_type
0000c04c   _da3_val
0000c033   _da4
0000c0e2   _da4_data
0000c0e4   _da4_mid
0000c0fc   _da4_rng
0000c0fe   _da4_scale
0000c030   _da4_type
0000c0e6   _da4_val
0000c019   _ddd
0000c281   _debug_cnt
0000c288   _debug_rd_addr
0000c28a   _debug_rd_addr_tmp
0000c280   _debug_state
0000c282   _debug_sum
0000c283   _debug_sum_temp
0000c2c0   _debug_tx_buf
0000c285   _debug_tx_end
0000c287   _debug_tx_pos
0000c28c   _debug_wr_addr
0000c28e   _debug_wr_data
0000c286   _debug_wr_size
0000c284   _debug_wr_sum_flag
0000c01a   _eee
000002c0   _epwm1_timer_isr
0000266d   _exit
0000c0f6   _fCommand
0000c104   _fIu
0000c0f4   _fIv
0000c0f2   _fIw
0000c252   _fTest
0000c0d0   _fVF_freq
0000c0aa   _fVF_freq_rad
0000c0d6   _fVF_freq_set
0000c0d4   _fVF_freq_slope
0000c0a8   _fVF_theta
0000c0f8   _fVdc
0000c052   _fVdcf
0000c054   _fVdcfOld
0000c018   _fff
00001414   _hex2asc
0000c03a   _kbl1
0000c040   _kbl2
0000c03e   _kbl3
0000c08e   _kbl4
0000c08c   _lI_inv
0000c096   _lId
0000c098   _lIq
0000c076   _lTheta
0000c058   _lfVdc
00000e76   _main
00002698   _memset
0000c016   _nDir
0000c00b   _op_mode
0000c014   _qep_count
00001f8e   _rsvd_ISR
0000c24e   _rx_buff
000017d5   _sci_debug_init
0000c256   _sci_regs_ptr
000022f4   _scia_rx_isr
000022c4   _scia_tx_isr
0000c038   _speed_e
0000c044   _speed_m
0000c034   _speed_rpm
00001510   _state0_proc
0000165a   _state1_proc
0000167a   _state2_proc
000016e4   _state3_proc
000016fd   _state4_proc
00001720   _state5_proc
0000174e   _state6_proc
00001769   _state7_proc
0000c254   _test
0000c082   _test_rx
0000c07c   _test_tx
0000143c   _write_txbuf_asc
0000144e   _write_txbuf_byte
000014a6   _write_txbuf_long
00001423   _write_txbuf_string
0000146e   _write_txbuf_word
00000000   _xint1_isr
000002b3   _xint2_isr
ffffffff   binit
00008000   cinit
00000000   code_start
000026c0   etext
ffffffff   pinit


GLOBAL SYMBOLS: SORTED BY Symbol Address 

address    name
--------   ----
00000000   .text
00000000   ___text__
00000000   _xint1_isr
00000000   code_start
00000001   __TI_args_main
000002b3   _xint2_isr
000002c0   _epwm1_timer_isr
000002d5   _adc_isr
00000300   __STACK_SIZE
00000400   __stack
00000700   __STACK_END
00000740   _SpeedControl
0000079b   _CurrentControl
00000880   _DevEmuRegs
000008f3   _ForcedAlign
000008f4   _EstimateCurrent
000008f5   _CalculateSpeed
000008f6   _CalculateSpeedHall
000008f7   _EstimateThetaHall
0000096b   _ReadEncoder
0000096c   _ReadHallSensor
00000a80   _FlashRegs
00000ae0   _CsmRegs
00000b00   _AdcMirror
00000b20   _XintfRegs
00000b2a   _Is_SVPWM
00000c00   _CpuTimer0Regs
00000c08   _CpuTimer1Regs
00000c10   _CpuTimer2Regs
00000c60   _Is_abc2dqs
00000c96   _Is_dqs2dqe
00000cc9   _Is_dqe2dqs
00000ce0   _PieCtrlRegs
00000d00   _PieVectTable
00000d9f   _Is_dqs2abc
00000dcc   _OpenLoopStart
00000dcd   _Is_Theta_Cal
00000e76   _main
00000f4c   _LedTest
00000f78   _MemCopy
00000f8f   _InitVariable
00001000   _DmaRegs
0000137f   _GainUpdate
000013f2   _asc2hex
00001414   _hex2asc
00001423   _write_txbuf_string
0000143c   _write_txbuf_asc
0000144e   _write_txbuf_byte
0000146e   _write_txbuf_word
000014a6   _write_txbuf_long
00001510   _state0_proc
0000165a   _state1_proc
0000167a   _state2_proc
000016e4   _state3_proc
000016fd   _state4_proc
00001720   _state5_proc
0000174e   _state6_proc
00001769   _state7_proc
000017d5   _sci_debug_init
0000181e   _SetupADC
00001856   _InitQEP
00001860   _InitXINT1
00001886   _InitXINT2
000018b1   _Gpio_select
00001998   _InitSPI_DAC
000019a8   _InitEPWM
00001c12   _InitECAP1
00001c23   _InitECAP2
00001c34   _INT13_ISR
00001c3f   _INT14_ISR
00001c4a   _DATALOG_ISR
00001c55   _RTOSINT_ISR
00001c60   _EMUINT_ISR
00001c6b   _NMI_ISR
00001c76   _ILLEGAL_ISR
00001c81   _USER1_ISR
00001c8c   _USER2_ISR
00001c97   _USER3_ISR
00001ca2   _USER4_ISR
00001cad   _USER5_ISR
00001cb8   _USER6_ISR
00001cc3   _USER7_ISR
00001cce   _USER8_ISR
00001cd9   _USER9_ISR
00001ce4   _USER10_ISR
00001cef   _USER11_ISR
00001cfa   _USER12_ISR
00001d05   _SEQ1INT_ISR
00001d10   _SEQ2INT_ISR
00001d1b   _XINT1_ISR
00001d26   _XINT2_ISR
00001d31   _ADCINT_ISR
00001d3c   _TINT0_ISR
00001d47   _WAKEINT_ISR
00001d52   _EPWM1_TZINT_ISR
00001d5d   _EPWM2_TZINT_ISR
00001d68   _EPWM3_TZINT_ISR
00001d73   _EPWM4_TZINT_ISR
00001d7e   _EPWM5_TZINT_ISR
00001d89   _EPWM6_TZINT_ISR
00001d94   _EPWM1_INT_ISR
00001d9f   _EPWM2_INT_ISR
00001daa   _EPWM3_INT_ISR
00001db5   _EPWM4_INT_ISR
00001dc0   _EPWM5_INT_ISR
00001dcb   _EPWM6_INT_ISR
00001dd6   _ECAP1_INT_ISR
00001de1   _ECAP2_INT_ISR
00001dec   _ECAP3_INT_ISR
00001df7   _ECAP4_INT_ISR
00001e02   _ECAP5_INT_ISR
00001e0d   _ECAP6_INT_ISR
00001e18   _EQEP1_INT_ISR
00001e23   _EQEP2_INT_ISR
00001e2e   _SPIRXINTA_ISR
00001e39   _SPITXINTA_ISR
00001e44   _MRINTB_ISR
00001e4f   _MXINTB_ISR
00001e5a   _MRINTA_ISR
00001e65   _MXINTA_ISR
00001e70   _DINTCH1_ISR
00001e7b   _DINTCH2_ISR
00001e86   _DINTCH3_ISR
00001e91   _DINTCH4_ISR
00001e9c   _DINTCH5_ISR
00001ea7   _DINTCH6_ISR
00001eb2   _I2CINT1A_ISR
00001ebd   _I2CINT2A_ISR
00001ec8   _SCIRXINTC_ISR
00001ed3   _SCITXINTC_ISR
00001ede   _SCIRXINTA_ISR
00001ee9   _SCITXINTA_ISR
00001ef4   _SCIRXINTB_ISR
00001eff   _SCITXINTB_ISR
00001f0a   _ECAN0INTA_ISR
00001f15   _ECAN1INTA_ISR
00001f20   _ECAN0INTB_ISR
00001f2b   _ECAN1INTB_ISR
00001f36   _XINT3_ISR
00001f41   _XINT4_ISR
00001f4c   _XINT5_ISR
00001f57   _XINT6_ISR
00001f62   _XINT7_ISR
00001f6d   _LVF_ISR
00001f78   _LUF_ISR
00001f83   _PIE_RESERVED
00001f8e   _rsvd_ISR
00001f99   _RunECAP1Timer
00001f9e   _RunECAP2Timer
00001fa3   _SetCaptureHall
0000201f   _GateOff
00002038   _BootStrap
00002051   _EnableXINT1
00002056   _DisableXINT1
0000205b   _EnableXINT2
00002060   _DisableXINT2
00002065   _LedControl
000020da   _RelayControl
000020e7   _PWMControl
000020f7   _OutputDAC
00002133   _DA_OUT
000021d0   _InitSysCtrl
000021d9   _ServiceDog
000021e3   _DisableDog
000021eb   _InitPll
00002237   _InitPeripheralClocks
00002292   _CsmUnlock
000022c4   _scia_tx_isr
000022f4   _scia_rx_isr
0000236f   FS$$DIV
000023f7   _SciRxSet
00002406   _SciTxSet
00002415   _SciRxIsrSet
00002424   _SciTxIsrSet
00002433   _SciInit
0000246f   _SerialReceiveMode
00002494   _SerialTransmitMode
000024b9   _SerialInit
000024ca   _SerialPutByte
000024d3   _SerialGetByte
000024dd   _SciRxIsrHandler
0000250d   _SciTxIsrHandler
0000253d   _SerialTransmit
00002550   _SerialReceive_Cb
00002568   _SerialTransmit_Cb
00002582   _CheckAndRecvSerialData
00002598   _c_int00
000025de   L$$DIV
000025ed   L$$MOD
000025fb   UL$$DIV
00002602   UL$$MOD
00002608   _InitPieCtrl
00002627   _EnableInterrupts
00002630   _InitPieVectTable
00002652   __args_main
0000266b   C$$EXIT
0000266b   _abort
0000266d   _exit
00002684   _InitAdc
00002698   _memset
000026a4   U$$DIV
000026a9   U$$MOD
000026af   __register_unlock
000026b3   __register_lock
000026b7   __nop
000026c0   ___etext__
000026c0   etext
00005000   _McbspaRegs
00005040   _McbspbRegs
00006000   _ECanaRegs
00006040   _ECanaLAMRegs
00006080   _ECanaMOTSRegs
000060c0   _ECanaMOTORegs
00006100   _ECanaMboxes
00006200   _ECanbRegs
00006240   _ECanbLAMRegs
00006280   _ECanbMOTSRegs
000062c0   _ECanbMOTORegs
00006300   _ECanbMboxes
00006800   _EPwm1Regs
00006840   _EPwm2Regs
00006880   _EPwm3Regs
000068c0   _EPwm4Regs
00006900   _EPwm5Regs
00006940   _EPwm6Regs
00006a00   _ECap1Regs
00006a20   _ECap2Regs
00006a40   _ECap3Regs
00006a60   _ECap4Regs
00006a80   _ECap5Regs
00006aa0   _ECap6Regs
00006b00   _EQep1Regs
00006b40   _EQep2Regs
00006f80   _GpioCtrlRegs
00006fc0   _GpioDataRegs
00006fe0   _GpioIntRegs
00007010   _SysCtrlRegs
00007040   _SpiaRegs
00007050   _SciaRegs
00007070   _XIntruptRegs
00007100   _AdcRegs
00007750   _ScibRegs
00007770   _ScicRegs
00007900   _I2caRegs
00008000   ___cinit__
00008000   cinit
000080ee   _InitFlash
00008109   _DSP28x_usDelay
0000c000   _Iv_offset
0000c001   _Iw_offset
0000c002   _Iu_offset
0000c003   _Ireal_FaultCount
0000c004   _CurrentOffsetCount
0000c005   _AD_Iu
0000c006   _AD_Iv
0000c007   _Iw
0000c008   _Iu
0000c009   _Iv
0000c00a   _IPM_Status
0000c00b   _op_mode
0000c00c   _HallSignal
0000c00d   _count
0000c00e   _ThetaQ15
0000c00f   _ThetaMQ15
0000c010   _IPM_FaultFlag
0000c011   _IPM_FaultCount
0000c012   _InitFlag
0000c013   _HallSignalM
0000c014   _qep_count
0000c015   _DAC_CH
0000c016   _nDir
0000c017   _P_Status
0000c018   _fff
0000c019   _ddd
0000c01a   _eee
0000c01b   _Comm_Type
0000c01c   _Comm_Speed
0000c01d   _Motor_Add
0000c01e   _PulseRPM
0000c01f   _SpeedDown
0000c020   _ccc
0000c021   _DutyB
0000c022   _DutyC
0000c023   _DutyA
0000c024   _AD_Vdc
0000c025   _AD_Command
0000c026   _aaa
0000c027   _bbb
0000c028   _AngleControl
0000c029   _count_pwm
0000c02a   _count_start
0000c02b   _AD_Iw
0000c02c   _da2
0000c02d   _da2_type
0000c02e   _da3_type
0000c02f   _da3
0000c030   _da4_type
0000c031   _da1_type
0000c032   _da1
0000c033   _da4
0000c034   _speed_rpm
0000c036   _Id
0000c038   _speed_e
0000c03a   _kbl1
0000c03c   _Vq
0000c03e   _kbl3
0000c040   _kbl2
0000c042   _Iq
0000c044   _speed_m
0000c046   _Vd
0000c048   _AdjAngle
0000c04a   _da3_scale
0000c04c   _da3_val
0000c04e   _da2_mid
0000c050   _da3_rng
0000c052   _fVdcf
0000c054   _fVdcfOld
0000c056   _Low_fvdc
0000c058   _lfVdc
0000c05a   _da1_data
0000c05c   _da1_mid
0000c05e   _Vslope
0000c060   _Vset
0000c062   _da2_val
0000c064   _da2_data
0000c066   _da2_rng
0000c068   _da2_scale
0000c06a   _Thetaf
0000c06c   _Theta_Old
0000c06e   _AntiWindUp_Vde
0000c070   _Iqf
0000c072   _Iq_Old
0000c074   _AntiWindUp_Iqe
0000c076   _lTheta
0000c078   _a
0000c07a   _b
0000c07c   _test_tx
0000c07e   _AntiGain
0000c080   _AntiWindUp_Vqe
0000c082   _test_rx
0000c084   _PulseRef
0000c086   _AlphaCurr
0000c088   _I_invf
0000c08a   _AlphaTheta
0000c08c   _lI_inv
0000c08e   _kbl4
0000c090   _AlphaVdc
0000c092   _I_invOld
0000c094   _Id_Old
0000c096   _lId
0000c098   _lIq
0000c09a   _da1_scale
0000c09c   _da1_val
0000c09e   _Idf
0000c0a0   _Ke
0000c0a2   _Lq
0000c0a4   _Integ_q
0000c0a6   _Integ_d
0000c0a8   _fVF_theta
0000c0aa   _fVF_freq_rad
0000c0ac   _Ld
0000c0ae   _Rs
0000c0b0   _Wc_spd
0000c0b2   _Wc_cc
0000c0b4   _SpeedCmdRpm
0000c0b6   _Icmd_target
0000c0b8   _Kp_q_cc
0000c0ba   _Kp_d_cc
0000c0bc   _Ki_q_cc
0000c0be   _Ki_d_cc
0000c0c0   _SpeedEstHallOld
0000c0c2   _AccSpdEstHall
0000c0c4   _Fc_SpdEstHall
0000c0c6   _SpeedEstHall_m
0000c0c8   _ETheta_old
0000c0ca   _Ki_EstHall
0000c0cc   _SpeedEstHallRpm
0000c0ce   _SpeedEstHall
0000c0d0   _fVF_freq
0000c0d2   _Tsampsc
0000c0d4   _fVF_freq_slope
0000c0d6   _fVF_freq_set
0000c0d8   _Sin_Theta
0000c0da   _Vdc
0000c0dc   _Tsampcc
0000c0de   _DifferenceHE
0000c0e0   _HTheta
0000c0e2   _da4_data
0000c0e4   _da4_mid
0000c0e6   _da4_val
0000c0e8   _EThetaM
0000c0ea   _Theta
0000c0ec   _HTheta_D1
0000c0ee   _ETheta
0000c0f0   _HTheta_D0
0000c0f2   _fIw
0000c0f4   _fIv
0000c0f6   _fCommand
0000c0f8   _fVdc
0000c0fa   _da1_rng
0000c0fc   _da4_rng
0000c0fe   _da4_scale
0000c100   _da3_data
0000c102   _da3_mid
0000c104   _fIu
0000c106   _DAC_scale
0000c108   _IntegrationEstHall
0000c10a   _ThetaEstHallError
0000c10c   _ThetaEstH
0000c10e   _ThetaEstHall
0000c110   _SpeedCmdRpm1
0000c112   _Cos_Theta
0000c114   _Kp_sc
0000c116   _Integ_spd
0000c118   _Ki_sc
0000c11a   _ThetaM
0000c11c   _Theta_old
0000c11e   _Ireale
0000c122   _Icmde
0000c126   _Vcmde
0000c12a   _Vcmds
0000c12e   _Ireals
0000c132   _Vcmdn
0000c138   _Vcmd
0000c140   _Ireal
0000c180   _LPF1
0000c24e   _rx_buff
0000c250   _Vcmda
0000c252   _fTest
0000c254   _test
0000c256   _sci_regs_ptr
0000c258   __unlock
0000c25a   __lock
0000c25c   ___TI_cleanup_ptr
0000c25e   ___TI_dtors_ptr
0000c260   _WaitFlag
0000c280   _debug_state
0000c281   _debug_cnt
0000c282   _debug_sum
0000c283   _debug_sum_temp
0000c284   _debug_wr_sum_flag
0000c285   _debug_tx_end
0000c286   _debug_wr_size
0000c287   _debug_tx_pos
0000c288   _debug_rd_addr
0000c28a   _debug_rd_addr_tmp
0000c28c   _debug_wr_addr
0000c28e   _debug_wr_data
0000c2c0   _debug_tx_buf
0000d000   _PieVectTableInit
0033fff8   _CsmPwl
00380080   _ADC_cal
ffffffff   ___binit__
ffffffff   ___c_args__
ffffffff   ___pinit__
ffffffff   binit
ffffffff   pinit

[457 symbols]
