******************************************************************************
             TMS320C2000 Linker PC v6.2.0                      
******************************************************************************
>> Linked Wed May 27 10:28:22 2015

OUTPUT FILE NAME:   <BLDC_0_final_20kHz_final.out>
ENTRY POINT SYMBOL: "_c_int00"  address: 00001e02


MEMORY CONFIGURATION

         name            origin    length      used     unused   attr    fill
----------------------  --------  ---------  --------  --------  ----  --------
PAGE 0:
  BEGIN                 00000000   00000002  00000002  00000000  RWIX
  BOOT_RSVD             00000002   0000004e  00000000  0000004e  RWIX
  RAMM0                 00000050   000003b0  00000000  000003b0  RWIX
  ZONE0                 00004000   00001000  00000000  00001000  RWIX
  RAML0                 00008000   00001000  0000010f  00000ef1  RWIX
  RAML0                 00008000   00001000  00000000  00001000  RWIX
  RAML1                 00009000   00001000  00000000  00001000  RWIX
  RAML1                 00009000   00003000  00000000  00003000  RWIX
  RAML2                 0000a000   00001000  00000000  00001000  RWIX
  RAML3                 0000b000   00001000  00000000  00001000  RWIX
  ZONE6                 00100000   00100000  00000000  00100000  RWIX
  ZONE7A                00200000   0000fc00  00000000  0000fc00  RWIX
  ZONE7A                00200000   0000fc00  00000000  0000fc00  RWIX
  FLASHH                00300000   00008000  00000000  00008000  RWIX
  FLASHG                00308000   00008000  00000000  00008000  RWIX
  FLASHF                00310000   00008000  00000000  00008000  RWIX
  FLASHE                00318000   00008000  00000000  00008000  RWIX
  FLASHD                00320000   00008000  00000000  00008000  RWIX
  FLASHC                00328000   00008000  00000000  00008000  RWIX
  FLASHA                00338000   00007f80  00000000  00007f80  RWIX
  CSM_RSVD              0033ff80   00000076  00000000  00000076  RWIX
  CSM_RSVD              0033ff80   00000076  00000000  00000076  RWIX
  BEGIN                 0033fff6   00000002  00000000  00000002  RWIX
  CSM_PWL               0033fff8   00000008  00000000  00000008  RWIX
  CSM_PWL               0033fff8   00000008  00000000  00000008  RWIX
  ADC_CAL               00380080   00000009  00000007  00000002  RWIX
  ADC_CAL               00380080   00000009  00000000  00000009  RWIX
  OTP                   00380400   00000400  00000000  00000400  RWIX
  IQTABLES              003fe000   00000b50  00000000  00000b50  RWIX
  IQTABLES              003fe000   00000b50  00000000  00000b50  RWIX
  IQTABLES2             003feb50   0000008c  00000000  0000008c  RWIX
  IQTABLES2             003feb50   0000008c  00000000  0000008c  RWIX
  FPUTABLES             003febdc   000006a0  00000000  000006a0  RWIX
  FPUTABLES             003febdc   000006a0  00000000  000006a0  RWIX
  ROM                   003ff27c   00000d44  00000000  00000d44  RWIX
  BOOTROM               003ff27c   00000d44  00000000  00000d44  RWIX
  RESET                 003fffc0   00000002  00000000  00000002  RWIX
  RESET                 003fffc0   00000002  00000000  00000002  RWIX
  VECTORS               003fffc2   0000003e  00000000  0000003e  RWIX

PAGE 1:
  BOOT_RSVD             00000000   00000050  00000000  00000050  RWIX
  RAMM0                 00000050   000003b0  00000000  000003b0  RWIX
  RAMM1                 00000400   00000400  00000300  00000100  RWIX
  RAMM1                 00000400   00000400  00000000  00000400  RWIX
  DEV_EMU               00000880   00000180  000000d0  000000b0  RWIX
  FLASH_REGS            00000a80   00000060  00000008  00000058  RWIX
  CSM                   00000ae0   00000010  00000010  00000000  RWIX
  ADC_MIRROR            00000b00   00000010  00000010  00000000  RWIX
  XINTF                 00000b20   00000020  0000001e  00000002  RWIX
  CPU_TIMER0            00000c00   00000008  00000008  00000000  RWIX
  CPU_TIMER1            00000c08   00000008  00000008  00000000  RWIX
  CPU_TIMER2            00000c10   00000008  00000008  00000000  RWIX
  PIE_CTRL              00000ce0   00000020  0000001a  00000006  RWIX
  PIE_VECT              00000d00   00000100  00000100  00000000  RWIX
  DMA                   00001000   00000200  000000e0  00000120  RWIX
  MCBSPA                00005000   00000040  00000025  0000001b  RWIX
  MCBSPB                00005040   00000040  00000025  0000001b  RWIX
  ECANA                 00006000   00000040  00000034  0000000c  RWIX
  ECANA_LAM             00006040   00000040  00000040  00000000  RWIX
  ECANA_MOTS            00006080   00000040  00000040  00000000  RWIX
  ECANA_MOTO            000060c0   00000040  00000040  00000000  RWIX
  ECANA_MBOX            00006100   00000100  00000100  00000000  RWIX
  ECANB                 00006200   00000040  00000034  0000000c  RWIX
  ECANB_LAM             00006240   00000040  00000040  00000000  RWIX
  ECANB_MOTS            00006280   00000040  00000040  00000000  RWIX
  ECANB_MOTO            000062c0   00000040  00000040  00000000  RWIX
  ECANB_MBOX            00006300   00000100  00000100  00000000  RWIX
  EPWM1                 00006800   00000022  00000022  00000000  RWIX
  EPWM2                 00006840   00000022  00000022  00000000  RWIX
  EPWM3                 00006880   00000022  00000022  00000000  RWIX
  EPWM4                 000068c0   00000022  00000022  00000000  RWIX
  EPWM5                 00006900   00000022  00000022  00000000  RWIX
  EPWM6                 00006940   00000022  00000022  00000000  RWIX
  ECAP1                 00006a00   00000020  00000020  00000000  RWIX
  ECAP2                 00006a20   00000020  00000020  00000000  RWIX
  ECAP3                 00006a40   00000020  00000020  00000000  RWIX
  ECAP4                 00006a60   00000020  00000020  00000000  RWIX
  ECAP5                 00006a80   00000020  00000020  00000000  RWIX
  ECAP6                 00006aa0   00000020  00000020  00000000  RWIX
  EQEP1                 00006b00   00000040  00000040  00000000  RWIX
  EQEP2                 00006b40   00000040  00000040  00000000  RWIX
  GPIOCTRL              00006f80   00000040  0000002e  00000012  RWIX
  GPIODAT               00006fc0   00000020  00000020  00000000  RWIX
  GPIOINT               00006fe0   00000020  0000000a  00000016  RWIX
  SYSTEM                00007010   00000020  00000020  00000000  RWIX
  SPIA                  00007040   00000010  00000010  00000000  RWIX
  SCIA                  00007050   00000010  00000010  00000000  RWIX
  XINTRUPT              00007070   00000010  00000010  00000000  RWIX
  ADC                   00007100   00000020  0000001e  00000002  RWIX
  SCIB                  00007750   00000010  00000010  00000000  RWIX
  SCIC                  00007770   00000010  00000010  00000000  RWIX
  I2CA                  00007900   00000040  00000022  0000001e  RWIX
  RAML4                 0000c000   00001000  000002f3  00000d0d  RWIX
  RAML4                 0000c000   00001000  00000000  00001000  RWIX
  RAML5                 0000d000   00001000  0000010a  00000ef6  RWIX
  RAML5                 0000d000   00001000  00000000  00001000  RWIX
  RAML6                 0000e000   00001000  00000000  00001000  RWIX
  RAML6                 0000e000   00001000  00000000  00001000  RWIX
  RAML7                 0000f000   00001000  00000000  00001000  RWIX
  RAML7                 0000f000   00001000  00000000  00001000  RWIX
  ZONE7B                0020fc00   00000400  00000000  00000400  RWIX
  ZONE7B                0020fc00   00000400  00000000  00000400  RWIX
  FLASHB                00330000   00008000  00000000  00008000  RWIX
  CSM_PWL               0033fff8   00000008  00000008  00000000  RWIX


SECTION ALLOCATION MAP

 output                                  attributes/
section   page    origin      length       input sections
--------  ----  ----------  ----------   ----------------
codestart 
*          0    00000000    00000002     
                  00000000    00000002     DSP2833x_CodeStartBranch.obj (codestart)

.text      0    00000000    00001f49     FAILED TO ALLOCATE
.pinit     0    00008000    00000000     UNINITIALIZED

.cinit     0    00338000    00000000     UNINITIALIZED

.pinit     0    00338000    00000000     UNINITIALIZED

.cinit     0    00008000    000000ee     
                  00008000    0000009b     <whole-program> (.cinit)
                  0000809b    0000002a     debug_283x.obj (.cinit)
                  000080c5    00000010     serial_api.obj (.cinit)
                  000080d5    0000000a     rts2800_fpu32.lib : exit.obj (.cinit)
                  000080df    00000009     portserial.obj (.cinit)
                  000080e8    00000004     main.obj (.cinit)
                  000080ec    00000002     --HOLE-- [fill = 0]

ramfuncs   0    00008000    00000000     UNINITIALIZED

ramfuncs   0    000080ee    00000021     
                  000080ee    0000001d     DSP2833x_SysCtrl.obj (ramfuncs)
                  0000810b    00000004     DSP2833x_usDelay.obj (ramfuncs)

csm_rsvd   0    0033ff80    00000000     DSECT

csmpasswds 
*          0    0033fff8    00000000     DSECT

.adc_cal   0    00380080    00000007     NOLOAD SECTION
                  00380080    00000007     DSP2833x_ADC_cal.obj (.adc_cal)

.reset     0    003fffc0    00000002     DSECT
                  003fffc0    00000002     rts2800_fpu32.lib : boot.obj (.reset)

.reset     0    003fffc0    00000000     DSECT

vectors    0    003fffc2    00000000     DSECT

.stack     1    00000400    00000300     UNINITIALIZED
                  00000400    00000300     --HOLE--

DevEmuRegsFile 
*          1    00000880    000000d0     UNINITIALIZED
                  00000880    000000d0     DSP2833x_GlobalVariableDefs.obj (DevEmuRegsFile)

FlashRegsFile 
*          1    00000a80    00000008     UNINITIALIZED
                  00000a80    00000008     DSP2833x_GlobalVariableDefs.obj (FlashRegsFile)

CsmRegsFile 
*          1    00000ae0    00000010     UNINITIALIZED
                  00000ae0    00000010     DSP2833x_GlobalVariableDefs.obj (CsmRegsFile)

AdcMirrorFile 
*          1    00000b00    00000010     UNINITIALIZED
                  00000b00    00000010     DSP2833x_GlobalVariableDefs.obj (AdcMirrorFile)

XintfRegsFile 
*          1    00000b20    0000001e     UNINITIALIZED
                  00000b20    0000001e     DSP2833x_GlobalVariableDefs.obj (XintfRegsFile)

CpuTimer0RegsFile 
*          1    00000c00    00000008     UNINITIALIZED
                  00000c00    00000008     DSP2833x_GlobalVariableDefs.obj (CpuTimer0RegsFile)

CpuTimer1RegsFile 
*          1    00000c08    00000008     UNINITIALIZED
                  00000c08    00000008     DSP2833x_GlobalVariableDefs.obj (CpuTimer1RegsFile)

CpuTimer2RegsFile 
*          1    00000c10    00000008     UNINITIALIZED
                  00000c10    00000008     DSP2833x_GlobalVariableDefs.obj (CpuTimer2RegsFile)

PieCtrlRegsFile 
*          1    00000ce0    0000001a     UNINITIALIZED
                  00000ce0    0000001a     DSP2833x_GlobalVariableDefs.obj (PieCtrlRegsFile)

PieVectTableFile 
*          1    00000d00    00000100     UNINITIALIZED
                  00000d00    00000100     DSP2833x_GlobalVariableDefs.obj (PieVectTableFile)

DmaRegsFile 
*          1    00001000    000000e0     UNINITIALIZED
                  00001000    000000e0     DSP2833x_GlobalVariableDefs.obj (DmaRegsFile)

McbspaRegsFile 
*          1    00005000    00000025     UNINITIALIZED
                  00005000    00000025     DSP2833x_GlobalVariableDefs.obj (McbspaRegsFile)

McbspbRegsFile 
*          1    00005040    00000025     UNINITIALIZED
                  00005040    00000025     DSP2833x_GlobalVariableDefs.obj (McbspbRegsFile)

ECanaRegsFile 
*          1    00006000    00000034     UNINITIALIZED
                  00006000    00000034     DSP2833x_GlobalVariableDefs.obj (ECanaRegsFile)

ECanaLAMRegsFile 
*          1    00006040    00000040     UNINITIALIZED
                  00006040    00000040     DSP2833x_GlobalVariableDefs.obj (ECanaLAMRegsFile)

ECanaMOTSRegsFile 
*          1    00006080    00000040     UNINITIALIZED
                  00006080    00000040     DSP2833x_GlobalVariableDefs.obj (ECanaMOTSRegsFile)

ECanaMOTORegsFile 
*          1    000060c0    00000040     UNINITIALIZED
                  000060c0    00000040     DSP2833x_GlobalVariableDefs.obj (ECanaMOTORegsFile)

ECanaMboxesFile 
*          1    00006100    00000100     UNINITIALIZED
                  00006100    00000100     DSP2833x_GlobalVariableDefs.obj (ECanaMboxesFile)

ECanbRegsFile 
*          1    00006200    00000034     UNINITIALIZED
                  00006200    00000034     DSP2833x_GlobalVariableDefs.obj (ECanbRegsFile)

ECanbLAMRegsFile 
*          1    00006240    00000040     UNINITIALIZED
                  00006240    00000040     DSP2833x_GlobalVariableDefs.obj (ECanbLAMRegsFile)

ECanbMOTSRegsFile 
*          1    00006280    00000040     UNINITIALIZED
                  00006280    00000040     DSP2833x_GlobalVariableDefs.obj (ECanbMOTSRegsFile)

ECanbMOTORegsFile 
*          1    000062c0    00000040     UNINITIALIZED
                  000062c0    00000040     DSP2833x_GlobalVariableDefs.obj (ECanbMOTORegsFile)

ECanbMboxesFile 
*          1    00006300    00000100     UNINITIALIZED
                  00006300    00000100     DSP2833x_GlobalVariableDefs.obj (ECanbMboxesFile)

EPwm1RegsFile 
*          1    00006800    00000022     UNINITIALIZED
                  00006800    00000022     DSP2833x_GlobalVariableDefs.obj (EPwm1RegsFile)

EPwm2RegsFile 
*          1    00006840    00000022     UNINITIALIZED
                  00006840    00000022     DSP2833x_GlobalVariableDefs.obj (EPwm2RegsFile)

EPwm3RegsFile 
*          1    00006880    00000022     UNINITIALIZED
                  00006880    00000022     DSP2833x_GlobalVariableDefs.obj (EPwm3RegsFile)

EPwm4RegsFile 
*          1    000068c0    00000022     UNINITIALIZED
                  000068c0    00000022     DSP2833x_GlobalVariableDefs.obj (EPwm4RegsFile)

EPwm5RegsFile 
*          1    00006900    00000022     UNINITIALIZED
                  00006900    00000022     DSP2833x_GlobalVariableDefs.obj (EPwm5RegsFile)

EPwm6RegsFile 
*          1    00006940    00000022     UNINITIALIZED
                  00006940    00000022     DSP2833x_GlobalVariableDefs.obj (EPwm6RegsFile)

ECap1RegsFile 
*          1    00006a00    00000020     UNINITIALIZED
                  00006a00    00000020     DSP2833x_GlobalVariableDefs.obj (ECap1RegsFile)

ECap2RegsFile 
*          1    00006a20    00000020     UNINITIALIZED
                  00006a20    00000020     DSP2833x_GlobalVariableDefs.obj (ECap2RegsFile)

ECap3RegsFile 
*          1    00006a40    00000020     UNINITIALIZED
                  00006a40    00000020     DSP2833x_GlobalVariableDefs.obj (ECap3RegsFile)

ECap4RegsFile 
*          1    00006a60    00000020     UNINITIALIZED
                  00006a60    00000020     DSP2833x_GlobalVariableDefs.obj (ECap4RegsFile)

ECap5RegsFile 
*          1    00006a80    00000020     UNINITIALIZED
                  00006a80    00000020     DSP2833x_GlobalVariableDefs.obj (ECap5RegsFile)

ECap6RegsFile 
*          1    00006aa0    00000020     UNINITIALIZED
                  00006aa0    00000020     DSP2833x_GlobalVariableDefs.obj (ECap6RegsFile)

EQep1RegsFile 
*          1    00006b00    00000040     UNINITIALIZED
                  00006b00    00000040     DSP2833x_GlobalVariableDefs.obj (EQep1RegsFile)

EQep2RegsFile 
*          1    00006b40    00000040     UNINITIALIZED
                  00006b40    00000040     DSP2833x_GlobalVariableDefs.obj (EQep2RegsFile)

GpioCtrlRegsFile 
*          1    00006f80    0000002e     UNINITIALIZED
                  00006f80    0000002e     DSP2833x_GlobalVariableDefs.obj (GpioCtrlRegsFile)

GpioDataRegsFile 
*          1    00006fc0    00000020     UNINITIALIZED
                  00006fc0    00000020     DSP2833x_GlobalVariableDefs.obj (GpioDataRegsFile)

GpioIntRegsFile 
*          1    00006fe0    0000000a     UNINITIALIZED
                  00006fe0    0000000a     DSP2833x_GlobalVariableDefs.obj (GpioIntRegsFile)

SysCtrlRegsFile 
*          1    00007010    00000020     UNINITIALIZED
                  00007010    00000020     DSP2833x_GlobalVariableDefs.obj (SysCtrlRegsFile)

SpiaRegsFile 
*          1    00007040    00000010     UNINITIALIZED
                  00007040    00000010     DSP2833x_GlobalVariableDefs.obj (SpiaRegsFile)

SciaRegsFile 
*          1    00007050    00000010     UNINITIALIZED
                  00007050    00000010     DSP2833x_GlobalVariableDefs.obj (SciaRegsFile)

XIntruptRegsFile 
*          1    00007070    00000010     UNINITIALIZED
                  00007070    00000010     DSP2833x_GlobalVariableDefs.obj (XIntruptRegsFile)

AdcRegsFile 
*          1    00007100    0000001e     UNINITIALIZED
                  00007100    0000001e     DSP2833x_GlobalVariableDefs.obj (AdcRegsFile)

ScibRegsFile 
*          1    00007750    00000010     UNINITIALIZED
                  00007750    00000010     DSP2833x_GlobalVariableDefs.obj (ScibRegsFile)

ScicRegsFile 
*          1    00007770    00000010     UNINITIALIZED
                  00007770    00000010     DSP2833x_GlobalVariableDefs.obj (ScicRegsFile)

I2caRegsFile 
*          1    00007900    00000022     UNINITIALIZED
                  00007900    00000022     DSP2833x_GlobalVariableDefs.obj (I2caRegsFile)

.ebss      1    0000c000    000002f3     UNINITIALIZED
                  0000c000    00000248     variable.obj (.ebss)
                  0000c248    00000008     serial_api.obj (.ebss)
                  0000c250    00000004     control.obj (.ebss)
                  0000c254    00000004     portserial.obj (.ebss)
                  0000c258    00000004     rts2800_fpu32.lib : _lock.obj (.ebss)
                  0000c25c    00000004                       : exit.obj (.ebss)
                  0000c260    00000001     main.obj (.ebss)
                  0000c261    0000001f     --HOLE--
                  0000c280    00000073     debug_283x.obj (.ebss)

.econst    1    0000d000    0000010a     
                  0000d000    00000100     DSP2833x_PieVect.obj (.econst)
                  0000d100    0000000a     debug_283x.obj (.econst:.string)

CsmPwlFile 
*          1    0033fff8    00000008     UNINITIALIZED
                  0033fff8    00000008     DSP2833x_GlobalVariableDefs.obj (CsmPwlFile)


GLOBAL DATA SYMBOLS: SORTED BY DATA PAGE

address     data page           name
--------    ----------------    ----
00000400      10 (00000400)     __stack

00000880      22 (00000880)     _DevEmuRegs

00000a80      2a (00000a80)     _FlashRegs

00000ae0      2b (00000ac0)     _CsmRegs

00000b00      2c (00000b00)     _AdcMirror
00000b20      2c (00000b00)     _XintfRegs

00000c00      30 (00000c00)     _CpuTimer0Regs
00000c08      30 (00000c00)     _CpuTimer1Regs
00000c10      30 (00000c00)     _CpuTimer2Regs

00000ce0      33 (00000cc0)     _PieCtrlRegs

00000d00      34 (00000d00)     _PieVectTable

00001000      40 (00001000)     _DmaRegs

00005000     140 (00005000)     _McbspaRegs

00005040     141 (00005040)     _McbspbRegs

00006000     180 (00006000)     _ECanaRegs

00006040     181 (00006040)     _ECanaLAMRegs

00006080     182 (00006080)     _ECanaMOTSRegs

000060c0     183 (000060c0)     _ECanaMOTORegs

00006100     184 (00006100)     _ECanaMboxes

00006200     188 (00006200)     _ECanbRegs

00006240     189 (00006240)     _ECanbLAMRegs

00006280     18a (00006280)     _ECanbMOTSRegs

000062c0     18b (000062c0)     _ECanbMOTORegs

00006300     18c (00006300)     _ECanbMboxes

00006800     1a0 (00006800)     _EPwm1Regs

00006840     1a1 (00006840)     _EPwm2Regs

00006880     1a2 (00006880)     _EPwm3Regs

000068c0     1a3 (000068c0)     _EPwm4Regs

00006900     1a4 (00006900)     _EPwm5Regs

00006940     1a5 (00006940)     _EPwm6Regs

00006a00     1a8 (00006a00)     _ECap1Regs
00006a20     1a8 (00006a00)     _ECap2Regs

00006a40     1a9 (00006a40)     _ECap3Regs
00006a60     1a9 (00006a40)     _ECap4Regs

00006a80     1aa (00006a80)     _ECap5Regs
00006aa0     1aa (00006a80)     _ECap6Regs

00006b00     1ac (00006b00)     _EQep1Regs

00006b40     1ad (00006b40)     _EQep2Regs

00006f80     1be (00006f80)     _GpioCtrlRegs

00006fc0     1bf (00006fc0)     _GpioDataRegs
00006fe0     1bf (00006fc0)     _GpioIntRegs

00007010     1c0 (00007000)     _SysCtrlRegs

00007040     1c1 (00007040)     _SpiaRegs
00007050     1c1 (00007040)     _SciaRegs
00007070     1c1 (00007040)     _XIntruptRegs

00007100     1c4 (00007100)     _AdcRegs

00007750     1dd (00007740)     _ScibRegs
00007770     1dd (00007740)     _ScicRegs

00007900     1e4 (00007900)     _I2caRegs

0000c000     300 (0000c000)     _count
0000c001     300 (0000c000)     _ThetaMQ15
0000c002     300 (0000c000)     _op_mode
0000c003     300 (0000c000)     _qep_count
0000c004     300 (0000c000)     _InitFlag
0000c005     300 (0000c000)     _HallSignal
0000c006     300 (0000c000)     _HallSignalM
0000c007     300 (0000c000)     _nDir
0000c008     300 (0000c000)     _fff
0000c009     300 (0000c000)     _AD_Iw
0000c00a     300 (0000c000)     _AD_Iu
0000c00b     300 (0000c000)     _ddd
0000c00c     300 (0000c000)     _ThetaQ15
0000c00d     300 (0000c000)     _eee
0000c00e     300 (0000c000)     _DAC_CH
0000c00f     300 (0000c000)     _Iv
0000c010     300 (0000c000)     _Iw
0000c011     300 (0000c000)     _Iw_offset
0000c012     300 (0000c000)     _Iu
0000c013     300 (0000c000)     _aaa
0000c014     300 (0000c000)     _AngleControl
0000c015     300 (0000c000)     _ccc
0000c016     300 (0000c000)     _bbb
0000c017     300 (0000c000)     _IPM_FaultCount
0000c018     300 (0000c000)     _IPM_Status
0000c019     300 (0000c000)     _AD_Iv
0000c01a     300 (0000c000)     _IPM_FaultFlag
0000c01b     300 (0000c000)     _Iu_offset
0000c01c     300 (0000c000)     _Iv_offset
0000c01d     300 (0000c000)     _Ireal_FaultCount
0000c01e     300 (0000c000)     _CurrentOffsetCount
0000c01f     300 (0000c000)     _Comm_Speed
0000c020     300 (0000c000)     _da3_type
0000c021     300 (0000c000)     _Motor_Add
0000c022     300 (0000c000)     _SpeedDown
0000c023     300 (0000c000)     _da4_type
0000c024     300 (0000c000)     _da4
0000c025     300 (0000c000)     _da3
0000c026     300 (0000c000)     _da2_type
0000c027     300 (0000c000)     _da1
0000c028     300 (0000c000)     _Comm_Type
0000c029     300 (0000c000)     _da1_type
0000c02a     300 (0000c000)     _da2
0000c02b     300 (0000c000)     _DutyC
0000c02c     300 (0000c000)     _count_pwm
0000c02d     300 (0000c000)     _DutyB
0000c02e     300 (0000c000)     _AD_Command
0000c02f     300 (0000c000)     _DutyA
0000c030     300 (0000c000)     _AD_Vdc
0000c031     300 (0000c000)     _PulseRPM
0000c032     300 (0000c000)     _P_Status
0000c033     300 (0000c000)     _count_start
0000c034     300 (0000c000)     _Vq
0000c036     300 (0000c000)     _AlphaCurr
0000c038     300 (0000c000)     _AlphaVdc
0000c03a     300 (0000c000)     _kbl1
0000c03c     300 (0000c000)     _lI_inv
0000c03e     300 (0000c000)     _kbl4

0000c040     301 (0000c040)     _I_invOld
0000c042     301 (0000c040)     _I_invf
0000c044     301 (0000c040)     _AdjAngle
0000c046     301 (0000c040)     _Vd
0000c048     301 (0000c040)     _kbl3
0000c04a     301 (0000c040)     _PulseRef
0000c04c     301 (0000c040)     _test_rx
0000c04e     301 (0000c040)     _AntiGain
0000c050     301 (0000c040)     _AntiWindUp_Vde
0000c052     301 (0000c040)     _AntiWindUp_Vqe
0000c054     301 (0000c040)     _test_tx
0000c056     301 (0000c040)     _AntiWindUp_Iqe
0000c058     301 (0000c040)     _Idf
0000c05a     301 (0000c040)     _lIq
0000c05c     301 (0000c040)     _Id_Old
0000c05e     301 (0000c040)     _AlphaTheta
0000c060     301 (0000c040)     _lId
0000c062     301 (0000c040)     _Theta_Old
0000c064     301 (0000c040)     _Thetaf
0000c066     301 (0000c040)     _lTheta
0000c068     301 (0000c040)     _Iq_Old
0000c06a     301 (0000c040)     _Iqf
0000c06c     301 (0000c040)     _SpeedEstHall
0000c06e     301 (0000c040)     _ETheta_old
0000c070     301 (0000c040)     _SpeedEstHallRpm
0000c072     301 (0000c040)     _SpeedEstHallOld
0000c074     301 (0000c040)     _AccSpdEstHall
0000c076     301 (0000c040)     _SpeedEstHall_m
0000c078     301 (0000c040)     _ThetaEstHall
0000c07a     301 (0000c040)     _ThetaM
0000c07c     301 (0000c040)     _ThetaEstHallError
0000c07e     301 (0000c040)     _IntegrationEstHall

0000c080     302 (0000c080)     _ThetaEstH
0000c082     302 (0000c080)     _fVF_freq
0000c084     302 (0000c080)     _Tsampsc
0000c086     302 (0000c080)     _fVF_freq_set
0000c088     302 (0000c080)     _fVF_freq_rad
0000c08a     302 (0000c080)     _fVF_freq_slope
0000c08c     302 (0000c080)     _fVF_theta
0000c08e     302 (0000c080)     _Fc_SpdEstHall
0000c090     302 (0000c080)     _Ki_EstHall
0000c092     302 (0000c080)     _Vdc
0000c094     302 (0000c080)     _Cos_Theta
0000c096     302 (0000c080)     _Sin_Theta
0000c098     302 (0000c080)     _da4_val
0000c09a     302 (0000c080)     _da4_scale
0000c09c     302 (0000c080)     _da4_data
0000c09e     302 (0000c080)     _DifferenceHE
0000c0a0     302 (0000c080)     _da4_mid
0000c0a2     302 (0000c080)     _da2_mid
0000c0a4     302 (0000c080)     _da3_data
0000c0a6     302 (0000c080)     _da3_mid
0000c0a8     302 (0000c080)     _da3_val
0000c0aa     302 (0000c080)     _da3_rng
0000c0ac     302 (0000c080)     _da3_scale
0000c0ae     302 (0000c080)     _ETheta
0000c0b0     302 (0000c080)     _HTheta_D1
0000c0b2     302 (0000c080)     _EThetaM
0000c0b4     302 (0000c080)     _Theta_old
0000c0b6     302 (0000c080)     _Theta
0000c0b8     302 (0000c080)     _Tsampcc
0000c0ba     302 (0000c080)     _da2_data
0000c0bc     302 (0000c080)     _da4_rng
0000c0be     302 (0000c080)     _da2_val

0000c0c0     303 (0000c0c0)     _HTheta
0000c0c2     303 (0000c0c0)     _da2_scale
0000c0c4     303 (0000c0c0)     _fIv
0000c0c6     303 (0000c0c0)     _fIu
0000c0c8     303 (0000c0c0)     _fIw
0000c0ca     303 (0000c0c0)     _fCommand
0000c0cc     303 (0000c0c0)     _fVdc
0000c0ce     303 (0000c0c0)     _fVdcfOld
0000c0d0     303 (0000c0c0)     _b
0000c0d2     303 (0000c0c0)     _da1_rng
0000c0d4     303 (0000c0c0)     _a
0000c0d6     303 (0000c0c0)     _Ki_sc
0000c0d8     303 (0000c0c0)     _Kp_sc
0000c0da     303 (0000c0c0)     _speed_e
0000c0dc     303 (0000c0c0)     _speed_m
0000c0de     303 (0000c0c0)     _speed_rpm
0000c0e0     303 (0000c0c0)     _Iq
0000c0e2     303 (0000c0c0)     _Id
0000c0e4     303 (0000c0c0)     _kbl2
0000c0e6     303 (0000c0c0)     _fVdcf
0000c0e8     303 (0000c0c0)     _DAC_scale
0000c0ea     303 (0000c0c0)     _lfVdc
0000c0ec     303 (0000c0c0)     _Vset
0000c0ee     303 (0000c0c0)     _Low_fvdc
0000c0f0     303 (0000c0c0)     _Kp_d_cc
0000c0f2     303 (0000c0c0)     _Integ_q
0000c0f4     303 (0000c0c0)     _Kp_q_cc
0000c0f6     303 (0000c0c0)     _Ki_q_cc
0000c0f8     303 (0000c0c0)     _Ki_d_cc
0000c0fa     303 (0000c0c0)     _Wc_cc
0000c0fc     303 (0000c0c0)     _Rs
0000c0fe     303 (0000c0c0)     _HTheta_D0

0000c100     304 (0000c100)     _Ld
0000c102     304 (0000c100)     _Ke
0000c104     304 (0000c100)     _Lq
0000c106     304 (0000c100)     _da1_mid
0000c108     304 (0000c100)     _da2_rng
0000c10a     304 (0000c100)     _da1_data
0000c10c     304 (0000c100)     _da1_scale
0000c10e     304 (0000c100)     _da1_val
0000c110     304 (0000c100)     _Vslope
0000c112     304 (0000c100)     _Wc_spd
0000c114     304 (0000c100)     _Integ_d
0000c116     304 (0000c100)     _Icmd_target
0000c118     304 (0000c100)     _SpeedCmdRpm1
0000c11a     304 (0000c100)     _SpeedCmdRpm
0000c11c     304 (0000c100)     _Integ_spd
0000c11e     304 (0000c100)     _Vcmde
0000c122     304 (0000c100)     _Ireale
0000c126     304 (0000c100)     _Vcmds
0000c12a     304 (0000c100)     _Ireals
0000c12e     304 (0000c100)     _Icmde
0000c132     304 (0000c100)     _Vcmd
0000c138     304 (0000c100)     _Ireal

0000c140     305 (0000c140)     _Vcmdn

0000c180     306 (0000c180)     _LPF1

0000c24e     309 (0000c240)     _rx_buff
0000c250     309 (0000c240)     _Vcmda
0000c252     309 (0000c240)     _fTest
0000c254     309 (0000c240)     _test
0000c256     309 (0000c240)     _sci_regs_ptr
0000c258     309 (0000c240)     __lock
0000c25a     309 (0000c240)     __unlock
0000c25c     309 (0000c240)     ___TI_cleanup_ptr
0000c25e     309 (0000c240)     ___TI_dtors_ptr
0000c260     309 (0000c240)     _WaitFlag

0000c280     30a (0000c280)     _debug_state
0000c281     30a (0000c280)     _debug_cnt
0000c282     30a (0000c280)     _debug_sum
0000c283     30a (0000c280)     _debug_sum_temp
0000c284     30a (0000c280)     _debug_wr_sum_flag
0000c285     30a (0000c280)     _debug_tx_end
0000c286     30a (0000c280)     _debug_wr_size
0000c287     30a (0000c280)     _debug_tx_pos
0000c288     30a (0000c280)     _debug_rd_addr
0000c28a     30a (0000c280)     _debug_rd_addr_tmp
0000c28c     30a (0000c280)     _debug_wr_addr
0000c28e     30a (0000c280)     _debug_wr_data

0000c2c0     30b (0000c2c0)     _debug_tx_buf

0000d000     340 (0000d000)     _PieVectTableInit

0033fff8    cfff (0033ffc0)     _CsmPwl


GLOBAL SYMBOLS: SORTED ALPHABETICALLY BY Name 

address    name
--------   ----
00000000   .text
00001ef7   C$$EXIT
00001c76   FS$$DIV
00001e8c   L$$DIV
00001e9b   L$$MOD
00001f35   U$$DIV
00001f3a   U$$MOD
00001ea9   UL$$DIV
00001eb0   UL$$MOD
000019e8   _ADCINT_ISR
00380080   _ADC_cal
0000c02e   _AD_Command
0000c00a   _AD_Iu
0000c019   _AD_Iv
0000c009   _AD_Iw
0000c030   _AD_Vdc
0000c074   _AccSpdEstHall
00000b00   _AdcMirror
00007100   _AdcRegs
0000c044   _AdjAngle
0000c036   _AlphaCurr
0000c05e   _AlphaTheta
0000c038   _AlphaVdc
0000c014   _AngleControl
0000c04e   _AntiGain
0000c056   _AntiWindUp_Iqe
0000c050   _AntiWindUp_Vde
0000c052   _AntiWindUp_Vqe
00001da0   _CheckAndRecvSerialData
0000c01f   _Comm_Speed
0000c028   _Comm_Type
0000c094   _Cos_Theta
00000c00   _CpuTimer0Regs
00000c08   _CpuTimer1Regs
00000c10   _CpuTimer2Regs
0033fff8   _CsmPwl
00000ae0   _CsmRegs
00001bb8   _CsmUnlock
00001489   _CurrentControl
0000c01e   _CurrentOffsetCount
0000c00e   _DAC_CH
0000c0e8   _DAC_scale
000019de   _DATALOG_ISR
000019d4   _DINTCH1_ISR
000019ca   _DINTCH2_ISR
000019c0   _DINTCH3_ISR
000019b6   _DINTCH4_ISR
000019ac   _DINTCH5_ISR
000019a2   _DINTCH6_ISR
0000810b   _DSP28x_usDelay
00000880   _DevEmuRegs
0000c09e   _DifferenceHE
00001af7   _DisableDog
00001ae8   _DisableXINT1
00001000   _DmaRegs
0000c02f   _DutyA
0000c02d   _DutyB
0000c02b   _DutyC
00001998   _ECAN0INTA_ISR
0000198e   _ECAN0INTB_ISR
00001984   _ECAN1INTA_ISR
0000197a   _ECAN1INTB_ISR
00001970   _ECAP1_INT_ISR
00001966   _ECAP2_INT_ISR
0000195c   _ECAP3_INT_ISR
00001952   _ECAP4_INT_ISR
00001948   _ECAP5_INT_ISR
0000193e   _ECAP6_INT_ISR
00006040   _ECanaLAMRegs
000060c0   _ECanaMOTORegs
00006080   _ECanaMOTSRegs
00006100   _ECanaMboxes
00006000   _ECanaRegs
00006240   _ECanbLAMRegs
000062c0   _ECanbMOTORegs
00006280   _ECanbMOTSRegs
00006300   _ECanbMboxes
00006200   _ECanbRegs
00006a00   _ECap1Regs
00006a20   _ECap2Regs
00006a40   _ECap3Regs
00006a60   _ECap4Regs
00006a80   _ECap5Regs
00006aa0   _ECap6Regs
00001934   _EMUINT_ISR
0000192a   _EPWM1_INT_ISR
00001920   _EPWM1_TZINT_ISR
00001916   _EPWM2_INT_ISR
0000190c   _EPWM2_TZINT_ISR
00001902   _EPWM3_INT_ISR
000018f8   _EPWM3_TZINT_ISR
000018ee   _EPWM4_INT_ISR
000018e4   _EPWM4_TZINT_ISR
000018da   _EPWM5_INT_ISR
000018d0   _EPWM5_TZINT_ISR
000018c6   _EPWM6_INT_ISR
000018bc   _EPWM6_TZINT_ISR
00006800   _EPwm1Regs
00006840   _EPwm2Regs
00006880   _EPwm3Regs
000068c0   _EPwm4Regs
00006900   _EPwm5Regs
00006940   _EPwm6Regs
000018b2   _EQEP1_INT_ISR
000018a8   _EQEP2_INT_ISR
00006b00   _EQep1Regs
00006b40   _EQep2Regs
0000c0ae   _ETheta
0000c0b2   _EThetaM
0000c06e   _ETheta_old
00001ed5   _EnableInterrupts
00001ae3   _EnableXINT2
0000c08e   _Fc_SpdEstHall
00000a80   _FlashRegs
000006b4   _GainUpdate
00001a2e   _GateOff
00006f80   _GpioCtrlRegs
00006fc0   _GpioDataRegs
00006fe0   _GpioIntRegs
00000eef   _Gpio_select
0000c0c0   _HTheta
0000c0fe   _HTheta_D0
0000c0b0   _HTheta_D1
0000c005   _HallSignal
0000c006   _HallSignalM
0000189e   _I2CINT1A_ISR
00001894   _I2CINT2A_ISR
00007900   _I2caRegs
0000188a   _ILLEGAL_ISR
00001880   _INT13_ISR
00001876   _INT14_ISR
0000c017   _IPM_FaultCount
0000c01a   _IPM_FaultFlag
0000c018   _IPM_Status
0000c040   _I_invOld
0000c042   _I_invf
0000c116   _Icmd_target
0000c12e   _Icmde
0000c0e2   _Id
0000c05c   _Id_Old
0000c058   _Idf
00001f10   _InitAdc
00000ed9   _InitECAP1
00000ec3   _InitECAP2
00000c29   _InitEPWM
0000c004   _InitFlag
000080ee   _InitFlash
00001b49   _InitPeripheralClocks
00001eb6   _InitPieCtrl
00001f24   _InitPieVectTable
00001aff   _InitPll
00000c1f   _InitQEP
00000c0f   _InitSPI_DAC
00001baf   _InitSysCtrl
0000071d   _InitVariable
00000bed   _InitXINT1
00000bc6   _InitXINT2
0000c114   _Integ_d
0000c0f2   _Integ_q
0000c11c   _Integ_spd
0000c07e   _IntegrationEstHall
0000c0e0   _Iq
0000c068   _Iq_Old
0000c06a   _Iqf
0000c138   _Ireal
0000c01d   _Ireal_FaultCount
0000c122   _Ireale
0000c12a   _Ireals
00001609   _Is_SVPWM
00001579   _Is_dqe2dqs
0000c012   _Iu
0000c01b   _Iu_offset
0000c00f   _Iv
0000c01c   _Iv_offset
0000c010   _Iw
0000c011   _Iw_offset
0000c102   _Ke
0000c090   _Ki_EstHall
0000c0f8   _Ki_d_cc
0000c0f6   _Ki_q_cc
0000c0d6   _Ki_sc
0000c0f0   _Kp_d_cc
0000c0f4   _Kp_q_cc
0000c0d8   _Kp_sc
0000c180   _LPF1
0000186c   _LUF_ISR
00001862   _LVF_ISR
0000c100   _Ld
00001a48   _LedControl
00000b65   _LedTest
0000c0ee   _Low_fvdc
0000c104   _Lq
00001858   _MRINTA_ISR
0000184e   _MRINTB_ISR
00001844   _MXINTA_ISR
0000183a   _MXINTB_ISR
00005000   _McbspaRegs
00005040   _McbspbRegs
00000b52   _MemCopy
0000c021   _Motor_Add
00001830   _NMI_ISR
00001aa6   _OutputDAC
00001826   _PIE_RESERVED
00001a22   _PWMControl
0000c032   _P_Status
00000ce0   _PieCtrlRegs
00000d00   _PieVectTable
0000d000   _PieVectTableInit
0000c031   _PulseRPM
0000c04a   _PulseRef
0000181c   _RTOSINT_ISR
00008000   _RamfuncsLoadEnd
00008000   _RamfuncsLoadStart
00008000   _RamfuncsRunStart
0000139c   _ReadHallSensor
00001ada   _RelayControl
0000c0fc   _Rs
00001ad5   _RunECAP1Timer
00001ad0   _RunECAP2Timer
00001812   _SCIRXINTA_ISR
00001808   _SCIRXINTB_ISR
000017fe   _SCIRXINTC_ISR
000017f4   _SCITXINTA_ISR
000017ea   _SCITXINTB_ISR
000017e0   _SCITXINTC_ISR
000017d6   _SEQ1INT_ISR
000017cc   _SEQ2INT_ISR
000017c2   _SPIRXINTA_ISR
000017b8   _SPITXINTA_ISR
00001e68   _SciInit
00001d2e   _SciRxIsrHandler
00001e60   _SciRxIsrSet
00001e58   _SciRxSet
00001cfe   _SciTxIsrHandler
00001e50   _SciTxIsrSet
00001e48   _SciTxSet
00007050   _SciaRegs
00007750   _ScibRegs
00007770   _ScicRegs
00001dfc   _SerialGetByte
00001def   _SerialInit
00001de9   _SerialPutByte
00001dcd   _SerialReceiveMode
00001d89   _SerialReceive_Cb
00001d76   _SerialTransmit
00001db1   _SerialTransmitMode
00001d5e   _SerialTransmit_Cb
00001aed   _ServiceDog
000019f2   _SetCaptureHall
00000b85   _SetupADC
0000c096   _Sin_Theta
0000c11a   _SpeedCmdRpm
0000c118   _SpeedCmdRpm1
0000c022   _SpeedDown
0000c06c   _SpeedEstHall
0000c072   _SpeedEstHallOld
0000c070   _SpeedEstHallRpm
0000c076   _SpeedEstHall_m
00007040   _SpiaRegs
00007010   _SysCtrlRegs
000017ae   _TINT0_ISR
0000c0b6   _Theta
0000c080   _ThetaEstH
0000c078   _ThetaEstHall
0000c07c   _ThetaEstHallError
0000c07a   _ThetaM
0000c001   _ThetaMQ15
0000c00c   _ThetaQ15
0000c062   _Theta_Old
0000c0b4   _Theta_old
0000c064   _Thetaf
0000c0b8   _Tsampcc
0000c084   _Tsampsc
000017a4   _USER10_ISR
0000179a   _USER11_ISR
00001790   _USER12_ISR
00001786   _USER1_ISR
0000177c   _USER2_ISR
00001772   _USER3_ISR
00001768   _USER4_ISR
0000175e   _USER5_ISR
00001754   _USER6_ISR
0000174a   _USER7_ISR
00001740   _USER8_ISR
00001736   _USER9_ISR
0000c132   _Vcmd
0000c250   _Vcmda
0000c11e   _Vcmde
0000c140   _Vcmdn
0000c126   _Vcmds
0000c046   _Vd
0000c092   _Vdc
0000c034   _Vq
0000c0ec   _Vset
0000c110   _Vslope
0000172c   _WAKEINT_ISR
0000c260   _WaitFlag
0000c0fa   _Wc_cc
0000c112   _Wc_spd
00001722   _XINT1_ISR
00001718   _XINT2_ISR
0000170e   _XINT3_ISR
00001704   _XINT4_ISR
000016fa   _XINT5_ISR
000016f0   _XINT6_ISR
000016e6   _XINT7_ISR
00007070   _XIntruptRegs
00000b20   _XintfRegs
00000700   __STACK_END
00000300   __STACK_SIZE
00000001   __TI_args_main
0000c25c   ___TI_cleanup_ptr
0000c25e   ___TI_dtors_ptr
ffffffff   ___binit__
ffffffff   ___c_args__
00008000   ___cinit__
00001f49   ___etext__
ffffffff   ___pinit__
00000000   ___text__
00001ede   __args_main
0000c258   __lock
00001f48   __nop
00000400   __stack
0000c25a   __unlock
0000c0d4   _a
0000c013   _aaa
00001ef7   _abort
000001cd   _adc_isr
0000111d   _asc2hex
0000c0d0   _b
0000c016   _bbb
00001e02   _c_int00
0000c015   _ccc
0000c000   _count
0000c02c   _count_pwm
0000c033   _count_start
0000c027   _da1
0000c10a   _da1_data
0000c106   _da1_mid
0000c0d2   _da1_rng
0000c10c   _da1_scale
0000c029   _da1_type
0000c10e   _da1_val
0000c02a   _da2
0000c0ba   _da2_data
0000c0a2   _da2_mid
0000c108   _da2_rng
0000c0c2   _da2_scale
0000c026   _da2_type
0000c0be   _da2_val
0000c025   _da3
0000c0a4   _da3_data
0000c0a6   _da3_mid
0000c0aa   _da3_rng
0000c0ac   _da3_scale
0000c020   _da3_type
0000c0a8   _da3_val
0000c024   _da4
0000c09c   _da4_data
0000c0a0   _da4_mid
0000c0bc   _da4_rng
0000c09a   _da4_scale
0000c023   _da4_type
0000c098   _da4_val
0000c00b   _ddd
0000c281   _debug_cnt
0000c288   _debug_rd_addr
0000c28a   _debug_rd_addr_tmp
0000c280   _debug_state
0000c282   _debug_sum
0000c283   _debug_sum_temp
0000c2c0   _debug_tx_buf
0000c285   _debug_tx_end
0000c287   _debug_tx_pos
0000c28c   _debug_wr_addr
0000c28e   _debug_wr_data
0000c286   _debug_wr_size
0000c284   _debug_wr_sum_flag
0000c00d   _eee
000001b8   _epwm1_timer_isr
00001ef9   _exit
0000c0ca   _fCommand
0000c0c6   _fIu
0000c0c4   _fIv
0000c0c8   _fIw
0000c252   _fTest
0000c082   _fVF_freq
0000c088   _fVF_freq_rad
0000c086   _fVF_freq_set
0000c08a   _fVF_freq_slope
0000c08c   _fVF_theta
0000c0cc   _fVdc
0000c0e6   _fVdcf
0000c0ce   _fVdcfOld
0000c008   _fff
00000feb   _hex2asc
0000c03a   _kbl1
0000c0e4   _kbl2
0000c048   _kbl3
0000c03e   _kbl4
0000c03c   _lI_inv
0000c060   _lId
0000c05a   _lIq
0000c066   _lTheta
0000c0ea   _lfVdc
00000a82   _main
0000c007   _nDir
0000c002   _op_mode
0000c003   _qep_count
000016dc   _rsvd_ISR
0000c24e   _rx_buff
00001351   _sci_debug_init
0000c256   _sci_regs_ptr
00001c14   _scia_rx_isr
00001be6   _scia_tx_isr
0000c0da   _speed_e
0000c0dc   _speed_m
0000c0de   _speed_rpm
0000119d   _state0_proc
00001337   _state1_proc
000012db   _state2_proc
00001187   _state3_proc
00001168   _state4_proc
00001146   _state5_proc
00001131   _state6_proc
000010bb   _state7_proc
0000c254   _test
0000c04c   _test_rx
0000c054   _test_tx
000010af   _write_txbuf_asc
00001095   _write_txbuf_byte
00001035   _write_txbuf_long
00001025   _write_txbuf_string
00000ff5   _write_txbuf_word
0000000d   _xint1_isr
00000000   _xint2_isr
ffffffff   binit
00008000   cinit
00000000   code_start
00001f49   etext
ffffffff   pinit


GLOBAL SYMBOLS: SORTED BY Symbol Address 

address    name
--------   ----
00000000   .text
00000000   ___text__
00000000   _xint2_isr
00000000   code_start
00000001   __TI_args_main
0000000d   _xint1_isr
000001b8   _epwm1_timer_isr
000001cd   _adc_isr
00000300   __STACK_SIZE
00000400   __stack
000006b4   _GainUpdate
00000700   __STACK_END
0000071d   _InitVariable
00000880   _DevEmuRegs
00000a80   _FlashRegs
00000a82   _main
00000ae0   _CsmRegs
00000b00   _AdcMirror
00000b20   _XintfRegs
00000b52   _MemCopy
00000b65   _LedTest
00000b85   _SetupADC
00000bc6   _InitXINT2
00000bed   _InitXINT1
00000c00   _CpuTimer0Regs
00000c08   _CpuTimer1Regs
00000c0f   _InitSPI_DAC
00000c10   _CpuTimer2Regs
00000c1f   _InitQEP
00000c29   _InitEPWM
00000ce0   _PieCtrlRegs
00000d00   _PieVectTable
00000ec3   _InitECAP2
00000ed9   _InitECAP1
00000eef   _Gpio_select
00000feb   _hex2asc
00000ff5   _write_txbuf_word
00001000   _DmaRegs
00001025   _write_txbuf_string
00001035   _write_txbuf_long
00001095   _write_txbuf_byte
000010af   _write_txbuf_asc
000010bb   _state7_proc
0000111d   _asc2hex
00001131   _state6_proc
00001146   _state5_proc
00001168   _state4_proc
00001187   _state3_proc
0000119d   _state0_proc
000012db   _state2_proc
00001337   _state1_proc
00001351   _sci_debug_init
0000139c   _ReadHallSensor
00001489   _CurrentControl
00001579   _Is_dqe2dqs
00001609   _Is_SVPWM
000016dc   _rsvd_ISR
000016e6   _XINT7_ISR
000016f0   _XINT6_ISR
000016fa   _XINT5_ISR
00001704   _XINT4_ISR
0000170e   _XINT3_ISR
00001718   _XINT2_ISR
00001722   _XINT1_ISR
0000172c   _WAKEINT_ISR
00001736   _USER9_ISR
00001740   _USER8_ISR
0000174a   _USER7_ISR
00001754   _USER6_ISR
0000175e   _USER5_ISR
00001768   _USER4_ISR
00001772   _USER3_ISR
0000177c   _USER2_ISR
00001786   _USER1_ISR
00001790   _USER12_ISR
0000179a   _USER11_ISR
000017a4   _USER10_ISR
000017ae   _TINT0_ISR
000017b8   _SPITXINTA_ISR
000017c2   _SPIRXINTA_ISR
000017cc   _SEQ2INT_ISR
000017d6   _SEQ1INT_ISR
000017e0   _SCITXINTC_ISR
000017ea   _SCITXINTB_ISR
000017f4   _SCITXINTA_ISR
000017fe   _SCIRXINTC_ISR
00001808   _SCIRXINTB_ISR
00001812   _SCIRXINTA_ISR
0000181c   _RTOSINT_ISR
00001826   _PIE_RESERVED
00001830   _NMI_ISR
0000183a   _MXINTB_ISR
00001844   _MXINTA_ISR
0000184e   _MRINTB_ISR
00001858   _MRINTA_ISR
00001862   _LVF_ISR
0000186c   _LUF_ISR
00001876   _INT14_ISR
00001880   _INT13_ISR
0000188a   _ILLEGAL_ISR
00001894   _I2CINT2A_ISR
0000189e   _I2CINT1A_ISR
000018a8   _EQEP2_INT_ISR
000018b2   _EQEP1_INT_ISR
000018bc   _EPWM6_TZINT_ISR
000018c6   _EPWM6_INT_ISR
000018d0   _EPWM5_TZINT_ISR
000018da   _EPWM5_INT_ISR
000018e4   _EPWM4_TZINT_ISR
000018ee   _EPWM4_INT_ISR
000018f8   _EPWM3_TZINT_ISR
00001902   _EPWM3_INT_ISR
0000190c   _EPWM2_TZINT_ISR
00001916   _EPWM2_INT_ISR
00001920   _EPWM1_TZINT_ISR
0000192a   _EPWM1_INT_ISR
00001934   _EMUINT_ISR
0000193e   _ECAP6_INT_ISR
00001948   _ECAP5_INT_ISR
00001952   _ECAP4_INT_ISR
0000195c   _ECAP3_INT_ISR
00001966   _ECAP2_INT_ISR
00001970   _ECAP1_INT_ISR
0000197a   _ECAN1INTB_ISR
00001984   _ECAN1INTA_ISR
0000198e   _ECAN0INTB_ISR
00001998   _ECAN0INTA_ISR
000019a2   _DINTCH6_ISR
000019ac   _DINTCH5_ISR
000019b6   _DINTCH4_ISR
000019c0   _DINTCH3_ISR
000019ca   _DINTCH2_ISR
000019d4   _DINTCH1_ISR
000019de   _DATALOG_ISR
000019e8   _ADCINT_ISR
000019f2   _SetCaptureHall
00001a22   _PWMControl
00001a2e   _GateOff
00001a48   _LedControl
00001aa6   _OutputDAC
00001ad0   _RunECAP2Timer
00001ad5   _RunECAP1Timer
00001ada   _RelayControl
00001ae3   _EnableXINT2
00001ae8   _DisableXINT1
00001aed   _ServiceDog
00001af7   _DisableDog
00001aff   _InitPll
00001b49   _InitPeripheralClocks
00001baf   _InitSysCtrl
00001bb8   _CsmUnlock
00001be6   _scia_tx_isr
00001c14   _scia_rx_isr
00001c76   FS$$DIV
00001cfe   _SciTxIsrHandler
00001d2e   _SciRxIsrHandler
00001d5e   _SerialTransmit_Cb
00001d76   _SerialTransmit
00001d89   _SerialReceive_Cb
00001da0   _CheckAndRecvSerialData
00001db1   _SerialTransmitMode
00001dcd   _SerialReceiveMode
00001de9   _SerialPutByte
00001def   _SerialInit
00001dfc   _SerialGetByte
00001e02   _c_int00
00001e48   _SciTxSet
00001e50   _SciTxIsrSet
00001e58   _SciRxSet
00001e60   _SciRxIsrSet
00001e68   _SciInit
00001e8c   L$$DIV
00001e9b   L$$MOD
00001ea9   UL$$DIV
00001eb0   UL$$MOD
00001eb6   _InitPieCtrl
00001ed5   _EnableInterrupts
00001ede   __args_main
00001ef7   C$$EXIT
00001ef7   _abort
00001ef9   _exit
00001f10   _InitAdc
00001f24   _InitPieVectTable
00001f35   U$$DIV
00001f3a   U$$MOD
00001f48   __nop
00001f49   ___etext__
00001f49   etext
00005000   _McbspaRegs
00005040   _McbspbRegs
00006000   _ECanaRegs
00006040   _ECanaLAMRegs
00006080   _ECanaMOTSRegs
000060c0   _ECanaMOTORegs
00006100   _ECanaMboxes
00006200   _ECanbRegs
00006240   _ECanbLAMRegs
00006280   _ECanbMOTSRegs
000062c0   _ECanbMOTORegs
00006300   _ECanbMboxes
00006800   _EPwm1Regs
00006840   _EPwm2Regs
00006880   _EPwm3Regs
000068c0   _EPwm4Regs
00006900   _EPwm5Regs
00006940   _EPwm6Regs
00006a00   _ECap1Regs
00006a20   _ECap2Regs
00006a40   _ECap3Regs
00006a60   _ECap4Regs
00006a80   _ECap5Regs
00006aa0   _ECap6Regs
00006b00   _EQep1Regs
00006b40   _EQep2Regs
00006f80   _GpioCtrlRegs
00006fc0   _GpioDataRegs
00006fe0   _GpioIntRegs
00007010   _SysCtrlRegs
00007040   _SpiaRegs
00007050   _SciaRegs
00007070   _XIntruptRegs
00007100   _AdcRegs
00007750   _ScibRegs
00007770   _ScicRegs
00007900   _I2caRegs
00008000   _RamfuncsLoadEnd
00008000   _RamfuncsLoadStart
00008000   _RamfuncsRunStart
00008000   ___cinit__
00008000   cinit
000080ee   _InitFlash
0000810b   _DSP28x_usDelay
0000c000   _count
0000c001   _ThetaMQ15
0000c002   _op_mode
0000c003   _qep_count
0000c004   _InitFlag
0000c005   _HallSignal
0000c006   _HallSignalM
0000c007   _nDir
0000c008   _fff
0000c009   _AD_Iw
0000c00a   _AD_Iu
0000c00b   _ddd
0000c00c   _ThetaQ15
0000c00d   _eee
0000c00e   _DAC_CH
0000c00f   _Iv
0000c010   _Iw
0000c011   _Iw_offset
0000c012   _Iu
0000c013   _aaa
0000c014   _AngleControl
0000c015   _ccc
0000c016   _bbb
0000c017   _IPM_FaultCount
0000c018   _IPM_Status
0000c019   _AD_Iv
0000c01a   _IPM_FaultFlag
0000c01b   _Iu_offset
0000c01c   _Iv_offset
0000c01d   _Ireal_FaultCount
0000c01e   _CurrentOffsetCount
0000c01f   _Comm_Speed
0000c020   _da3_type
0000c021   _Motor_Add
0000c022   _SpeedDown
0000c023   _da4_type
0000c024   _da4
0000c025   _da3
0000c026   _da2_type
0000c027   _da1
0000c028   _Comm_Type
0000c029   _da1_type
0000c02a   _da2
0000c02b   _DutyC
0000c02c   _count_pwm
0000c02d   _DutyB
0000c02e   _AD_Command
0000c02f   _DutyA
0000c030   _AD_Vdc
0000c031   _PulseRPM
0000c032   _P_Status
0000c033   _count_start
0000c034   _Vq
0000c036   _AlphaCurr
0000c038   _AlphaVdc
0000c03a   _kbl1
0000c03c   _lI_inv
0000c03e   _kbl4
0000c040   _I_invOld
0000c042   _I_invf
0000c044   _AdjAngle
0000c046   _Vd
0000c048   _kbl3
0000c04a   _PulseRef
0000c04c   _test_rx
0000c04e   _AntiGain
0000c050   _AntiWindUp_Vde
0000c052   _AntiWindUp_Vqe
0000c054   _test_tx
0000c056   _AntiWindUp_Iqe
0000c058   _Idf
0000c05a   _lIq
0000c05c   _Id_Old
0000c05e   _AlphaTheta
0000c060   _lId
0000c062   _Theta_Old
0000c064   _Thetaf
0000c066   _lTheta
0000c068   _Iq_Old
0000c06a   _Iqf
0000c06c   _SpeedEstHall
0000c06e   _ETheta_old
0000c070   _SpeedEstHallRpm
0000c072   _SpeedEstHallOld
0000c074   _AccSpdEstHall
0000c076   _SpeedEstHall_m
0000c078   _ThetaEstHall
0000c07a   _ThetaM
0000c07c   _ThetaEstHallError
0000c07e   _IntegrationEstHall
0000c080   _ThetaEstH
0000c082   _fVF_freq
0000c084   _Tsampsc
0000c086   _fVF_freq_set
0000c088   _fVF_freq_rad
0000c08a   _fVF_freq_slope
0000c08c   _fVF_theta
0000c08e   _Fc_SpdEstHall
0000c090   _Ki_EstHall
0000c092   _Vdc
0000c094   _Cos_Theta
0000c096   _Sin_Theta
0000c098   _da4_val
0000c09a   _da4_scale
0000c09c   _da4_data
0000c09e   _DifferenceHE
0000c0a0   _da4_mid
0000c0a2   _da2_mid
0000c0a4   _da3_data
0000c0a6   _da3_mid
0000c0a8   _da3_val
0000c0aa   _da3_rng
0000c0ac   _da3_scale
0000c0ae   _ETheta
0000c0b0   _HTheta_D1
0000c0b2   _EThetaM
0000c0b4   _Theta_old
0000c0b6   _Theta
0000c0b8   _Tsampcc
0000c0ba   _da2_data
0000c0bc   _da4_rng
0000c0be   _da2_val
0000c0c0   _HTheta
0000c0c2   _da2_scale
0000c0c4   _fIv
0000c0c6   _fIu
0000c0c8   _fIw
0000c0ca   _fCommand
0000c0cc   _fVdc
0000c0ce   _fVdcfOld
0000c0d0   _b
0000c0d2   _da1_rng
0000c0d4   _a
0000c0d6   _Ki_sc
0000c0d8   _Kp_sc
0000c0da   _speed_e
0000c0dc   _speed_m
0000c0de   _speed_rpm
0000c0e0   _Iq
0000c0e2   _Id
0000c0e4   _kbl2
0000c0e6   _fVdcf
0000c0e8   _DAC_scale
0000c0ea   _lfVdc
0000c0ec   _Vset
0000c0ee   _Low_fvdc
0000c0f0   _Kp_d_cc
0000c0f2   _Integ_q
0000c0f4   _Kp_q_cc
0000c0f6   _Ki_q_cc
0000c0f8   _Ki_d_cc
0000c0fa   _Wc_cc
0000c0fc   _Rs
0000c0fe   _HTheta_D0
0000c100   _Ld
0000c102   _Ke
0000c104   _Lq
0000c106   _da1_mid
0000c108   _da2_rng
0000c10a   _da1_data
0000c10c   _da1_scale
0000c10e   _da1_val
0000c110   _Vslope
0000c112   _Wc_spd
0000c114   _Integ_d
0000c116   _Icmd_target
0000c118   _SpeedCmdRpm1
0000c11a   _SpeedCmdRpm
0000c11c   _Integ_spd
0000c11e   _Vcmde
0000c122   _Ireale
0000c126   _Vcmds
0000c12a   _Ireals
0000c12e   _Icmde
0000c132   _Vcmd
0000c138   _Ireal
0000c140   _Vcmdn
0000c180   _LPF1
0000c24e   _rx_buff
0000c250   _Vcmda
0000c252   _fTest
0000c254   _test
0000c256   _sci_regs_ptr
0000c258   __lock
0000c25a   __unlock
0000c25c   ___TI_cleanup_ptr
0000c25e   ___TI_dtors_ptr
0000c260   _WaitFlag
0000c280   _debug_state
0000c281   _debug_cnt
0000c282   _debug_sum
0000c283   _debug_sum_temp
0000c284   _debug_wr_sum_flag
0000c285   _debug_tx_end
0000c286   _debug_wr_size
0000c287   _debug_tx_pos
0000c288   _debug_rd_addr
0000c28a   _debug_rd_addr_tmp
0000c28c   _debug_wr_addr
0000c28e   _debug_wr_data
0000c2c0   _debug_tx_buf
0000d000   _PieVectTableInit
0033fff8   _CsmPwl
00380080   _ADC_cal
ffffffff   ___binit__
ffffffff   ___c_args__
ffffffff   ___pinit__
ffffffff   binit
ffffffff   pinit

[441 symbols]
