******************************************************************************
             TMS320C2000 Linker PC v6.2.0                      
******************************************************************************
>> Linked Tue Apr 07 16:46:04 2015

OUTPUT FILE NAME:   <BLDC_0_final__ADD0_Iabc_10kHz.out>
ENTRY POINT SYMBOL: "_c_int00"  address: 0000ba6f


MEMORY CONFIGURATION

         name            origin    length      used     unused   attr    fill
----------------------  --------  ---------  --------  --------  ----  --------
PAGE 0:
  BEGIN                 00000000   00000002  00000002  00000000  RWIX
  BOOT_RSVD             00000002   0000004e  00000000  0000004e  RWIX
  RAMM0                 00000050   000003b0  00000000  000003b0  RWIX
  RAML0                 00008000   00001000  00000111  00000eef  RWIX
  RAML1                 00009000   00003000  00002bb7  00000449  RWIX
  ZONE7A                00200000   0000fc00  00000000  0000fc00  RWIX
  CSM_RSVD              0033ff80   00000076  00000000  00000076  RWIX
  CSM_PWL               0033fff8   00000008  00000000  00000008  RWIX
  ADC_CAL               00380080   00000009  00000007  00000002  RWIX
  IQTABLES              003fe000   00000b50  00000000  00000b50  RWIX
  IQTABLES2             003feb50   0000008c  00000000  0000008c  RWIX
  FPUTABLES             003febdc   000006a0  00000000  000006a0  RWIX
  BOOTROM               003ff27c   00000d44  00000000  00000d44  RWIX
  RESET                 003fffc0   00000002  00000000  00000002  RWIX

PAGE 1:
  RAMM1                 00000400   00000400  00000300  00000100  RWIX
  DEV_EMU               00000880   00000180  000000d0  000000b0  RWIX
  FLASH_REGS            00000a80   00000060  00000008  00000058  RWIX
  CSM                   00000ae0   00000010  00000010  00000000  RWIX
  ADC_MIRROR            00000b00   00000010  00000010  00000000  RWIX
  XINTF                 00000b20   00000020  0000001e  00000002  RWIX
  CPU_TIMER0            00000c00   00000008  00000008  00000000  RWIX
  CPU_TIMER1            00000c08   00000008  00000008  00000000  RWIX
  CPU_TIMER2            00000c10   00000008  00000008  00000000  RWIX
  PIE_CTRL              00000ce0   00000020  0000001a  00000006  RWIX
  PIE_VECT              00000d00   00000100  00000100  00000000  RWIX
  DMA                   00001000   00000200  000000e0  00000120  RWIX
  MCBSPA                00005000   00000040  00000025  0000001b  RWIX
  MCBSPB                00005040   00000040  00000025  0000001b  RWIX
  ECANA                 00006000   00000040  00000034  0000000c  RWIX
  ECANA_LAM             00006040   00000040  00000040  00000000  RWIX
  ECANA_MOTS            00006080   00000040  00000040  00000000  RWIX
  ECANA_MOTO            000060c0   00000040  00000040  00000000  RWIX
  ECANA_MBOX            00006100   00000100  00000100  00000000  RWIX
  ECANB                 00006200   00000040  00000034  0000000c  RWIX
  ECANB_LAM             00006240   00000040  00000040  00000000  RWIX
  ECANB_MOTS            00006280   00000040  00000040  00000000  RWIX
  ECANB_MOTO            000062c0   00000040  00000040  00000000  RWIX
  ECANB_MBOX            00006300   00000100  00000100  00000000  RWIX
  EPWM1                 00006800   00000022  00000022  00000000  RWIX
  EPWM2                 00006840   00000022  00000022  00000000  RWIX
  EPWM3                 00006880   00000022  00000022  00000000  RWIX
  EPWM4                 000068c0   00000022  00000022  00000000  RWIX
  EPWM5                 00006900   00000022  00000022  00000000  RWIX
  EPWM6                 00006940   00000022  00000022  00000000  RWIX
  ECAP1                 00006a00   00000020  00000020  00000000  RWIX
  ECAP2                 00006a20   00000020  00000020  00000000  RWIX
  ECAP3                 00006a40   00000020  00000020  00000000  RWIX
  ECAP4                 00006a60   00000020  00000020  00000000  RWIX
  ECAP5                 00006a80   00000020  00000020  00000000  RWIX
  ECAP6                 00006aa0   00000020  00000020  00000000  RWIX
  EQEP1                 00006b00   00000040  00000040  00000000  RWIX
  EQEP2                 00006b40   00000040  00000040  00000000  RWIX
  GPIOCTRL              00006f80   00000040  0000002e  00000012  RWIX
  GPIODAT               00006fc0   00000020  00000020  00000000  RWIX
  GPIOINT               00006fe0   00000020  0000000a  00000016  RWIX
  SYSTEM                00007010   00000020  00000020  00000000  RWIX
  SPIA                  00007040   00000010  00000010  00000000  RWIX
  SCIA                  00007050   00000010  00000010  00000000  RWIX
  XINTRUPT              00007070   00000010  00000010  00000000  RWIX
  ADC                   00007100   00000020  0000001e  00000002  RWIX
  SCIB                  00007750   00000010  00000010  00000000  RWIX
  SCIC                  00007770   00000010  00000010  00000000  RWIX
  I2CA                  00007900   00000040  00000022  0000001e  RWIX
  RAML4                 0000c000   00001000  000002f3  00000d0d  RWIX
  RAML5                 0000d000   00001000  0000010a  00000ef6  RWIX
  RAML6                 0000e000   00001000  00000000  00001000  RWIX
  RAML7                 0000f000   00001000  00000000  00001000  RWIX
  ZONE7B                0020fc00   00000400  00000000  00000400  RWIX
  CSM_PWL               0033fff8   00000008  00000008  00000000  RWIX


SECTION ALLOCATION MAP

 output                                  attributes/
section   page    origin      length       input sections
--------  ----  ----------  ----------   ----------------
codestart 
*          0    00000000    00000002     
                  00000000    00000002     DSP2833x_CodeStartBranch.obj (codestart)

.pinit     0    00008000    00000000     UNINITIALIZED

.cinit     0    00008000    000000f2     
                  00008000    0000008c     variable.obj (.cinit)
                  0000808c    0000002a     debug_283x.obj (.cinit)
                  000080b6    00000010     serial_api.obj (.cinit)
                  000080c6    0000000a     rts2800_fpu32.lib : _lock.obj (.cinit)
                  000080d0    0000000a                       : exit.obj (.cinit)
                  000080da    00000009     control.obj (.cinit)
                  000080e3    00000009     portserial.obj (.cinit)
                  000080ec    00000004     main.obj (.cinit)
                  000080f0    00000002     --HOLE-- [fill = 0]

ramfuncs   0    000080f2    0000001f     
                  000080f2    0000001b     DSP2833x_SysCtrl.obj (ramfuncs)
                  0000810d    00000004     DSP2833x_usDelay.obj (ramfuncs)

.text      0    00009000    00002bb7     
                  00009000    00000a53     control.obj (.text:retain)
                  00009a53    00000a48     control.obj (.text)
                  0000a49b    000005c3     main.obj (.text)
                  0000aa5e    000003e9     debug_283x.obj (.text)
                  0000ae47    0000035e     Init.obj (.text)
                  0000b1a5    00000316     DSP2833x_DefaultIsr.obj (.text:retain)
                  0000b4bb    00000205     ControlPeripheral.obj (.text)
                  0000b6c0    000000f3     DSP2833x_SysCtrl.obj (.text)
                  0000b7b3    0000009c     debug_283x.obj (.text:retain)
                  0000b84f    00000088     rts2800_fpu32.lib : fs_div.obj (.text)
                  0000b8d7    00000074     hal_sci.obj (.text)
                  0000b94b    0000006c     portserial.obj (.text)
                  0000b9b7    00000060     portserial.obj (.text:retain)
                  0000ba17    00000058     serial_api.obj (.text)
                  0000ba6f    00000046     rts2800_fpu32.lib : boot.obj (.text)
                  0000bab5    0000002a                       : l_div.obj (.text)
                  0000badf    00000028     DSP2833x_PieCtrl.obj (.text)
                  0000bb07    00000022     rts2800_fpu32.lib : i_div.obj (.text)
                  0000bb29    00000020     DSP2833x_PieVect.obj (.text)
                  0000bb49    00000019     rts2800_fpu32.lib : args_main.obj (.text)
                  0000bb62    00000019                       : exit.obj (.text)
                  0000bb7b    00000014     DSP2833x_Adc.obj (.text)
                  0000bb8f    0000000c     rts2800_fpu32.lib : memset.obj (.text)
                  0000bb9b    0000000b                       : u_div.obj (.text)
                  0000bba6    00000009                       : _lock.obj (.text)
                  0000bbaf    00000008     DSP2833x_CodeStartBranch.obj (.text)

csm_rsvd   0    0033ff80    00000000     DSECT

csmpasswds 
*          0    0033fff8    00000000     DSECT

.adc_cal   0    00380080    00000007     NOLOAD SECTION
                  00380080    00000007     DSP2833x_ADC_cal.obj (.adc_cal)

.reset     0    003fffc0    00000002     DSECT
                  003fffc0    00000002     rts2800_fpu32.lib : boot.obj (.reset)

.stack     1    00000400    00000300     UNINITIALIZED
                  00000400    00000300     --HOLE--

DevEmuRegsFile 
*          1    00000880    000000d0     UNINITIALIZED
                  00000880    000000d0     DSP2833x_GlobalVariableDefs.obj (DevEmuRegsFile)

FlashRegsFile 
*          1    00000a80    00000008     UNINITIALIZED
                  00000a80    00000008     DSP2833x_GlobalVariableDefs.obj (FlashRegsFile)

CsmRegsFile 
*          1    00000ae0    00000010     UNINITIALIZED
                  00000ae0    00000010     DSP2833x_GlobalVariableDefs.obj (CsmRegsFile)

AdcMirrorFile 
*          1    00000b00    00000010     UNINITIALIZED
                  00000b00    00000010     DSP2833x_GlobalVariableDefs.obj (AdcMirrorFile)

XintfRegsFile 
*          1    00000b20    0000001e     UNINITIALIZED
                  00000b20    0000001e     DSP2833x_GlobalVariableDefs.obj (XintfRegsFile)

CpuTimer0RegsFile 
*          1    00000c00    00000008     UNINITIALIZED
                  00000c00    00000008     DSP2833x_GlobalVariableDefs.obj (CpuTimer0RegsFile)

CpuTimer1RegsFile 
*          1    00000c08    00000008     UNINITIALIZED
                  00000c08    00000008     DSP2833x_GlobalVariableDefs.obj (CpuTimer1RegsFile)

CpuTimer2RegsFile 
*          1    00000c10    00000008     UNINITIALIZED
                  00000c10    00000008     DSP2833x_GlobalVariableDefs.obj (CpuTimer2RegsFile)

PieCtrlRegsFile 
*          1    00000ce0    0000001a     UNINITIALIZED
                  00000ce0    0000001a     DSP2833x_GlobalVariableDefs.obj (PieCtrlRegsFile)

PieVectTableFile 
*          1    00000d00    00000100     UNINITIALIZED
                  00000d00    00000100     DSP2833x_GlobalVariableDefs.obj (PieVectTableFile)

DmaRegsFile 
*          1    00001000    000000e0     UNINITIALIZED
                  00001000    000000e0     DSP2833x_GlobalVariableDefs.obj (DmaRegsFile)

McbspaRegsFile 
*          1    00005000    00000025     UNINITIALIZED
                  00005000    00000025     DSP2833x_GlobalVariableDefs.obj (McbspaRegsFile)

McbspbRegsFile 
*          1    00005040    00000025     UNINITIALIZED
                  00005040    00000025     DSP2833x_GlobalVariableDefs.obj (McbspbRegsFile)

ECanaRegsFile 
*          1    00006000    00000034     UNINITIALIZED
                  00006000    00000034     DSP2833x_GlobalVariableDefs.obj (ECanaRegsFile)

ECanaLAMRegsFile 
*          1    00006040    00000040     UNINITIALIZED
                  00006040    00000040     DSP2833x_GlobalVariableDefs.obj (ECanaLAMRegsFile)

ECanaMOTSRegsFile 
*          1    00006080    00000040     UNINITIALIZED
                  00006080    00000040     DSP2833x_GlobalVariableDefs.obj (ECanaMOTSRegsFile)

ECanaMOTORegsFile 
*          1    000060c0    00000040     UNINITIALIZED
                  000060c0    00000040     DSP2833x_GlobalVariableDefs.obj (ECanaMOTORegsFile)

ECanaMboxesFile 
*          1    00006100    00000100     UNINITIALIZED
                  00006100    00000100     DSP2833x_GlobalVariableDefs.obj (ECanaMboxesFile)

ECanbRegsFile 
*          1    00006200    00000034     UNINITIALIZED
                  00006200    00000034     DSP2833x_GlobalVariableDefs.obj (ECanbRegsFile)

ECanbLAMRegsFile 
*          1    00006240    00000040     UNINITIALIZED
                  00006240    00000040     DSP2833x_GlobalVariableDefs.obj (ECanbLAMRegsFile)

ECanbMOTSRegsFile 
*          1    00006280    00000040     UNINITIALIZED
                  00006280    00000040     DSP2833x_GlobalVariableDefs.obj (ECanbMOTSRegsFile)

ECanbMOTORegsFile 
*          1    000062c0    00000040     UNINITIALIZED
                  000062c0    00000040     DSP2833x_GlobalVariableDefs.obj (ECanbMOTORegsFile)

ECanbMboxesFile 
*          1    00006300    00000100     UNINITIALIZED
                  00006300    00000100     DSP2833x_GlobalVariableDefs.obj (ECanbMboxesFile)

EPwm1RegsFile 
*          1    00006800    00000022     UNINITIALIZED
                  00006800    00000022     DSP2833x_GlobalVariableDefs.obj (EPwm1RegsFile)

EPwm2RegsFile 
*          1    00006840    00000022     UNINITIALIZED
                  00006840    00000022     DSP2833x_GlobalVariableDefs.obj (EPwm2RegsFile)

EPwm3RegsFile 
*          1    00006880    00000022     UNINITIALIZED
                  00006880    00000022     DSP2833x_GlobalVariableDefs.obj (EPwm3RegsFile)

EPwm4RegsFile 
*          1    000068c0    00000022     UNINITIALIZED
                  000068c0    00000022     DSP2833x_GlobalVariableDefs.obj (EPwm4RegsFile)

EPwm5RegsFile 
*          1    00006900    00000022     UNINITIALIZED
                  00006900    00000022     DSP2833x_GlobalVariableDefs.obj (EPwm5RegsFile)

EPwm6RegsFile 
*          1    00006940    00000022     UNINITIALIZED
                  00006940    00000022     DSP2833x_GlobalVariableDefs.obj (EPwm6RegsFile)

ECap1RegsFile 
*          1    00006a00    00000020     UNINITIALIZED
                  00006a00    00000020     DSP2833x_GlobalVariableDefs.obj (ECap1RegsFile)

ECap2RegsFile 
*          1    00006a20    00000020     UNINITIALIZED
                  00006a20    00000020     DSP2833x_GlobalVariableDefs.obj (ECap2RegsFile)

ECap3RegsFile 
*          1    00006a40    00000020     UNINITIALIZED
                  00006a40    00000020     DSP2833x_GlobalVariableDefs.obj (ECap3RegsFile)

ECap4RegsFile 
*          1    00006a60    00000020     UNINITIALIZED
                  00006a60    00000020     DSP2833x_GlobalVariableDefs.obj (ECap4RegsFile)

ECap5RegsFile 
*          1    00006a80    00000020     UNINITIALIZED
                  00006a80    00000020     DSP2833x_GlobalVariableDefs.obj (ECap5RegsFile)

ECap6RegsFile 
*          1    00006aa0    00000020     UNINITIALIZED
                  00006aa0    00000020     DSP2833x_GlobalVariableDefs.obj (ECap6RegsFile)

EQep1RegsFile 
*          1    00006b00    00000040     UNINITIALIZED
                  00006b00    00000040     DSP2833x_GlobalVariableDefs.obj (EQep1RegsFile)

EQep2RegsFile 
*          1    00006b40    00000040     UNINITIALIZED
                  00006b40    00000040     DSP2833x_GlobalVariableDefs.obj (EQep2RegsFile)

GpioCtrlRegsFile 
*          1    00006f80    0000002e     UNINITIALIZED
                  00006f80    0000002e     DSP2833x_GlobalVariableDefs.obj (GpioCtrlRegsFile)

GpioDataRegsFile 
*          1    00006fc0    00000020     UNINITIALIZED
                  00006fc0    00000020     DSP2833x_GlobalVariableDefs.obj (GpioDataRegsFile)

GpioIntRegsFile 
*          1    00006fe0    0000000a     UNINITIALIZED
                  00006fe0    0000000a     DSP2833x_GlobalVariableDefs.obj (GpioIntRegsFile)

SysCtrlRegsFile 
*          1    00007010    00000020     UNINITIALIZED
                  00007010    00000020     DSP2833x_GlobalVariableDefs.obj (SysCtrlRegsFile)

SpiaRegsFile 
*          1    00007040    00000010     UNINITIALIZED
                  00007040    00000010     DSP2833x_GlobalVariableDefs.obj (SpiaRegsFile)

SciaRegsFile 
*          1    00007050    00000010     UNINITIALIZED
                  00007050    00000010     DSP2833x_GlobalVariableDefs.obj (SciaRegsFile)

XIntruptRegsFile 
*          1    00007070    00000010     UNINITIALIZED
                  00007070    00000010     DSP2833x_GlobalVariableDefs.obj (XIntruptRegsFile)

AdcRegsFile 
*          1    00007100    0000001e     UNINITIALIZED
                  00007100    0000001e     DSP2833x_GlobalVariableDefs.obj (AdcRegsFile)

ScibRegsFile 
*          1    00007750    00000010     UNINITIALIZED
                  00007750    00000010     DSP2833x_GlobalVariableDefs.obj (ScibRegsFile)

ScicRegsFile 
*          1    00007770    00000010     UNINITIALIZED
                  00007770    00000010     DSP2833x_GlobalVariableDefs.obj (ScicRegsFile)

I2caRegsFile 
*          1    00007900    00000022     UNINITIALIZED
                  00007900    00000022     DSP2833x_GlobalVariableDefs.obj (I2caRegsFile)

.ebss      1    0000c000    000002f3     UNINITIALIZED
                  0000c000    00000248     variable.obj (.ebss)
                  0000c248    00000008     serial_api.obj (.ebss)
                  0000c250    00000004     control.obj (.ebss)
                  0000c254    00000004     portserial.obj (.ebss)
                  0000c258    00000004     rts2800_fpu32.lib : _lock.obj (.ebss)
                  0000c25c    00000004                       : exit.obj (.ebss)
                  0000c260    00000001     main.obj (.ebss)
                  0000c261    0000001f     --HOLE--
                  0000c280    00000073     debug_283x.obj (.ebss)

.econst    1    0000d000    0000010a     
                  0000d000    00000100     DSP2833x_PieVect.obj (.econst)
                  0000d100    0000000a     debug_283x.obj (.econst:.string)

CsmPwlFile 
*          1    0033fff8    00000008     UNINITIALIZED
                  0033fff8    00000008     DSP2833x_GlobalVariableDefs.obj (CsmPwlFile)


GLOBAL DATA SYMBOLS: SORTED BY DATA PAGE

address     data page           name
--------    ----------------    ----
00000400      10 (00000400)     __stack

00000880      22 (00000880)     _DevEmuRegs

00000a80      2a (00000a80)     _FlashRegs

00000ae0      2b (00000ac0)     _CsmRegs

00000b00      2c (00000b00)     _AdcMirror
00000b20      2c (00000b00)     _XintfRegs

00000c00      30 (00000c00)     _CpuTimer0Regs
00000c08      30 (00000c00)     _CpuTimer1Regs
00000c10      30 (00000c00)     _CpuTimer2Regs

00000ce0      33 (00000cc0)     _PieCtrlRegs

00000d00      34 (00000d00)     _PieVectTable

00001000      40 (00001000)     _DmaRegs

00005000     140 (00005000)     _McbspaRegs

00005040     141 (00005040)     _McbspbRegs

00006000     180 (00006000)     _ECanaRegs

00006040     181 (00006040)     _ECanaLAMRegs

00006080     182 (00006080)     _ECanaMOTSRegs

000060c0     183 (000060c0)     _ECanaMOTORegs

00006100     184 (00006100)     _ECanaMboxes

00006200     188 (00006200)     _ECanbRegs

00006240     189 (00006240)     _ECanbLAMRegs

00006280     18a (00006280)     _ECanbMOTSRegs

000062c0     18b (000062c0)     _ECanbMOTORegs

00006300     18c (00006300)     _ECanbMboxes

00006800     1a0 (00006800)     _EPwm1Regs

00006840     1a1 (00006840)     _EPwm2Regs

00006880     1a2 (00006880)     _EPwm3Regs

000068c0     1a3 (000068c0)     _EPwm4Regs

00006900     1a4 (00006900)     _EPwm5Regs

00006940     1a5 (00006940)     _EPwm6Regs

00006a00     1a8 (00006a00)     _ECap1Regs
00006a20     1a8 (00006a00)     _ECap2Regs

00006a40     1a9 (00006a40)     _ECap3Regs
00006a60     1a9 (00006a40)     _ECap4Regs

00006a80     1aa (00006a80)     _ECap5Regs
00006aa0     1aa (00006a80)     _ECap6Regs

00006b00     1ac (00006b00)     _EQep1Regs

00006b40     1ad (00006b40)     _EQep2Regs

00006f80     1be (00006f80)     _GpioCtrlRegs

00006fc0     1bf (00006fc0)     _GpioDataRegs
00006fe0     1bf (00006fc0)     _GpioIntRegs

00007010     1c0 (00007000)     _SysCtrlRegs

00007040     1c1 (00007040)     _SpiaRegs
00007050     1c1 (00007040)     _SciaRegs
00007070     1c1 (00007040)     _XIntruptRegs

00007100     1c4 (00007100)     _AdcRegs

00007750     1dd (00007740)     _ScibRegs
00007770     1dd (00007740)     _ScicRegs

00007900     1e4 (00007900)     _I2caRegs

0000c000     300 (0000c000)     _Iw_offset
0000c001     300 (0000c000)     _Iu
0000c002     300 (0000c000)     _Iv_offset
0000c003     300 (0000c000)     _CurrentOffsetCount
0000c004     300 (0000c000)     _Iu_offset
0000c005     300 (0000c000)     _AD_Iv
0000c006     300 (0000c000)     _AD_Iw
0000c007     300 (0000c000)     _AD_Iu
0000c008     300 (0000c000)     _Iv
0000c009     300 (0000c000)     _Iw
0000c00a     300 (0000c000)     _Ireal_FaultCount
0000c00b     300 (0000c000)     _HallSignal
0000c00c     300 (0000c000)     _HallSignalM
0000c00d     300 (0000c000)     _op_mode
0000c00e     300 (0000c000)     _ThetaMQ15
0000c00f     300 (0000c000)     _count
0000c010     300 (0000c000)     _IPM_FaultCount
0000c011     300 (0000c000)     _IPM_Status
0000c012     300 (0000c000)     _IPM_FaultFlag
0000c013     300 (0000c000)     _qep_count
0000c014     300 (0000c000)     _InitFlag
0000c015     300 (0000c000)     _nDir
0000c016     300 (0000c000)     _P_Status
0000c017     300 (0000c000)     _fff
0000c018     300 (0000c000)     _ddd
0000c019     300 (0000c000)     _eee
0000c01a     300 (0000c000)     _Comm_Type
0000c01b     300 (0000c000)     _Comm_Speed
0000c01c     300 (0000c000)     _Motor_Add
0000c01d     300 (0000c000)     _PulseRPM
0000c01e     300 (0000c000)     _SpeedDown
0000c01f     300 (0000c000)     _ccc
0000c020     300 (0000c000)     _DutyB
0000c021     300 (0000c000)     _DutyC
0000c022     300 (0000c000)     _DutyA
0000c023     300 (0000c000)     _AD_Vdc
0000c024     300 (0000c000)     _AD_Command
0000c025     300 (0000c000)     _aaa
0000c026     300 (0000c000)     _bbb
0000c027     300 (0000c000)     _AngleControl
0000c028     300 (0000c000)     _count_pwm
0000c029     300 (0000c000)     _count_start
0000c02a     300 (0000c000)     _ThetaQ15
0000c02b     300 (0000c000)     _da4
0000c02c     300 (0000c000)     _da3
0000c02d     300 (0000c000)     _da1_type
0000c02e     300 (0000c000)     _da3_type
0000c02f     300 (0000c000)     _da2_type
0000c030     300 (0000c000)     _da4_type
0000c031     300 (0000c000)     _da1
0000c032     300 (0000c000)     _da2
0000c034     300 (0000c000)     _Vset
0000c036     300 (0000c000)     _speed_m
0000c038     300 (0000c000)     _Vslope
0000c03a     300 (0000c000)     _da1_mid
0000c03c     300 (0000c000)     _da1_data
0000c03e     300 (0000c000)     _fVdc

0000c040     301 (0000c040)     _AdjAngle
0000c042     301 (0000c040)     _Iq
0000c044     301 (0000c040)     _Vq
0000c046     301 (0000c040)     _speed_rpm
0000c048     301 (0000c040)     _speed_e
0000c04a     301 (0000c040)     _Vd
0000c04c     301 (0000c040)     _Id
0000c04e     301 (0000c040)     _da3_rng
0000c050     301 (0000c040)     _da3_scale
0000c052     301 (0000c040)     _da2_data
0000c054     301 (0000c040)     _Low_fvdc
0000c056     301 (0000c040)     _lfVdc
0000c058     301 (0000c040)     _da2_mid
0000c05a     301 (0000c040)     _fVdcf
0000c05c     301 (0000c040)     _da2_rng
0000c05e     301 (0000c040)     _fCommand
0000c060     301 (0000c040)     _da2_val
0000c062     301 (0000c040)     _da3_val
0000c064     301 (0000c040)     _fVdcfOld
0000c066     301 (0000c040)     _da2_scale
0000c068     301 (0000c040)     _Iqf
0000c06a     301 (0000c040)     _Iq_Old
0000c06c     301 (0000c040)     _AntiWindUp_Vde
0000c06e     301 (0000c040)     _Idf
0000c070     301 (0000c040)     _Id_Old
0000c072     301 (0000c040)     _AntiWindUp_Iqe
0000c074     301 (0000c040)     _b
0000c076     301 (0000c040)     _PulseRef
0000c078     301 (0000c040)     _test_rx
0000c07a     301 (0000c040)     _AntiWindUp_Vqe
0000c07c     301 (0000c040)     _lIq
0000c07e     301 (0000c040)     _a

0000c080     302 (0000c080)     _AntiGain
0000c082     302 (0000c080)     _lI_inv
0000c084     302 (0000c080)     _kbl4
0000c086     302 (0000c080)     _I_invf
0000c088     302 (0000c080)     _kbl2
0000c08a     302 (0000c080)     _kbl1
0000c08c     302 (0000c080)     _I_invOld
0000c08e     302 (0000c080)     _da1_scale
0000c090     302 (0000c080)     _da1_val
0000c092     302 (0000c080)     _lId
0000c094     302 (0000c080)     _AlphaCurr
0000c096     302 (0000c080)     _kbl3
0000c098     302 (0000c080)     _da1_rng
0000c09a     302 (0000c080)     _Ld
0000c09c     302 (0000c080)     _Rs
0000c09e     302 (0000c080)     _Ke
0000c0a0     302 (0000c080)     _Lq
0000c0a2     302 (0000c080)     _fVF_freq_slope
0000c0a4     302 (0000c080)     _fVF_freq_set
0000c0a6     302 (0000c080)     _fVF_theta
0000c0a8     302 (0000c080)     _Ki_d_cc
0000c0aa     302 (0000c080)     _Kp_q_cc
0000c0ac     302 (0000c080)     _Wc_cc
0000c0ae     302 (0000c080)     _Ki_q_cc
0000c0b0     302 (0000c080)     _Integ_d
0000c0b2     302 (0000c080)     _fVF_freq_rad
0000c0b4     302 (0000c080)     _Kp_d_cc
0000c0b6     302 (0000c080)     _Integ_q
0000c0b8     302 (0000c080)     _AccSpdEstHall
0000c0ba     302 (0000c080)     _SpeedEstHallRpm
0000c0bc     302 (0000c080)     _SpeedEstHall_m
0000c0be     302 (0000c080)     _SpeedEstHallOld

0000c0c0     303 (0000c0c0)     _Ki_EstHall
0000c0c2     303 (0000c0c0)     _IntegrationEstHall
0000c0c4     303 (0000c0c0)     _SpeedEstHall
0000c0c6     303 (0000c0c0)     _Tsampcc
0000c0c8     303 (0000c0c0)     _Cos_Theta
0000c0ca     303 (0000c0c0)     _fVF_freq
0000c0cc     303 (0000c0c0)     _Tsampsc
0000c0ce     303 (0000c0c0)     _Fc_SpdEstHall
0000c0d0     303 (0000c0c0)     _ETheta_old
0000c0d2     303 (0000c0c0)     _Sin_Theta
0000c0d4     303 (0000c0c0)     _Vdc
0000c0d6     303 (0000c0c0)     _HTheta
0000c0d8     303 (0000c0c0)     _HTheta_D0
0000c0da     303 (0000c0c0)     _da4_mid
0000c0dc     303 (0000c0c0)     _DifferenceHE
0000c0de     303 (0000c0c0)     _EThetaM
0000c0e0     303 (0000c0c0)     _Theta
0000c0e2     303 (0000c0c0)     _HTheta_D1
0000c0e4     303 (0000c0c0)     _ETheta
0000c0e6     303 (0000c0c0)     _da4_data
0000c0e8     303 (0000c0c0)     _fIu
0000c0ea     303 (0000c0c0)     _da3_data
0000c0ec     303 (0000c0c0)     _fIw
0000c0ee     303 (0000c0c0)     _fIv
0000c0f0     303 (0000c0c0)     _da4_scale
0000c0f2     303 (0000c0c0)     _da4_val
0000c0f4     303 (0000c0c0)     _da3_mid
0000c0f6     303 (0000c0c0)     _da4_rng
0000c0f8     303 (0000c0c0)     _AlphaVdc
0000c0fa     303 (0000c0c0)     _Ki_sc
0000c0fc     303 (0000c0c0)     _Kp_sc
0000c0fe     303 (0000c0c0)     _ThetaEstHallError

0000c100     304 (0000c100)     _ThetaEstH
0000c102     304 (0000c100)     _ThetaEstHall
0000c104     304 (0000c100)     _Icmd_target
0000c106     304 (0000c100)     _Wc_spd
0000c108     304 (0000c100)     _SpeedCmdRpm1
0000c10a     304 (0000c100)     _SpeedCmdRpm
0000c10c     304 (0000c100)     _Integ_spd
0000c10e     304 (0000c100)     _Theta_old
0000c110     304 (0000c100)     _ThetaM
0000c112     304 (0000c100)     _Vcmde
0000c116     304 (0000c100)     _Ireals
0000c11a     304 (0000c100)     _Ireale
0000c11e     304 (0000c100)     _Icmde
0000c122     304 (0000c100)     _Vcmds
0000c126     304 (0000c100)     _Vcmdn
0000c12c     304 (0000c100)     _Vcmd
0000c132     304 (0000c100)     _Ireal

0000c140     305 (0000c140)     _test_tx

0000c180     306 (0000c180)     _LPF1

0000c24e     309 (0000c240)     _rx_buff
0000c250     309 (0000c240)     _Vcmda
0000c252     309 (0000c240)     _fTest
0000c254     309 (0000c240)     _test
0000c256     309 (0000c240)     _sci_regs_ptr
0000c258     309 (0000c240)     __unlock
0000c25a     309 (0000c240)     __lock
0000c25c     309 (0000c240)     ___TI_cleanup_ptr
0000c25e     309 (0000c240)     ___TI_dtors_ptr
0000c260     309 (0000c240)     _WaitFlag

0000c280     30a (0000c280)     _debug_state
0000c281     30a (0000c280)     _debug_cnt
0000c282     30a (0000c280)     _debug_sum
0000c283     30a (0000c280)     _debug_sum_temp
0000c284     30a (0000c280)     _debug_wr_sum_flag
0000c285     30a (0000c280)     _debug_tx_end
0000c286     30a (0000c280)     _debug_wr_size
0000c287     30a (0000c280)     _debug_tx_pos
0000c288     30a (0000c280)     _debug_rd_addr
0000c28a     30a (0000c280)     _debug_rd_addr_tmp
0000c28c     30a (0000c280)     _debug_wr_addr
0000c28e     30a (0000c280)     _debug_wr_data

0000c2c0     30b (0000c2c0)     _debug_tx_buf

0000d000     340 (0000d000)     _PieVectTableInit

0033fff8    cfff (0033ffc0)     _CsmPwl


GLOBAL SYMBOLS: SORTED ALPHABETICALLY BY Name 

address    name
--------   ----
00009000   .text
0000bb62   C$$EXIT
0000b84f   FS$$DIV
0000bb07   I$$DIV
0000bb18   I$$MOD
0000bab5   L$$DIV
0000bac4   L$$MOD
0000bb9b   U$$DIV
0000bba0   U$$MOD
0000bad2   UL$$DIV
0000bad9   UL$$MOD
0000b28b   _ADCINT_ISR
00380080   _ADC_cal
0000c024   _AD_Command
0000c007   _AD_Iu
0000c005   _AD_Iv
0000c006   _AD_Iw
0000c023   _AD_Vdc
0000c0b8   _AccSpdEstHall
00000b00   _AdcMirror
00007100   _AdcRegs
0000c040   _AdjAngle
0000c094   _AlphaCurr
0000c0f8   _AlphaVdc
0000c027   _AngleControl
0000c080   _AntiGain
0000c072   _AntiWindUp_Iqe
0000c06c   _AntiWindUp_Vde
0000c07a   _AntiWindUp_Vqe
0000b548   _BootStrap
00009c2c   _CalculateSpeed
00009c2d   _CalculateSpeedHall
0000ba59   _CheckAndRecvSerialData
0000c01b   _Comm_Speed
0000c01a   _Comm_Type
0000c0c8   _Cos_Theta
00000c00   _CpuTimer0Regs
00000c08   _CpuTimer1Regs
00000c10   _CpuTimer2Regs
0033fff8   _CsmPwl
00000ae0   _CsmRegs
0000b782   _CsmUnlock
00009ac0   _CurrentControl
0000c003   _CurrentOffsetCount
0000b1b9   _DATALOG_ISR
0000b62b   _DA_OUT
0000b3ad   _DINTCH1_ISR
0000b3b7   _DINTCH2_ISR
0000b3c1   _DINTCH3_ISR
0000b3cb   _DINTCH4_ISR
0000b3d5   _DINTCH5_ISR
0000b3df   _DINTCH6_ISR
0000810d   _DSP28x_usDelay
00000880   _DevEmuRegs
0000c0dc   _DifferenceHE
0000b6d3   _DisableDog
0000b566   _DisableXINT1
0000b570   _DisableXINT2
00001000   _DmaRegs
0000c022   _DutyA
0000c020   _DutyB
0000c021   _DutyC
0000b439   _ECAN0INTA_ISR
0000b44d   _ECAN0INTB_ISR
0000b443   _ECAN1INTA_ISR
0000b457   _ECAN1INTB_ISR
0000b321   _ECAP1_INT_ISR
0000b32b   _ECAP2_INT_ISR
0000b335   _ECAP3_INT_ISR
0000b33f   _ECAP4_INT_ISR
0000b349   _ECAP5_INT_ISR
0000b353   _ECAP6_INT_ISR
00006040   _ECanaLAMRegs
000060c0   _ECanaMOTORegs
00006080   _ECanaMOTSRegs
00006100   _ECanaMboxes
00006000   _ECanaRegs
00006240   _ECanbLAMRegs
000062c0   _ECanbMOTORegs
00006280   _ECanbMOTSRegs
00006300   _ECanbMboxes
00006200   _ECanbRegs
00006a00   _ECap1Regs
00006a20   _ECap2Regs
00006a40   _ECap3Regs
00006a60   _ECap4Regs
00006a80   _ECap5Regs
00006aa0   _ECap6Regs
0000b1cd   _EMUINT_ISR
0000b2e5   _EPWM1_INT_ISR
0000b2a9   _EPWM1_TZINT_ISR
0000b2ef   _EPWM2_INT_ISR
0000b2b3   _EPWM2_TZINT_ISR
0000b2f9   _EPWM3_INT_ISR
0000b2bd   _EPWM3_TZINT_ISR
0000b303   _EPWM4_INT_ISR
0000b2c7   _EPWM4_TZINT_ISR
0000b30d   _EPWM5_INT_ISR
0000b2d1   _EPWM5_TZINT_ISR
0000b317   _EPWM6_INT_ISR
0000b2db   _EPWM6_TZINT_ISR
00006800   _EPwm1Regs
00006840   _EPwm2Regs
00006880   _EPwm3Regs
000068c0   _EPwm4Regs
00006900   _EPwm5Regs
00006940   _EPwm6Regs
0000b35d   _EQEP1_INT_ISR
0000b367   _EQEP2_INT_ISR
00006b00   _EQep1Regs
00006b40   _EQep2Regs
0000c0e4   _ETheta
0000c0de   _EThetaM
0000c0d0   _ETheta_old
0000bafe   _EnableInterrupts
0000b561   _EnableXINT1
0000b56b   _EnableXINT2
00009c2b   _EstimateCurrent
00009c2e   _EstimateThetaHall
0000c0ce   _Fc_SpdEstHall
00000a80   _FlashRegs
00009c2a   _ForcedAlign
0000a9eb   _GainUpdate
0000b52f   _GateOff
00006f80   _GpioCtrlRegs
00006fc0   _GpioDataRegs
00006fe0   _GpioIntRegs
0000aed6   _Gpio_select
0000c0d6   _HTheta
0000c0d8   _HTheta_D0
0000c0e2   _HTheta_D1
0000c00b   _HallSignal
0000c00c   _HallSignalM
0000b3e9   _I2CINT1A_ISR
0000b3f3   _I2CINT2A_ISR
00007900   _I2caRegs
0000b1e1   _ILLEGAL_ISR
0000b1a5   _INT13_ISR
0000b1af   _INT14_ISR
0000c010   _IPM_FaultCount
0000c012   _IPM_FaultFlag
0000c011   _IPM_Status
0000c08c   _I_invOld
0000c086   _I_invf
0000c104   _Icmd_target
0000c11e   _Icmde
0000c04c   _Id
0000c070   _Id_Old
0000c06e   _Idf
0000bb7b   _InitAdc
0000b183   _InitECAP1
0000b194   _InitECAP2
0000afcd   _InitEPWM
0000c014   _InitFlag
000080f2   _InitFlash
0000b727   _InitPeripheralClocks
0000badf   _InitPieCtrl
0000bb29   _InitPieVectTable
0000b6db   _InitPll
0000ae7f   _InitQEP
0000afbd   _InitSPI_DAC
0000b6c0   _InitSysCtrl
0000a5ae   _InitVariable
0000ae89   _InitXINT1
0000aead   _InitXINT2
0000c0b0   _Integ_d
0000c0b6   _Integ_q
0000c10c   _Integ_spd
0000c0c2   _IntegrationEstHall
0000c042   _Iq
0000c06a   _Iq_Old
0000c068   _Iqf
0000c132   _Ireal
0000c00a   _Ireal_FaultCount
0000c11a   _Ireale
0000c116   _Ireals
0000a02b   _Is_SVPWM
0000a326   _Is_Theta_Cal
0000a154   _Is_abc2dqs
0000a1bd   _Is_dqe2dqs
0000a293   _Is_dqs2abc
0000a18a   _Is_dqs2dqe
0000c001   _Iu
0000c004   _Iu_offset
0000c008   _Iv
0000c002   _Iv_offset
0000c009   _Iw
0000c000   _Iw_offset
0000c09e   _Ke
0000c0c0   _Ki_EstHall
0000c0a8   _Ki_d_cc
0000c0ae   _Ki_q_cc
0000c0fa   _Ki_sc
0000c0b4   _Kp_d_cc
0000c0aa   _Kp_q_cc
0000c0fc   _Kp_sc
0000c180   _LPF1
0000b49d   _LUF_ISR
0000b493   _LVF_ISR
0000c09a   _Ld
0000b575   _LedControl
0000a56e   _LedTest
0000c054   _Low_fvdc
0000c0a0   _Lq
0000b399   _MRINTA_ISR
0000b385   _MRINTB_ISR
0000b3a3   _MXINTA_ISR
0000b38f   _MXINTB_ISR
00005000   _McbspaRegs
00005040   _McbspbRegs
0000a599   _MemCopy
0000c01c   _Motor_Add
0000b1d7   _NMI_ISR
0000a2c0   _OpenLoopStart
0000b5f5   _OutputDAC
0000b4a7   _PIE_RESERVED
0000b5e6   _PWMControl
0000c016   _P_Status
00000ce0   _PieCtrlRegs
00000d00   _PieVectTable
0000d000   _PieVectTableInit
0000c01d   _PulseRPM
0000c076   _PulseRef
0000b1c3   _RTOSINT_ISR
00009ca1   _ReadEncoder
00009dfb   _ReadHallSensor
0000b5d9   _RelayControl
0000c09c   _Rs
0000b4bb   _RunECAP1Timer
0000b4c0   _RunECAP2Timer
0000b411   _SCIRXINTA_ISR
0000b425   _SCIRXINTB_ISR
0000b3fd   _SCIRXINTC_ISR
0000b41b   _SCITXINTA_ISR
0000b42f   _SCITXINTB_ISR
0000b407   _SCITXINTC_ISR
0000b263   _SEQ1INT_ISR
0000b26d   _SEQ2INT_ISR
0000b371   _SPIRXINTA_ISR
0000b37b   _SPITXINTA_ISR
0000b90f   _SciInit
0000b9b7   _SciRxIsrHandler
0000b8f3   _SciRxIsrSet
0000b8d7   _SciRxSet
0000b9e7   _SciTxIsrHandler
0000b901   _SciTxIsrSet
0000b8e5   _SciTxSet
00007050   _SciaRegs
00007750   _ScibRegs
00007770   _ScicRegs
0000b9ad   _SerialGetByte
0000b993   _SerialInit
0000b9a4   _SerialPutByte
0000b94b   _SerialReceiveMode
0000ba2a   _SerialReceive_Cb
0000ba17   _SerialTransmit
0000b96f   _SerialTransmitMode
0000ba41   _SerialTransmit_Cb
0000b6c9   _ServiceDog
0000b4c5   _SetCaptureHall
0000ae47   _SetupADC
0000c0d2   _Sin_Theta
0000c10a   _SpeedCmdRpm
0000c108   _SpeedCmdRpm1
00009a53   _SpeedControl
0000c01e   _SpeedDown
0000c0c4   _SpeedEstHall
0000c0be   _SpeedEstHallOld
0000c0ba   _SpeedEstHallRpm
0000c0bc   _SpeedEstHall_m
00007040   _SpiaRegs
00007010   _SysCtrlRegs
0000b295   _TINT0_ISR
0000c0e0   _Theta
0000c100   _ThetaEstH
0000c102   _ThetaEstHall
0000c0fe   _ThetaEstHallError
0000c110   _ThetaM
0000c00e   _ThetaMQ15
0000c02a   _ThetaQ15
0000c10e   _Theta_old
0000c0c6   _Tsampcc
0000c0cc   _Tsampsc
0000b245   _USER10_ISR
0000b24f   _USER11_ISR
0000b259   _USER12_ISR
0000b1eb   _USER1_ISR
0000b1f5   _USER2_ISR
0000b1ff   _USER3_ISR
0000b209   _USER4_ISR
0000b213   _USER5_ISR
0000b21d   _USER6_ISR
0000b227   _USER7_ISR
0000b231   _USER8_ISR
0000b23b   _USER9_ISR
0000c12c   _Vcmd
0000c250   _Vcmda
0000c112   _Vcmde
0000c126   _Vcmdn
0000c122   _Vcmds
0000c04a   _Vd
0000c0d4   _Vdc
0000c044   _Vq
0000c034   _Vset
0000c038   _Vslope
0000b29f   _WAKEINT_ISR
0000c260   _WaitFlag
0000c0ac   _Wc_cc
0000c106   _Wc_spd
0000b277   _XINT1_ISR
0000b281   _XINT2_ISR
0000b461   _XINT3_ISR
0000b46b   _XINT4_ISR
0000b475   _XINT5_ISR
0000b47f   _XINT6_ISR
0000b489   _XINT7_ISR
00007070   _XIntruptRegs
00000b20   _XintfRegs
00000700   __STACK_END
00000300   __STACK_SIZE
00000001   __TI_args_main
0000c25c   ___TI_cleanup_ptr
0000c25e   ___TI_dtors_ptr
ffffffff   ___binit__
ffffffff   ___c_args__
00008000   ___cinit__
0000bbb7   ___etext__
ffffffff   ___pinit__
00009000   ___text__
0000bb49   __args_main
0000c25a   __lock
0000bbae   __nop
0000bbaa   __register_lock
0000bba6   __register_unlock
00000400   __stack
0000c258   __unlock
0000c07e   _a
0000c025   _aaa
0000bb62   _abort
000094ea   _adc_isr
0000aa5e   _asc2hex
0000c074   _b
0000c026   _bbb
0000ba6f   _c_int00
0000c01f   _ccc
0000c00f   _count
0000c028   _count_pwm
0000c029   _count_start
0000c031   _da1
0000c03c   _da1_data
0000c03a   _da1_mid
0000c098   _da1_rng
0000c08e   _da1_scale
0000c02d   _da1_type
0000c090   _da1_val
0000c032   _da2
0000c052   _da2_data
0000c058   _da2_mid
0000c05c   _da2_rng
0000c066   _da2_scale
0000c02f   _da2_type
0000c060   _da2_val
0000c02c   _da3
0000c0ea   _da3_data
0000c0f4   _da3_mid
0000c04e   _da3_rng
0000c050   _da3_scale
0000c02e   _da3_type
0000c062   _da3_val
0000c02b   _da4
0000c0e6   _da4_data
0000c0da   _da4_mid
0000c0f6   _da4_rng
0000c0f0   _da4_scale
0000c030   _da4_type
0000c0f2   _da4_val
0000c018   _ddd
0000c281   _debug_cnt
0000c288   _debug_rd_addr
0000c28a   _debug_rd_addr_tmp
0000c280   _debug_state
0000c282   _debug_sum
0000c283   _debug_sum_temp
0000c2c0   _debug_tx_buf
0000c285   _debug_tx_end
0000c287   _debug_tx_pos
0000c28c   _debug_wr_addr
0000c28e   _debug_wr_data
0000c286   _debug_wr_size
0000c284   _debug_wr_sum_flag
0000c019   _eee
000094d5   _epwm1_timer_isr
0000bb64   _exit
0000c05e   _fCommand
0000c0e8   _fIu
0000c0ee   _fIv
0000c0ec   _fIw
0000c252   _fTest
0000c0ca   _fVF_freq
0000c0b2   _fVF_freq_rad
0000c0a4   _fVF_freq_set
0000c0a2   _fVF_freq_slope
0000c0a6   _fVF_theta
0000c03e   _fVdc
0000c05a   _fVdcf
0000c064   _fVdcfOld
0000c017   _fff
0000aa77   _hex2asc
0000c08a   _kbl1
0000c088   _kbl2
0000c096   _kbl3
0000c084   _kbl4
0000c082   _lI_inv
0000c092   _lId
0000c07c   _lIq
0000c056   _lfVdc
0000a49b   _main
0000bb8f   _memset
0000c015   _nDir
0000c00d   _op_mode
0000c013   _qep_count
0000b4b1   _rsvd_ISR
0000c24e   _rx_buff
0000adfe   _sci_debug_init
0000c256   _sci_regs_ptr
0000b7e1   _scia_rx_isr
0000b7b3   _scia_tx_isr
0000c048   _speed_e
0000c036   _speed_m
0000c046   _speed_rpm
0000ab5f   _state0_proc
0000ac9a   _state1_proc
0000acb8   _state2_proc
0000ad19   _state3_proc
0000ad31   _state4_proc
0000ad52   _state5_proc
0000ad7e   _state6_proc
0000ad97   _state7_proc
0000c254   _test
0000c078   _test_rx
0000c140   _test_tx
0000aa9a   _write_txbuf_asc
0000aaab   _write_txbuf_byte
0000aafd   _write_txbuf_long
0000aa83   _write_txbuf_string
0000aac9   _write_txbuf_word
00009000   _xint1_isr
00009305   _xint2_isr
ffffffff   binit
00008000   cinit
00000000   code_start
0000bbb7   etext
ffffffff   pinit


GLOBAL SYMBOLS: SORTED BY Symbol Address 

address    name
--------   ----
00000000   code_start
00000001   __TI_args_main
00000300   __STACK_SIZE
00000400   __stack
00000700   __STACK_END
00000880   _DevEmuRegs
00000a80   _FlashRegs
00000ae0   _CsmRegs
00000b00   _AdcMirror
00000b20   _XintfRegs
00000c00   _CpuTimer0Regs
00000c08   _CpuTimer1Regs
00000c10   _CpuTimer2Regs
00000ce0   _PieCtrlRegs
00000d00   _PieVectTable
00001000   _DmaRegs
00005000   _McbspaRegs
00005040   _McbspbRegs
00006000   _ECanaRegs
00006040   _ECanaLAMRegs
00006080   _ECanaMOTSRegs
000060c0   _ECanaMOTORegs
00006100   _ECanaMboxes
00006200   _ECanbRegs
00006240   _ECanbLAMRegs
00006280   _ECanbMOTSRegs
000062c0   _ECanbMOTORegs
00006300   _ECanbMboxes
00006800   _EPwm1Regs
00006840   _EPwm2Regs
00006880   _EPwm3Regs
000068c0   _EPwm4Regs
00006900   _EPwm5Regs
00006940   _EPwm6Regs
00006a00   _ECap1Regs
00006a20   _ECap2Regs
00006a40   _ECap3Regs
00006a60   _ECap4Regs
00006a80   _ECap5Regs
00006aa0   _ECap6Regs
00006b00   _EQep1Regs
00006b40   _EQep2Regs
00006f80   _GpioCtrlRegs
00006fc0   _GpioDataRegs
00006fe0   _GpioIntRegs
00007010   _SysCtrlRegs
00007040   _SpiaRegs
00007050   _SciaRegs
00007070   _XIntruptRegs
00007100   _AdcRegs
00007750   _ScibRegs
00007770   _ScicRegs
00007900   _I2caRegs
00008000   ___cinit__
00008000   cinit
000080f2   _InitFlash
0000810d   _DSP28x_usDelay
00009000   .text
00009000   ___text__
00009000   _xint1_isr
00009305   _xint2_isr
000094d5   _epwm1_timer_isr
000094ea   _adc_isr
00009a53   _SpeedControl
00009ac0   _CurrentControl
00009c2a   _ForcedAlign
00009c2b   _EstimateCurrent
00009c2c   _CalculateSpeed
00009c2d   _CalculateSpeedHall
00009c2e   _EstimateThetaHall
00009ca1   _ReadEncoder
00009dfb   _ReadHallSensor
0000a02b   _Is_SVPWM
0000a154   _Is_abc2dqs
0000a18a   _Is_dqs2dqe
0000a1bd   _Is_dqe2dqs
0000a293   _Is_dqs2abc
0000a2c0   _OpenLoopStart
0000a326   _Is_Theta_Cal
0000a49b   _main
0000a56e   _LedTest
0000a599   _MemCopy
0000a5ae   _InitVariable
0000a9eb   _GainUpdate
0000aa5e   _asc2hex
0000aa77   _hex2asc
0000aa83   _write_txbuf_string
0000aa9a   _write_txbuf_asc
0000aaab   _write_txbuf_byte
0000aac9   _write_txbuf_word
0000aafd   _write_txbuf_long
0000ab5f   _state0_proc
0000ac9a   _state1_proc
0000acb8   _state2_proc
0000ad19   _state3_proc
0000ad31   _state4_proc
0000ad52   _state5_proc
0000ad7e   _state6_proc
0000ad97   _state7_proc
0000adfe   _sci_debug_init
0000ae47   _SetupADC
0000ae7f   _InitQEP
0000ae89   _InitXINT1
0000aead   _InitXINT2
0000aed6   _Gpio_select
0000afbd   _InitSPI_DAC
0000afcd   _InitEPWM
0000b183   _InitECAP1
0000b194   _InitECAP2
0000b1a5   _INT13_ISR
0000b1af   _INT14_ISR
0000b1b9   _DATALOG_ISR
0000b1c3   _RTOSINT_ISR
0000b1cd   _EMUINT_ISR
0000b1d7   _NMI_ISR
0000b1e1   _ILLEGAL_ISR
0000b1eb   _USER1_ISR
0000b1f5   _USER2_ISR
0000b1ff   _USER3_ISR
0000b209   _USER4_ISR
0000b213   _USER5_ISR
0000b21d   _USER6_ISR
0000b227   _USER7_ISR
0000b231   _USER8_ISR
0000b23b   _USER9_ISR
0000b245   _USER10_ISR
0000b24f   _USER11_ISR
0000b259   _USER12_ISR
0000b263   _SEQ1INT_ISR
0000b26d   _SEQ2INT_ISR
0000b277   _XINT1_ISR
0000b281   _XINT2_ISR
0000b28b   _ADCINT_ISR
0000b295   _TINT0_ISR
0000b29f   _WAKEINT_ISR
0000b2a9   _EPWM1_TZINT_ISR
0000b2b3   _EPWM2_TZINT_ISR
0000b2bd   _EPWM3_TZINT_ISR
0000b2c7   _EPWM4_TZINT_ISR
0000b2d1   _EPWM5_TZINT_ISR
0000b2db   _EPWM6_TZINT_ISR
0000b2e5   _EPWM1_INT_ISR
0000b2ef   _EPWM2_INT_ISR
0000b2f9   _EPWM3_INT_ISR
0000b303   _EPWM4_INT_ISR
0000b30d   _EPWM5_INT_ISR
0000b317   _EPWM6_INT_ISR
0000b321   _ECAP1_INT_ISR
0000b32b   _ECAP2_INT_ISR
0000b335   _ECAP3_INT_ISR
0000b33f   _ECAP4_INT_ISR
0000b349   _ECAP5_INT_ISR
0000b353   _ECAP6_INT_ISR
0000b35d   _EQEP1_INT_ISR
0000b367   _EQEP2_INT_ISR
0000b371   _SPIRXINTA_ISR
0000b37b   _SPITXINTA_ISR
0000b385   _MRINTB_ISR
0000b38f   _MXINTB_ISR
0000b399   _MRINTA_ISR
0000b3a3   _MXINTA_ISR
0000b3ad   _DINTCH1_ISR
0000b3b7   _DINTCH2_ISR
0000b3c1   _DINTCH3_ISR
0000b3cb   _DINTCH4_ISR
0000b3d5   _DINTCH5_ISR
0000b3df   _DINTCH6_ISR
0000b3e9   _I2CINT1A_ISR
0000b3f3   _I2CINT2A_ISR
0000b3fd   _SCIRXINTC_ISR
0000b407   _SCITXINTC_ISR
0000b411   _SCIRXINTA_ISR
0000b41b   _SCITXINTA_ISR
0000b425   _SCIRXINTB_ISR
0000b42f   _SCITXINTB_ISR
0000b439   _ECAN0INTA_ISR
0000b443   _ECAN1INTA_ISR
0000b44d   _ECAN0INTB_ISR
0000b457   _ECAN1INTB_ISR
0000b461   _XINT3_ISR
0000b46b   _XINT4_ISR
0000b475   _XINT5_ISR
0000b47f   _XINT6_ISR
0000b489   _XINT7_ISR
0000b493   _LVF_ISR
0000b49d   _LUF_ISR
0000b4a7   _PIE_RESERVED
0000b4b1   _rsvd_ISR
0000b4bb   _RunECAP1Timer
0000b4c0   _RunECAP2Timer
0000b4c5   _SetCaptureHall
0000b52f   _GateOff
0000b548   _BootStrap
0000b561   _EnableXINT1
0000b566   _DisableXINT1
0000b56b   _EnableXINT2
0000b570   _DisableXINT2
0000b575   _LedControl
0000b5d9   _RelayControl
0000b5e6   _PWMControl
0000b5f5   _OutputDAC
0000b62b   _DA_OUT
0000b6c0   _InitSysCtrl
0000b6c9   _ServiceDog
0000b6d3   _DisableDog
0000b6db   _InitPll
0000b727   _InitPeripheralClocks
0000b782   _CsmUnlock
0000b7b3   _scia_tx_isr
0000b7e1   _scia_rx_isr
0000b84f   FS$$DIV
0000b8d7   _SciRxSet
0000b8e5   _SciTxSet
0000b8f3   _SciRxIsrSet
0000b901   _SciTxIsrSet
0000b90f   _SciInit
0000b94b   _SerialReceiveMode
0000b96f   _SerialTransmitMode
0000b993   _SerialInit
0000b9a4   _SerialPutByte
0000b9ad   _SerialGetByte
0000b9b7   _SciRxIsrHandler
0000b9e7   _SciTxIsrHandler
0000ba17   _SerialTransmit
0000ba2a   _SerialReceive_Cb
0000ba41   _SerialTransmit_Cb
0000ba59   _CheckAndRecvSerialData
0000ba6f   _c_int00
0000bab5   L$$DIV
0000bac4   L$$MOD
0000bad2   UL$$DIV
0000bad9   UL$$MOD
0000badf   _InitPieCtrl
0000bafe   _EnableInterrupts
0000bb07   I$$DIV
0000bb18   I$$MOD
0000bb29   _InitPieVectTable
0000bb49   __args_main
0000bb62   C$$EXIT
0000bb62   _abort
0000bb64   _exit
0000bb7b   _InitAdc
0000bb8f   _memset
0000bb9b   U$$DIV
0000bba0   U$$MOD
0000bba6   __register_unlock
0000bbaa   __register_lock
0000bbae   __nop
0000bbb7   ___etext__
0000bbb7   etext
0000c000   _Iw_offset
0000c001   _Iu
0000c002   _Iv_offset
0000c003   _CurrentOffsetCount
0000c004   _Iu_offset
0000c005   _AD_Iv
0000c006   _AD_Iw
0000c007   _AD_Iu
0000c008   _Iv
0000c009   _Iw
0000c00a   _Ireal_FaultCount
0000c00b   _HallSignal
0000c00c   _HallSignalM
0000c00d   _op_mode
0000c00e   _ThetaMQ15
0000c00f   _count
0000c010   _IPM_FaultCount
0000c011   _IPM_Status
0000c012   _IPM_FaultFlag
0000c013   _qep_count
0000c014   _InitFlag
0000c015   _nDir
0000c016   _P_Status
0000c017   _fff
0000c018   _ddd
0000c019   _eee
0000c01a   _Comm_Type
0000c01b   _Comm_Speed
0000c01c   _Motor_Add
0000c01d   _PulseRPM
0000c01e   _SpeedDown
0000c01f   _ccc
0000c020   _DutyB
0000c021   _DutyC
0000c022   _DutyA
0000c023   _AD_Vdc
0000c024   _AD_Command
0000c025   _aaa
0000c026   _bbb
0000c027   _AngleControl
0000c028   _count_pwm
0000c029   _count_start
0000c02a   _ThetaQ15
0000c02b   _da4
0000c02c   _da3
0000c02d   _da1_type
0000c02e   _da3_type
0000c02f   _da2_type
0000c030   _da4_type
0000c031   _da1
0000c032   _da2
0000c034   _Vset
0000c036   _speed_m
0000c038   _Vslope
0000c03a   _da1_mid
0000c03c   _da1_data
0000c03e   _fVdc
0000c040   _AdjAngle
0000c042   _Iq
0000c044   _Vq
0000c046   _speed_rpm
0000c048   _speed_e
0000c04a   _Vd
0000c04c   _Id
0000c04e   _da3_rng
0000c050   _da3_scale
0000c052   _da2_data
0000c054   _Low_fvdc
0000c056   _lfVdc
0000c058   _da2_mid
0000c05a   _fVdcf
0000c05c   _da2_rng
0000c05e   _fCommand
0000c060   _da2_val
0000c062   _da3_val
0000c064   _fVdcfOld
0000c066   _da2_scale
0000c068   _Iqf
0000c06a   _Iq_Old
0000c06c   _AntiWindUp_Vde
0000c06e   _Idf
0000c070   _Id_Old
0000c072   _AntiWindUp_Iqe
0000c074   _b
0000c076   _PulseRef
0000c078   _test_rx
0000c07a   _AntiWindUp_Vqe
0000c07c   _lIq
0000c07e   _a
0000c080   _AntiGain
0000c082   _lI_inv
0000c084   _kbl4
0000c086   _I_invf
0000c088   _kbl2
0000c08a   _kbl1
0000c08c   _I_invOld
0000c08e   _da1_scale
0000c090   _da1_val
0000c092   _lId
0000c094   _AlphaCurr
0000c096   _kbl3
0000c098   _da1_rng
0000c09a   _Ld
0000c09c   _Rs
0000c09e   _Ke
0000c0a0   _Lq
0000c0a2   _fVF_freq_slope
0000c0a4   _fVF_freq_set
0000c0a6   _fVF_theta
0000c0a8   _Ki_d_cc
0000c0aa   _Kp_q_cc
0000c0ac   _Wc_cc
0000c0ae   _Ki_q_cc
0000c0b0   _Integ_d
0000c0b2   _fVF_freq_rad
0000c0b4   _Kp_d_cc
0000c0b6   _Integ_q
0000c0b8   _AccSpdEstHall
0000c0ba   _SpeedEstHallRpm
0000c0bc   _SpeedEstHall_m
0000c0be   _SpeedEstHallOld
0000c0c0   _Ki_EstHall
0000c0c2   _IntegrationEstHall
0000c0c4   _SpeedEstHall
0000c0c6   _Tsampcc
0000c0c8   _Cos_Theta
0000c0ca   _fVF_freq
0000c0cc   _Tsampsc
0000c0ce   _Fc_SpdEstHall
0000c0d0   _ETheta_old
0000c0d2   _Sin_Theta
0000c0d4   _Vdc
0000c0d6   _HTheta
0000c0d8   _HTheta_D0
0000c0da   _da4_mid
0000c0dc   _DifferenceHE
0000c0de   _EThetaM
0000c0e0   _Theta
0000c0e2   _HTheta_D1
0000c0e4   _ETheta
0000c0e6   _da4_data
0000c0e8   _fIu
0000c0ea   _da3_data
0000c0ec   _fIw
0000c0ee   _fIv
0000c0f0   _da4_scale
0000c0f2   _da4_val
0000c0f4   _da3_mid
0000c0f6   _da4_rng
0000c0f8   _AlphaVdc
0000c0fa   _Ki_sc
0000c0fc   _Kp_sc
0000c0fe   _ThetaEstHallError
0000c100   _ThetaEstH
0000c102   _ThetaEstHall
0000c104   _Icmd_target
0000c106   _Wc_spd
0000c108   _SpeedCmdRpm1
0000c10a   _SpeedCmdRpm
0000c10c   _Integ_spd
0000c10e   _Theta_old
0000c110   _ThetaM
0000c112   _Vcmde
0000c116   _Ireals
0000c11a   _Ireale
0000c11e   _Icmde
0000c122   _Vcmds
0000c126   _Vcmdn
0000c12c   _Vcmd
0000c132   _Ireal
0000c140   _test_tx
0000c180   _LPF1
0000c24e   _rx_buff
0000c250   _Vcmda
0000c252   _fTest
0000c254   _test
0000c256   _sci_regs_ptr
0000c258   __unlock
0000c25a   __lock
0000c25c   ___TI_cleanup_ptr
0000c25e   ___TI_dtors_ptr
0000c260   _WaitFlag
0000c280   _debug_state
0000c281   _debug_cnt
0000c282   _debug_sum
0000c283   _debug_sum_temp
0000c284   _debug_wr_sum_flag
0000c285   _debug_tx_end
0000c286   _debug_wr_size
0000c287   _debug_tx_pos
0000c288   _debug_rd_addr
0000c28a   _debug_rd_addr_tmp
0000c28c   _debug_wr_addr
0000c28e   _debug_wr_data
0000c2c0   _debug_tx_buf
0000d000   _PieVectTableInit
0033fff8   _CsmPwl
00380080   _ADC_cal
ffffffff   ___binit__
ffffffff   ___c_args__
ffffffff   ___pinit__
ffffffff   binit
ffffffff   pinit

[453 symbols]
