******************************************************************************
             TMS320C2000 Linker PC v16.9.1                     
******************************************************************************
>> Linked Thu Mar 16 12:24:15 2017

OUTPUT FILE NAME:   <BLDC_0_final_20kHz_final_ver2_Resa.out>
ENTRY POINT SYMBOL: "_c_int00"  address: 0000a14b


MEMORY CONFIGURATION

         name            origin    length      used     unused   attr    fill
----------------------  --------  ---------  --------  --------  ----  --------
PAGE 0:
  BEGIN                 00000000   00000002  00000002  00000000  RWIX
  BOOT_RSVD             00000002   0000004e  00000000  0000004e  RWIX
  RAMM0                 00000050   000003b0  00000000  000003b0  RWIX
  RAML0                 00008000   00001000  000000f7  00000f09  RWIX
  RAML1                 00009000   00003000  000012ea  00001d16  RWIX
  ZONE7A                00200000   0000fc00  00000000  0000fc00  RWIX
  CSM_RSVD              0033ff80   00000076  00000000  00000076  RWIX
  CSM_PWL               0033fff8   00000008  00000000  00000008  RWIX
  ADC_CAL               00380080   00000009  00000007  00000002  RWIX
  IQTABLES              003fe000   00000b50  00000000  00000b50  RWIX
  IQTABLES2             003feb50   0000008c  00000000  0000008c  RWIX
  FPUTABLES             003febdc   000006a0  00000000  000006a0  RWIX
  BOOTROM               003ff27c   00000d44  00000000  00000d44  RWIX
  RESET                 003fffc0   00000002  00000000  00000002  RWIX

PAGE 1:
  RAMM1                 00000400   00000400  00000300  00000100  RWIX
  DEV_EMU               00000880   00000180  000000d0  000000b0  RWIX
  FLASH_REGS            00000a80   00000060  00000008  00000058  RWIX
  CSM                   00000ae0   00000010  00000010  00000000  RWIX
  ADC_MIRROR            00000b00   00000010  00000010  00000000  RWIX
  XINTF                 00000b20   00000020  0000001e  00000002  RWIX
  CPU_TIMER0            00000c00   00000008  00000008  00000000  RWIX
  CPU_TIMER1            00000c08   00000008  00000008  00000000  RWIX
  CPU_TIMER2            00000c10   00000008  00000008  00000000  RWIX
  PIE_CTRL              00000ce0   00000020  0000001a  00000006  RWIX
  PIE_VECT              00000d00   00000100  00000100  00000000  RWIX
  DMA                   00001000   00000200  000000e0  00000120  RWIX
  MCBSPA                00005000   00000040  00000025  0000001b  RWIX
  MCBSPB                00005040   00000040  00000025  0000001b  RWIX
  ECANA                 00006000   00000040  00000034  0000000c  RWIX
  ECANA_LAM             00006040   00000040  00000040  00000000  RWIX
  ECANA_MOTS            00006080   00000040  00000040  00000000  RWIX
  ECANA_MOTO            000060c0   00000040  00000040  00000000  RWIX
  ECANA_MBOX            00006100   00000100  00000100  00000000  RWIX
  ECANB                 00006200   00000040  00000034  0000000c  RWIX
  ECANB_LAM             00006240   00000040  00000040  00000000  RWIX
  ECANB_MOTS            00006280   00000040  00000040  00000000  RWIX
  ECANB_MOTO            000062c0   00000040  00000040  00000000  RWIX
  ECANB_MBOX            00006300   00000100  00000100  00000000  RWIX
  EPWM1                 00006800   00000022  00000022  00000000  RWIX
  EPWM2                 00006840   00000022  00000022  00000000  RWIX
  EPWM3                 00006880   00000022  00000022  00000000  RWIX
  EPWM4                 000068c0   00000022  00000022  00000000  RWIX
  EPWM5                 00006900   00000022  00000022  00000000  RWIX
  EPWM6                 00006940   00000022  00000022  00000000  RWIX
  ECAP1                 00006a00   00000020  00000020  00000000  RWIX
  ECAP2                 00006a20   00000020  00000020  00000000  RWIX
  ECAP3                 00006a40   00000020  00000020  00000000  RWIX
  ECAP4                 00006a60   00000020  00000020  00000000  RWIX
  ECAP5                 00006a80   00000020  00000020  00000000  RWIX
  ECAP6                 00006aa0   00000020  00000020  00000000  RWIX
  EQEP1                 00006b00   00000040  00000040  00000000  RWIX
  EQEP2                 00006b40   00000040  00000040  00000000  RWIX
  GPIOCTRL              00006f80   00000040  0000002e  00000012  RWIX
  GPIODAT               00006fc0   00000020  00000020  00000000  RWIX
  GPIOINT               00006fe0   00000020  0000000a  00000016  RWIX
  SYSTEM                00007010   00000020  00000020  00000000  RWIX
  SPIA                  00007040   00000010  00000010  00000000  RWIX
  SCIA                  00007050   00000010  00000010  00000000  RWIX
  XINTRUPT              00007070   00000010  00000010  00000000  RWIX
  ADC                   00007100   00000020  0000001e  00000002  RWIX
  SCIB                  00007750   00000010  00000010  00000000  RWIX
  SCIC                  00007770   00000010  00000010  00000000  RWIX
  I2CA                  00007900   00000040  00000022  0000001e  RWIX
  RAML4                 0000c000   00001000  00000346  00000cba  RWIX
  RAML5                 0000d000   00001000  0000010a  00000ef6  RWIX
  RAML6                 0000e000   00001000  00000000  00001000  RWIX
  RAML7                 0000f000   00001000  00000000  00001000  RWIX
  ZONE7B                0020fc00   00000400  00000000  00000400  RWIX
  CSM_PWL               0033fff8   00000008  00000008  00000000  RWIX


SECTION ALLOCATION MAP

 output                                  attributes/
section   page    origin      length       input sections
--------  ----  ----------  ----------   ----------------
codestart 
*          0    00000000    00000002     
                  00000000    00000002     DSP2833x_CodeStartBranch.obj (codestart)

.cinit     0    00008000    000000f3     
                  00008000    00000091     variable.obj (.cinit)
                  00008091    0000002a     debug_283x.obj (.cinit)
                  000080bb    00000010     serial_api.obj (.cinit)
                  000080cb    0000000e     rts2800_fpu32.lib : exit.obj (.cinit)
                  000080d9    00000009     portserial.obj (.cinit)
                  000080e2    00000005     rts2800_fpu32.lib : _lock.obj (.cinit:__lock)
                  000080e7    00000005                       : _lock.obj (.cinit:__unlock)
                  000080ec    00000005     control.obj (.cinit)
                  000080f1    00000002     --HOLE-- [fill = 0]

ramfuncs   0    000080f3    00000004     
                  000080f3    00000004     DSP2833x_usDelay.obj (ramfuncs)

.text      0    00009000    000012ea     
                  00009000    00000402     debug_283x.obj (.text)
                  00009402    0000035f     control.obj (.text)
                  00009761    00000316     DSP2833x_DefaultIsr.obj (.text:retain)
                  00009a77    000001b5     control.obj (.text:retain)
                  00009c2c    00000156     Init.obj (.text)
                  00009d82    000000f8     DSP2833x_SysCtrl.obj (.text)
                  00009e7a    000000b7     debug_283x.obj (.text:retain)
                  00009f31    00000088     rts2800_fpu32.lib : fs_div28.obj (.text)
                  00009fb9    0000006e     hal_sci.obj (.text)
                  0000a027    0000006b     portserial.obj (.text)
                  0000a092    00000062     portserial.obj (.text:retain)
                  0000a0f4    00000057     serial_api.obj (.text)
                  0000a14b    00000056     rts2800_fpu32.lib : boot28.obj (.text)
                  0000a1a1    0000002b     main.obj (.text)
                  0000a1cc    0000002a     rts2800_fpu32.lib : l_div28.obj (.text)
                  0000a1f6    00000029                       : exit.obj (.text)
                  0000a21f    00000028     DSP2833x_PieCtrl.obj (.text)
                  0000a247    00000024     rts2800_fpu32.lib : cpy_tbl.obj (.text)
                  0000a26b    00000020     DSP2833x_PieVect.obj (.text)
                  0000a28b    0000001e     rts2800_fpu32.lib : memcpy.obj (.text)
                  0000a2a9    00000019                       : args_main.obj (.text)
                  0000a2c2    00000014     DSP2833x_Adc.obj (.text)
                  0000a2d6    00000009     rts2800_fpu32.lib : _lock.obj (.text)
                  0000a2df    00000008     DSP2833x_CodeStartBranch.obj (.text)
                  0000a2e7    00000002     rts2800_fpu32.lib : pre_init.obj (.text)
                  0000a2e9    00000001                       : startup.obj (.text)

.pinit     0    00008000    00000000     UNINITIALIZED

.adc_cal   0    00380080    00000007     NOLOAD SECTION
                  00380080    00000007     DSP2833x_ADC_cal.obj (.adc_cal)

.stack     1    00000400    00000300     UNINITIALIZED
                  00000400    00000300     --HOLE--

DevEmuRegsFile 
*          1    00000880    000000d0     UNINITIALIZED
                  00000880    000000d0     DSP2833x_GlobalVariableDefs.obj (DevEmuRegsFile)

FlashRegsFile 
*          1    00000a80    00000008     UNINITIALIZED
                  00000a80    00000008     DSP2833x_GlobalVariableDefs.obj (FlashRegsFile)

CsmRegsFile 
*          1    00000ae0    00000010     UNINITIALIZED
                  00000ae0    00000010     DSP2833x_GlobalVariableDefs.obj (CsmRegsFile)

AdcMirrorFile 
*          1    00000b00    00000010     UNINITIALIZED
                  00000b00    00000010     DSP2833x_GlobalVariableDefs.obj (AdcMirrorFile)

XintfRegsFile 
*          1    00000b20    0000001e     UNINITIALIZED
                  00000b20    0000001e     DSP2833x_GlobalVariableDefs.obj (XintfRegsFile)

CpuTimer0RegsFile 
*          1    00000c00    00000008     UNINITIALIZED
                  00000c00    00000008     DSP2833x_GlobalVariableDefs.obj (CpuTimer0RegsFile)

CpuTimer1RegsFile 
*          1    00000c08    00000008     UNINITIALIZED
                  00000c08    00000008     DSP2833x_GlobalVariableDefs.obj (CpuTimer1RegsFile)

CpuTimer2RegsFile 
*          1    00000c10    00000008     UNINITIALIZED
                  00000c10    00000008     DSP2833x_GlobalVariableDefs.obj (CpuTimer2RegsFile)

PieCtrlRegsFile 
*          1    00000ce0    0000001a     UNINITIALIZED
                  00000ce0    0000001a     DSP2833x_GlobalVariableDefs.obj (PieCtrlRegsFile)

PieVectTableFile 
*          1    00000d00    00000100     UNINITIALIZED
                  00000d00    00000100     DSP2833x_GlobalVariableDefs.obj (PieVectTableFile)

DmaRegsFile 
*          1    00001000    000000e0     UNINITIALIZED
                  00001000    000000e0     DSP2833x_GlobalVariableDefs.obj (DmaRegsFile)

McbspaRegsFile 
*          1    00005000    00000025     UNINITIALIZED
                  00005000    00000025     DSP2833x_GlobalVariableDefs.obj (McbspaRegsFile)

McbspbRegsFile 
*          1    00005040    00000025     UNINITIALIZED
                  00005040    00000025     DSP2833x_GlobalVariableDefs.obj (McbspbRegsFile)

ECanaRegsFile 
*          1    00006000    00000034     UNINITIALIZED
                  00006000    00000034     DSP2833x_GlobalVariableDefs.obj (ECanaRegsFile)

ECanaLAMRegsFile 
*          1    00006040    00000040     UNINITIALIZED
                  00006040    00000040     DSP2833x_GlobalVariableDefs.obj (ECanaLAMRegsFile)

ECanaMOTSRegsFile 
*          1    00006080    00000040     UNINITIALIZED
                  00006080    00000040     DSP2833x_GlobalVariableDefs.obj (ECanaMOTSRegsFile)

ECanaMOTORegsFile 
*          1    000060c0    00000040     UNINITIALIZED
                  000060c0    00000040     DSP2833x_GlobalVariableDefs.obj (ECanaMOTORegsFile)

ECanaMboxesFile 
*          1    00006100    00000100     UNINITIALIZED
                  00006100    00000100     DSP2833x_GlobalVariableDefs.obj (ECanaMboxesFile)

ECanbRegsFile 
*          1    00006200    00000034     UNINITIALIZED
                  00006200    00000034     DSP2833x_GlobalVariableDefs.obj (ECanbRegsFile)

ECanbLAMRegsFile 
*          1    00006240    00000040     UNINITIALIZED
                  00006240    00000040     DSP2833x_GlobalVariableDefs.obj (ECanbLAMRegsFile)

ECanbMOTSRegsFile 
*          1    00006280    00000040     UNINITIALIZED
                  00006280    00000040     DSP2833x_GlobalVariableDefs.obj (ECanbMOTSRegsFile)

ECanbMOTORegsFile 
*          1    000062c0    00000040     UNINITIALIZED
                  000062c0    00000040     DSP2833x_GlobalVariableDefs.obj (ECanbMOTORegsFile)

ECanbMboxesFile 
*          1    00006300    00000100     UNINITIALIZED
                  00006300    00000100     DSP2833x_GlobalVariableDefs.obj (ECanbMboxesFile)

EPwm1RegsFile 
*          1    00006800    00000022     UNINITIALIZED
                  00006800    00000022     DSP2833x_GlobalVariableDefs.obj (EPwm1RegsFile)

EPwm2RegsFile 
*          1    00006840    00000022     UNINITIALIZED
                  00006840    00000022     DSP2833x_GlobalVariableDefs.obj (EPwm2RegsFile)

EPwm3RegsFile 
*          1    00006880    00000022     UNINITIALIZED
                  00006880    00000022     DSP2833x_GlobalVariableDefs.obj (EPwm3RegsFile)

EPwm4RegsFile 
*          1    000068c0    00000022     UNINITIALIZED
                  000068c0    00000022     DSP2833x_GlobalVariableDefs.obj (EPwm4RegsFile)

EPwm5RegsFile 
*          1    00006900    00000022     UNINITIALIZED
                  00006900    00000022     DSP2833x_GlobalVariableDefs.obj (EPwm5RegsFile)

EPwm6RegsFile 
*          1    00006940    00000022     UNINITIALIZED
                  00006940    00000022     DSP2833x_GlobalVariableDefs.obj (EPwm6RegsFile)

ECap1RegsFile 
*          1    00006a00    00000020     UNINITIALIZED
                  00006a00    00000020     DSP2833x_GlobalVariableDefs.obj (ECap1RegsFile)

ECap2RegsFile 
*          1    00006a20    00000020     UNINITIALIZED
                  00006a20    00000020     DSP2833x_GlobalVariableDefs.obj (ECap2RegsFile)

ECap3RegsFile 
*          1    00006a40    00000020     UNINITIALIZED
                  00006a40    00000020     DSP2833x_GlobalVariableDefs.obj (ECap3RegsFile)

ECap4RegsFile 
*          1    00006a60    00000020     UNINITIALIZED
                  00006a60    00000020     DSP2833x_GlobalVariableDefs.obj (ECap4RegsFile)

ECap5RegsFile 
*          1    00006a80    00000020     UNINITIALIZED
                  00006a80    00000020     DSP2833x_GlobalVariableDefs.obj (ECap5RegsFile)

ECap6RegsFile 
*          1    00006aa0    00000020     UNINITIALIZED
                  00006aa0    00000020     DSP2833x_GlobalVariableDefs.obj (ECap6RegsFile)

EQep1RegsFile 
*          1    00006b00    00000040     UNINITIALIZED
                  00006b00    00000040     DSP2833x_GlobalVariableDefs.obj (EQep1RegsFile)

EQep2RegsFile 
*          1    00006b40    00000040     UNINITIALIZED
                  00006b40    00000040     DSP2833x_GlobalVariableDefs.obj (EQep2RegsFile)

GpioCtrlRegsFile 
*          1    00006f80    0000002e     UNINITIALIZED
                  00006f80    0000002e     DSP2833x_GlobalVariableDefs.obj (GpioCtrlRegsFile)

GpioDataRegsFile 
*          1    00006fc0    00000020     UNINITIALIZED
                  00006fc0    00000020     DSP2833x_GlobalVariableDefs.obj (GpioDataRegsFile)

GpioIntRegsFile 
*          1    00006fe0    0000000a     UNINITIALIZED
                  00006fe0    0000000a     DSP2833x_GlobalVariableDefs.obj (GpioIntRegsFile)

SysCtrlRegsFile 
*          1    00007010    00000020     UNINITIALIZED
                  00007010    00000020     DSP2833x_GlobalVariableDefs.obj (SysCtrlRegsFile)

SpiaRegsFile 
*          1    00007040    00000010     UNINITIALIZED
                  00007040    00000010     DSP2833x_GlobalVariableDefs.obj (SpiaRegsFile)

SciaRegsFile 
*          1    00007050    00000010     UNINITIALIZED
                  00007050    00000010     DSP2833x_GlobalVariableDefs.obj (SciaRegsFile)

XIntruptRegsFile 
*          1    00007070    00000010     UNINITIALIZED
                  00007070    00000010     DSP2833x_GlobalVariableDefs.obj (XIntruptRegsFile)

AdcRegsFile 
*          1    00007100    0000001e     UNINITIALIZED
                  00007100    0000001e     DSP2833x_GlobalVariableDefs.obj (AdcRegsFile)

ScibRegsFile 
*          1    00007750    00000010     UNINITIALIZED
                  00007750    00000010     DSP2833x_GlobalVariableDefs.obj (ScibRegsFile)

ScicRegsFile 
*          1    00007770    00000010     UNINITIALIZED
                  00007770    00000010     DSP2833x_GlobalVariableDefs.obj (ScicRegsFile)

I2caRegsFile 
*          1    00007900    00000022     UNINITIALIZED
                  00007900    00000022     DSP2833x_GlobalVariableDefs.obj (I2caRegsFile)

.ebss      1    0000c000    00000346     UNINITIALIZED
                  0000c000    00000248     variable.obj (.ebss)
                  0000c248    00000008     serial_api.obj (.ebss)
                  0000c250    00000006     rts2800_fpu32.lib : exit.obj (.ebss)
                  0000c256    00000004     portserial.obj (.ebss)
                  0000c25a    00000002     rts2800_fpu32.lib : _lock.obj (.ebss:__lock)
                  0000c25c    00000002                       : _lock.obj (.ebss:__unlock)
                  0000c25e    00000022     --HOLE--
                  0000c280    00000073     debug_283x.obj (.ebss)
                  0000c2f3    0000000d     --HOLE--
                  0000c300    00000046     control.obj (.ebss)

.econst    1    0000d000    0000010a     
                  0000d000    00000100     DSP2833x_PieVect.obj (.econst:_PieVectTableInit)
                  0000d100    0000000a     debug_283x.obj (.econst:.string)

.reset     0    003fffc0    00000002     DSECT
                  003fffc0    00000002     rts2800_fpu32.lib : boot28.obj (.reset)

csm_rsvd   0    0033ff80    00000000     DSECT

csmpasswds 
*          0    0033fff8    00000000     DSECT

CsmPwlFile 
*          1    0033fff8    00000008     UNINITIALIZED
                  0033fff8    00000008     DSP2833x_GlobalVariableDefs.obj (CsmPwlFile)

MODULE SUMMARY

       Module                            code   initialized data   uninitialized data
       ------                            ----   ----------------   ------------------
    .\
       DSP2833x_GlobalVariableDefs.obj   0      0                  2678              
       debug_283x.obj                    1209   52                 115               
       control.obj                       1300   5                  70                
       DSP2833x_DefaultIsr.obj           790    0                  0                 
       variable.obj                      0      145                584               
       Init.obj                          342    0                  0                 
       DSP2833x_PieVect.obj              32     256                0                 
       DSP2833x_SysCtrl.obj              248    0                  0                 
       portserial.obj                    205    9                  4                 
       serial_api.obj                    87     16                 8                 
       hal_sci.obj                       110    0                  0                 
       main.obj                          43     0                  0                 
       DSP2833x_PieCtrl.obj              40     0                  0                 
       DSP2833x_Adc.obj                  20     0                  0                 
       DSP2833x_CodeStartBranch.obj      10     0                  0                 
       DSP2833x_ADC_cal.obj              7      0                  0                 
       DSP2833x_usDelay.obj              4      0                  0                 
    +--+---------------------------------+------+------------------+--------------------+
       Total:                            4447   483                3459              
                                                                                     
    C:\ti\ccsv7\tools\compiler\ti-cgt-c2000_16.9.1.LTS\lib\rts2800_fpu32.lib
       fs_div28.obj                      136    0                  0                 
       boot28.obj                        86     0                  0                 
       exit.obj                          41     14                 6                 
       l_div28.obj                       42     0                  0                 
       cpy_tbl.obj                       36     0                  0                 
       memcpy.obj                        30     0                  0                 
       args_main.obj                     25     0                  0                 
       _lock.obj                         9      10                 4                 
       pre_init.obj                      2      0                  0                 
       startup.obj                       1      0                  0                 
    +--+---------------------------------+------+------------------+--------------------+
       Total:                            408    24                 10                
                                                                                     
       Stack:                            0      0                  768               
    +--+---------------------------------+------+------------------+--------------------+
       Grand Total:                      4855   507                4237              


GLOBAL DATA SYMBOLS: SORTED BY DATA PAGE

address     data page           name
--------    ----------------    ----
00000400      10 (00000400)     __stack

00000880      22 (00000880)     _DevEmuRegs

00000a80      2a (00000a80)     _FlashRegs

00000ae0      2b (00000ac0)     _CsmRegs

00000b00      2c (00000b00)     _AdcMirror
00000b20      2c (00000b00)     _XintfRegs

00000c00      30 (00000c00)     _CpuTimer0Regs
00000c08      30 (00000c00)     _CpuTimer1Regs
00000c10      30 (00000c00)     _CpuTimer2Regs

00000ce0      33 (00000cc0)     _PieCtrlRegs

00000d00      34 (00000d00)     _PieVectTable

00001000      40 (00001000)     _DmaRegs

00005000     140 (00005000)     _McbspaRegs

00005040     141 (00005040)     _McbspbRegs

00006000     180 (00006000)     _ECanaRegs

00006040     181 (00006040)     _ECanaLAMRegs

00006080     182 (00006080)     _ECanaMOTSRegs

000060c0     183 (000060c0)     _ECanaMOTORegs

00006100     184 (00006100)     _ECanaMboxes

00006200     188 (00006200)     _ECanbRegs

00006240     189 (00006240)     _ECanbLAMRegs

00006280     18a (00006280)     _ECanbMOTSRegs

000062c0     18b (000062c0)     _ECanbMOTORegs

00006300     18c (00006300)     _ECanbMboxes

00006800     1a0 (00006800)     _EPwm1Regs

00006840     1a1 (00006840)     _EPwm2Regs

00006880     1a2 (00006880)     _EPwm3Regs

000068c0     1a3 (000068c0)     _EPwm4Regs

00006900     1a4 (00006900)     _EPwm5Regs

00006940     1a5 (00006940)     _EPwm6Regs

00006a00     1a8 (00006a00)     _ECap1Regs
00006a20     1a8 (00006a00)     _ECap2Regs

00006a40     1a9 (00006a40)     _ECap3Regs
00006a60     1a9 (00006a40)     _ECap4Regs

00006a80     1aa (00006a80)     _ECap5Regs
00006aa0     1aa (00006a80)     _ECap6Regs

00006b00     1ac (00006b00)     _EQep1Regs

00006b40     1ad (00006b40)     _EQep2Regs

00006f80     1be (00006f80)     _GpioCtrlRegs

00006fc0     1bf (00006fc0)     _GpioDataRegs
00006fe0     1bf (00006fc0)     _GpioIntRegs

00007010     1c0 (00007000)     _SysCtrlRegs

00007040     1c1 (00007040)     _SpiaRegs
00007050     1c1 (00007040)     _SciaRegs
00007070     1c1 (00007040)     _XIntruptRegs

00007100     1c4 (00007100)     _AdcRegs

00007750     1dd (00007740)     _ScibRegs
00007770     1dd (00007740)     _ScicRegs

00007900     1e4 (00007900)     _I2caRegs

0000c000     300 (0000c000)     _Iv_offset
0000c001     300 (0000c000)     _Iw_offset
0000c002     300 (0000c000)     _Iu_offset
0000c003     300 (0000c000)     _Ireal_FaultCount
0000c004     300 (0000c000)     _CurrentOffsetCount
0000c005     300 (0000c000)     _AD_Iu
0000c006     300 (0000c000)     _AD_Iv
0000c007     300 (0000c000)     _Iw
0000c008     300 (0000c000)     _Iu
0000c009     300 (0000c000)     _Iv
0000c00a     300 (0000c000)     _IPM_Status
0000c00b     300 (0000c000)     _op_mode
0000c00c     300 (0000c000)     _HallSignal
0000c00d     300 (0000c000)     _count
0000c00e     300 (0000c000)     _ThetaQ15
0000c00f     300 (0000c000)     _ThetaMQ15
0000c010     300 (0000c000)     _IPM_FaultFlag
0000c011     300 (0000c000)     _IPM_FaultCount
0000c012     300 (0000c000)     _InitFlag
0000c013     300 (0000c000)     _HallSignalM
0000c014     300 (0000c000)     _qep_count
0000c015     300 (0000c000)     _DAC_CH
0000c016     300 (0000c000)     _nDir
0000c017     300 (0000c000)     _P_Status
0000c018     300 (0000c000)     _fff
0000c019     300 (0000c000)     _ddd
0000c01a     300 (0000c000)     _eee
0000c01b     300 (0000c000)     _Comm_Type
0000c01c     300 (0000c000)     _Comm_Speed
0000c01d     300 (0000c000)     _Motor_Add
0000c01e     300 (0000c000)     _PulseRPM
0000c01f     300 (0000c000)     _SpeedDown
0000c020     300 (0000c000)     _ccc
0000c021     300 (0000c000)     _DutyB
0000c022     300 (0000c000)     _DutyC
0000c023     300 (0000c000)     _DutyA
0000c024     300 (0000c000)     _AD_Vdc
0000c025     300 (0000c000)     _AD_Command
0000c026     300 (0000c000)     _aaa
0000c027     300 (0000c000)     _bbb
0000c028     300 (0000c000)     _AngleControl
0000c029     300 (0000c000)     _count_pwm
0000c02a     300 (0000c000)     _count_start
0000c02b     300 (0000c000)     _AD_Iw
0000c02c     300 (0000c000)     _da3_type
0000c02d     300 (0000c000)     _da1
0000c02e     300 (0000c000)     _da3
0000c02f     300 (0000c000)     _da2
0000c030     300 (0000c000)     _da1_type
0000c031     300 (0000c000)     _da4
0000c032     300 (0000c000)     _da4_type
0000c033     300 (0000c000)     _da2_type
0000c034     300 (0000c000)     _speed_e
0000c036     300 (0000c000)     _speed_rpm
0000c038     300 (0000c000)     _Vslope
0000c03a     300 (0000c000)     _Vq
0000c03c     300 (0000c000)     _Vd
0000c03e     300 (0000c000)     _kbl2

0000c040     301 (0000c040)     _kbl1
0000c042     301 (0000c040)     _Id
0000c044     301 (0000c040)     _speed_m
0000c046     301 (0000c040)     _AdjAngle
0000c048     301 (0000c040)     _Iq
0000c04a     301 (0000c040)     _kbl3
0000c04c     301 (0000c040)     _Low_fvdc
0000c04e     301 (0000c040)     _lfVdc
0000c050     301 (0000c040)     _da3_scale
0000c052     301 (0000c040)     _da3_val
0000c054     301 (0000c040)     _fCommand
0000c056     301 (0000c040)     _fVdc
0000c058     301 (0000c040)     _fVdcf
0000c05a     301 (0000c040)     _fVdcfOld
0000c05c     301 (0000c040)     _da2_rng
0000c05e     301 (0000c040)     _da2_scale
0000c060     301 (0000c040)     _da1_data
0000c062     301 (0000c040)     _da1_mid
0000c064     301 (0000c040)     _da2_mid
0000c066     301 (0000c040)     _da3_rng
0000c068     301 (0000c040)     _da2_val
0000c06a     301 (0000c040)     _da2_data
0000c06c     301 (0000c040)     _Thetaf
0000c06e     301 (0000c040)     _Theta_Old
0000c070     301 (0000c040)     _AntiWindUp_Vde
0000c072     301 (0000c040)     _AntiWindUp_Iqe
0000c074     301 (0000c040)     _Iq_Old
0000c076     301 (0000c040)     _lIq
0000c078     301 (0000c040)     _lTheta
0000c07a     301 (0000c040)     _a
0000c07c     301 (0000c040)     _b
0000c07e     301 (0000c040)     _test_tx

0000c080     302 (0000c080)     _test_rx
0000c082     302 (0000c080)     _AntiWindUp_Vqe
0000c084     302 (0000c080)     _Iqf
0000c086     302 (0000c080)     _PulseRef
0000c088     302 (0000c080)     _AlphaCurr
0000c08a     302 (0000c080)     _I_invf
0000c08c     302 (0000c080)     _AlphaTheta
0000c08e     302 (0000c080)     _AlphaVdc
0000c090     302 (0000c080)     _kbl4
0000c092     302 (0000c080)     _Vset
0000c094     302 (0000c080)     _I_invOld
0000c096     302 (0000c080)     _Id_Old
0000c098     302 (0000c080)     _lId
0000c09a     302 (0000c080)     _AntiGain
0000c09c     302 (0000c080)     _Idf
0000c09e     302 (0000c080)     _da1_val
0000c0a0     302 (0000c080)     _lI_inv
0000c0a2     302 (0000c080)     _da1_rng
0000c0a4     302 (0000c080)     _Ke
0000c0a6     302 (0000c080)     _Lq
0000c0a8     302 (0000c080)     _Integ_q
0000c0aa     302 (0000c080)     _Integ_d
0000c0ac     302 (0000c080)     _fVF_theta
0000c0ae     302 (0000c080)     _fVF_freq_rad
0000c0b0     302 (0000c080)     _Ld
0000c0b2     302 (0000c080)     _Rs
0000c0b4     302 (0000c080)     _Wc_spd
0000c0b6     302 (0000c080)     _Wc_cc
0000c0b8     302 (0000c080)     _SpeedCmdRpm
0000c0ba     302 (0000c080)     _Icmd_target
0000c0bc     302 (0000c080)     _Kp_q_cc
0000c0be     302 (0000c080)     _Kp_d_cc

0000c0c0     303 (0000c0c0)     _Ki_q_cc
0000c0c2     303 (0000c0c0)     _Ki_d_cc
0000c0c4     303 (0000c0c0)     _SpeedEstHallOld
0000c0c6     303 (0000c0c0)     _AccSpdEstHall
0000c0c8     303 (0000c0c0)     _Fc_SpdEstHall
0000c0ca     303 (0000c0c0)     _SpeedEstHall_m
0000c0cc     303 (0000c0c0)     _ETheta_old
0000c0ce     303 (0000c0c0)     _Ki_EstHall
0000c0d0     303 (0000c0c0)     _SpeedEstHallRpm
0000c0d2     303 (0000c0c0)     _SpeedEstHall
0000c0d4     303 (0000c0c0)     _fVF_freq
0000c0d6     303 (0000c0c0)     _Tsampsc
0000c0d8     303 (0000c0c0)     _fVF_freq_slope
0000c0da     303 (0000c0c0)     _fVF_freq_set
0000c0dc     303 (0000c0c0)     _Sin_Theta
0000c0de     303 (0000c0c0)     _Vdc
0000c0e0     303 (0000c0c0)     _Tsampcc
0000c0e2     303 (0000c0c0)     _Cos_Theta
0000c0e4     303 (0000c0c0)     _HTheta_D1
0000c0e6     303 (0000c0c0)     _ETheta
0000c0e8     303 (0000c0c0)     _HTheta_D0
0000c0ea     303 (0000c0c0)     _DifferenceHE
0000c0ec     303 (0000c0c0)     _HTheta
0000c0ee     303 (0000c0c0)     _ThetaM
0000c0f0     303 (0000c0c0)     _ThetaEstHall
0000c0f2     303 (0000c0c0)     _Theta_old
0000c0f4     303 (0000c0c0)     _EThetaM
0000c0f6     303 (0000c0c0)     _Theta
0000c0f8     303 (0000c0c0)     _da3_data
0000c0fa     303 (0000c0c0)     _da3_mid
0000c0fc     303 (0000c0c0)     _fIu
0000c0fe     303 (0000c0c0)     _fIw

0000c100     304 (0000c100)     _fIv
0000c102     304 (0000c100)     _da4_data
0000c104     304 (0000c100)     _da4_mid
0000c106     304 (0000c100)     _da4_val
0000c108     304 (0000c100)     _da4_rng
0000c10a     304 (0000c100)     _da4_scale
0000c10c     304 (0000c100)     _T
0000c10e     304 (0000c100)     _ThetaInc
0000c110     304 (0000c100)     _Freq_Ref
0000c112     304 (0000c100)     _DAC_scale
0000c114     304 (0000c100)     _IntegrationEstHall
0000c116     304 (0000c100)     _Integ_spd
0000c118     304 (0000c100)     _SpeedCmdRpm1
0000c11a     304 (0000c100)     _Kp_sc
0000c11c     304 (0000c100)     _Theta_Pre
0000c11e     304 (0000c100)     _Ki_sc
0000c120     304 (0000c100)     _da1_scale
0000c122     304 (0000c100)     _ThetaEstH
0000c124     304 (0000c100)     _ThetaEstHallError
0000c126     304 (0000c100)     _Ireale
0000c12a     304 (0000c100)     _Icmde
0000c12e     304 (0000c100)     _Vcmde
0000c132     304 (0000c100)     _Vcmds
0000c136     304 (0000c100)     _Ireals
0000c13a     304 (0000c100)     _Vcmdn

0000c140     305 (0000c140)     _Vcmd
0000c146     305 (0000c140)     _Ireal

0000c180     306 (0000c180)     _LPF1

0000c24e     309 (0000c240)     _rx_buff
0000c250     309 (0000c240)     ___TI_enable_exit_profile_output
0000c252     309 (0000c240)     ___TI_cleanup_ptr
0000c254     309 (0000c240)     ___TI_dtors_ptr
0000c256     309 (0000c240)     _test
0000c258     309 (0000c240)     _sci_regs_ptr
0000c25a     309 (0000c240)     __lock
0000c25c     309 (0000c240)     __unlock

0000c280     30a (0000c280)     _debug_state
0000c281     30a (0000c280)     _debug_cnt
0000c282     30a (0000c280)     _debug_sum
0000c283     30a (0000c280)     _debug_sum_temp
0000c284     30a (0000c280)     _debug_wr_sum_flag
0000c285     30a (0000c280)     _debug_tx_end
0000c286     30a (0000c280)     _debug_wr_size
0000c287     30a (0000c280)     _debug_tx_pos
0000c288     30a (0000c280)     _debug_rd_addr
0000c28a     30a (0000c280)     _debug_rd_addr_tmp
0000c28c     30a (0000c280)     _debug_wr_addr
0000c28e     30a (0000c280)     _debug_wr_data

0000c2c0     30b (0000c2c0)     _debug_tx_buf

0000c300     30c (0000c300)     _V_1
0000c301     30c (0000c300)     _I_1
0000c302     30c (0000c300)     _I_Out_pv
0000c303     30c (0000c300)     _V_In_pv
0000c304     30c (0000c300)     _V_Out_pv
0000c306     30c (0000c300)     _Duty_B
0000c308     30c (0000c300)     _Duty_C
0000c30a     30c (0000c300)     _I_L
0000c30c     30c (0000c300)     _V_out
0000c30e     30c (0000c300)     _V_ref
0000c310     30c (0000c300)     _Control_V1
0000c312     30c (0000c300)     _Duty_A
0000c314     30c (0000c300)     _Kp_ic_pv
0000c316     30c (0000c300)     _Ki_ic_pv
0000c318     30c (0000c300)     _Kp_vc_pv
0000c31a     30c (0000c300)     _err_v
0000c31c     30c (0000c300)     _err_i
0000c31e     30c (0000c300)     _Integ_v_pv
0000c320     30c (0000c300)     _Integ_i_pv
0000c322     30c (0000c300)     _Integ_v
0000c324     30c (0000c300)     _Kp_ic
0000c326     30c (0000c300)     _Ki_vc
0000c328     30c (0000c300)     _Integ_i
0000c32a     30c (0000c300)     _Ki_vc_pv
0000c32c     30c (0000c300)     _Kp_vc
0000c32e     30c (0000c300)     _Ki_ic
0000c330     30c (0000c300)     _V_Inpv
0000c332     30c (0000c300)     _V_pv
0000c334     30c (0000c300)     _fTest
0000c336     30c (0000c300)     _P_pv
0000c338     30c (0000c300)     _err_i_pv
0000c33a     30c (0000c300)     _err_v_pv
0000c33c     30c (0000c300)     _Control_V1_pv
0000c33e     30c (0000c300)     _Control_I1

0000c340     30d (0000c340)     _V_ref_pv
0000c342     30d (0000c340)     _Control_I1_pv
0000c344     30d (0000c340)     _I_Lpv

0000d000     340 (0000d000)     _PieVectTableInit

0033fff8    cfff (0033ffc0)     _CsmPwl


GLOBAL SYMBOLS: SORTED ALPHABETICALLY BY Name 

page  address   name                            
----  -------   ----                            
0     00009000  .text                           
0     0000a1f6  C$$EXIT                         
0     00009f31  FS$$DIV                         
0     0000a1cc  L$$DIV                          
0     0000a1db  L$$MOD                          
0     0000a1e9  UL$$DIV                         
0     0000a1f0  UL$$MOD                         
0     00009847  _ADCINT_ISR                     
0     00380080  _ADC_cal                        
1     0000c025  _AD_Command                     
1     0000c005  _AD_Iu                          
1     0000c006  _AD_Iv                          
1     0000c02b  _AD_Iw                          
1     0000c024  _AD_Vdc                         
1     0000c0c6  _AccSpdEstHall                  
1     00000b00  _AdcMirror                      
1     00007100  _AdcRegs                        
1     0000c046  _AdjAngle                       
1     0000c088  _AlphaCurr                      
1     0000c08c  _AlphaTheta                     
1     0000c08e  _AlphaVdc                       
1     0000c028  _AngleControl                   
1     0000c09a  _AntiGain                       
1     0000c072  _AntiWindUp_Iqe                 
1     0000c070  _AntiWindUp_Vde                 
1     0000c082  _AntiWindUp_Vqe                 
0     0000a135  _CheckAndRecvSerialData         
1     0000c01c  _Comm_Speed                     
1     0000c01b  _Comm_Type                      
1     0000c33e  _Control_I1                     
1     0000c342  _Control_I1_pv                  
1     0000c310  _Control_V1                     
1     0000c33c  _Control_V1_pv                  
1     0000c0e2  _Cos_Theta                      
1     00000c00  _CpuTimer0Regs                  
1     00000c08  _CpuTimer1Regs                  
1     00000c10  _CpuTimer2Regs                  
1     0033fff8  _CsmPwl                         
1     00000ae0  _CsmRegs                        
0     00009e49  _CsmUnlock                      
0     00009402  _CurrentControl                 
0     00009476  _CurrentControlPV               
1     0000c004  _CurrentOffsetCount             
1     0000c015  _DAC_CH                         
1     0000c112  _DAC_scale                      
0     00009775  _DATALOG_ISR                    
0     00009969  _DINTCH1_ISR                    
0     00009973  _DINTCH2_ISR                    
0     0000997d  _DINTCH3_ISR                    
0     00009987  _DINTCH4_ISR                    
0     00009991  _DINTCH5_ISR                    
0     0000999b  _DINTCH6_ISR                    
0     000080f3  _DSP28x_usDelay                 
1     00000880  _DevEmuRegs                     
1     0000c0ea  _DifferenceHE                   
0     00009d95  _DisableDog                     
1     00001000  _DmaRegs                        
1     0000c023  _DutyA                          
1     0000c021  _DutyB                          
1     0000c022  _DutyC                          
1     0000c312  _Duty_A                         
1     0000c306  _Duty_B                         
1     0000c308  _Duty_C                         
0     000099f5  _ECAN0INTA_ISR                  
0     00009a09  _ECAN0INTB_ISR                  
0     000099ff  _ECAN1INTA_ISR                  
0     00009a13  _ECAN1INTB_ISR                  
0     000098dd  _ECAP1_INT_ISR                  
0     000098e7  _ECAP2_INT_ISR                  
0     000098f1  _ECAP3_INT_ISR                  
0     000098fb  _ECAP4_INT_ISR                  
0     00009905  _ECAP5_INT_ISR                  
0     0000990f  _ECAP6_INT_ISR                  
1     00006040  _ECanaLAMRegs                   
1     000060c0  _ECanaMOTORegs                  
1     00006080  _ECanaMOTSRegs                  
1     00006100  _ECanaMboxes                    
1     00006000  _ECanaRegs                      
1     00006240  _ECanbLAMRegs                   
1     000062c0  _ECanbMOTORegs                  
1     00006280  _ECanbMOTSRegs                  
1     00006300  _ECanbMboxes                    
1     00006200  _ECanbRegs                      
1     00006a00  _ECap1Regs                      
1     00006a20  _ECap2Regs                      
1     00006a40  _ECap3Regs                      
1     00006a60  _ECap4Regs                      
1     00006a80  _ECap5Regs                      
1     00006aa0  _ECap6Regs                      
0     00009789  _EMUINT_ISR                     
0     000098a1  _EPWM1_INT_ISR                  
0     00009865  _EPWM1_TZINT_ISR                
0     000098ab  _EPWM2_INT_ISR                  
0     0000986f  _EPWM2_TZINT_ISR                
0     000098b5  _EPWM3_INT_ISR                  
0     00009879  _EPWM3_TZINT_ISR                
0     000098bf  _EPWM4_INT_ISR                  
0     00009883  _EPWM4_TZINT_ISR                
0     000098c9  _EPWM5_INT_ISR                  
0     0000988d  _EPWM5_TZINT_ISR                
0     000098d3  _EPWM6_INT_ISR                  
0     00009897  _EPWM6_TZINT_ISR                
1     00006800  _EPwm1Regs                      
1     00006840  _EPwm2Regs                      
1     00006880  _EPwm3Regs                      
1     000068c0  _EPwm4Regs                      
1     00006900  _EPwm5Regs                      
1     00006940  _EPwm6Regs                      
0     00009919  _EQEP1_INT_ISR                  
0     00009923  _EQEP2_INT_ISR                  
1     00006b00  _EQep1Regs                      
1     00006b40  _EQep2Regs                      
1     0000c0e6  _ETheta                         
1     0000c0f4  _EThetaM                        
1     0000c0cc  _ETheta_old                     
0     0000a23e  _EnableInterrupts               
1     0000c0c8  _Fc_SpdEstHall                  
1     00000a80  _FlashRegs                      
1     0000c110  _Freq_Ref                       
1     00006f80  _GpioCtrlRegs                   
1     00006fc0  _GpioDataRegs                   
1     00006fe0  _GpioIntRegs                    
0     00009c64  _Gpio_select                    
1     0000c0ec  _HTheta                         
1     0000c0e8  _HTheta_D0                      
1     0000c0e4  _HTheta_D1                      
1     0000c00c  _HallSignal                     
1     0000c013  _HallSignalM                    
0     000099a5  _I2CINT1A_ISR                   
0     000099af  _I2CINT2A_ISR                   
1     00007900  _I2caRegs                       
0     0000979d  _ILLEGAL_ISR                    
0     00009761  _INT13_ISR                      
0     0000976b  _INT14_ISR                      
1     0000c011  _IPM_FaultCount                 
1     0000c010  _IPM_FaultFlag                  
1     0000c00a  _IPM_Status                     
1     0000c301  _I_1                            
1     0000c30a  _I_L                            
1     0000c344  _I_Lpv                          
1     0000c302  _I_Out_pv                       
1     0000c094  _I_invOld                       
1     0000c08a  _I_invf                         
1     0000c0ba  _Icmd_target                    
1     0000c12a  _Icmde                          
1     0000c042  _Id                             
1     0000c096  _Id_Old                         
1     0000c09c  _Idf                            
0     0000a2c2  _InitAdc                        
0     00009d60  _InitECAP1                      
0     00009d71  _InitECAP2                      
0     00009c90  _InitEPWM                       
1     0000c012  _InitFlag                       
0     00009dee  _InitPeripheralClocks           
0     0000a21f  _InitPieCtrl                    
0     0000a26b  _InitPieVectTable               
0     00009d9d  _InitPll                        
0     00009d82  _InitSysCtrl                    
0     0000a1cb  _InitVariable                   
1     0000c0aa  _Integ_d                        
1     0000c328  _Integ_i                        
1     0000c320  _Integ_i_pv                     
1     0000c0a8  _Integ_q                        
1     0000c116  _Integ_spd                      
1     0000c322  _Integ_v                        
1     0000c31e  _Integ_v_pv                     
1     0000c114  _IntegrationEstHall             
1     0000c048  _Iq                             
1     0000c074  _Iq_Old                         
1     0000c084  _Iqf                            
1     0000c146  _Ireal                          
1     0000c003  _Ireal_FaultCount               
1     0000c126  _Ireale                         
1     0000c136  _Ireals                         
0     00009509  _Is_SVPWM                       
0     000095fc  _Is_abc2dqs                     
0     00009661  _Is_dqe2dqs                     
0     00009735  _Is_dqs2abc                     
0     00009630  _Is_dqs2dqe                     
1     0000c008  _Iu                             
1     0000c002  _Iu_offset                      
1     0000c009  _Iv                             
1     0000c000  _Iv_offset                      
1     0000c007  _Iw                             
1     0000c001  _Iw_offset                      
1     0000c0a4  _Ke                             
1     0000c0ce  _Ki_EstHall                     
1     0000c0c2  _Ki_d_cc                        
1     0000c32e  _Ki_ic                          
1     0000c316  _Ki_ic_pv                       
1     0000c0c0  _Ki_q_cc                        
1     0000c11e  _Ki_sc                          
1     0000c326  _Ki_vc                          
1     0000c32a  _Ki_vc_pv                       
1     0000c0be  _Kp_d_cc                        
1     0000c324  _Kp_ic                          
1     0000c314  _Kp_ic_pv                       
1     0000c0bc  _Kp_q_cc                        
1     0000c11a  _Kp_sc                          
1     0000c32c  _Kp_vc                          
1     0000c318  _Kp_vc_pv                       
1     0000c180  _LPF1                           
0     00009a59  _LUF_ISR                        
0     00009a4f  _LVF_ISR                        
1     0000c0b0  _Ld                             
1     0000c04c  _Low_fvdc                       
1     0000c0a6  _Lq                             
0     00009955  _MRINTA_ISR                     
0     00009941  _MRINTB_ISR                     
0     0000995f  _MXINTA_ISR                     
0     0000994b  _MXINTB_ISR                     
1     00005000  _McbspaRegs                     
1     00005040  _McbspbRegs                     
1     0000c01d  _Motor_Add                      
0     00009793  _NMI_ISR                        
0     00009a63  _PIE_RESERVED                   
0     000094f4  _PWM_Duty                       
1     0000c017  _P_Status                       
1     0000c336  _P_pv                           
1     00000ce0  _PieCtrlRegs                    
1     00000d00  _PieVectTable                   
1     0000d000  _PieVectTableInit               
1     0000c01e  _PulseRPM                       
1     0000c086  _PulseRef                       
0     0000977f  _RTOSINT_ISR                    
1     0000c0b2  _Rs                             
0     000099cd  _SCIRXINTA_ISR                  
0     000099e1  _SCIRXINTB_ISR                  
0     000099b9  _SCIRXINTC_ISR                  
0     000099d7  _SCITXINTA_ISR                  
0     000099eb  _SCITXINTB_ISR                  
0     000099c3  _SCITXINTC_ISR                  
0     0000981f  _SEQ1INT_ISR                    
0     00009829  _SEQ2INT_ISR                    
0     0000992d  _SPIRXINTA_ISR                  
0     00009937  _SPITXINTA_ISR                  
0     00009fed  _SciInit                        
0     0000a092  _SciRxIsrHandler                
0     00009fd3  _SciRxIsrSet                    
0     00009fb9  _SciRxSet                       
0     0000a0c3  _SciTxIsrHandler                
0     00009fe0  _SciTxIsrSet                    
0     00009fc6  _SciTxSet                       
1     00007050  _SciaRegs                       
1     00007750  _ScibRegs                       
1     00007770  _ScicRegs                       
0     0000a088  _SerialGetByte                  
0     0000a06f  _SerialInit                     
0     0000a07f  _SerialPutByte                  
0     0000a027  _SerialReceiveMode              
0     0000a107  _SerialReceive_Cb               
0     0000a0f4  _SerialTransmit                 
0     0000a04b  _SerialTransmitMode             
0     0000a11e  _SerialTransmit_Cb              
0     00009d8b  _ServiceDog                     
0     00009c2c  _SetupADC                       
1     0000c0dc  _Sin_Theta                      
1     0000c0b8  _SpeedCmdRpm                    
1     0000c118  _SpeedCmdRpm1                   
1     0000c01f  _SpeedDown                      
1     0000c0d2  _SpeedEstHall                   
1     0000c0c4  _SpeedEstHallOld                
1     0000c0d0  _SpeedEstHallRpm                
1     0000c0ca  _SpeedEstHall_m                 
1     00007040  _SpiaRegs                       
1     00007010  _SysCtrlRegs                    
1     0000c10c  _T                              
0     00009851  _TINT0_ISR                      
1     0000c0f6  _Theta                          
1     0000c122  _ThetaEstH                      
1     0000c0f0  _ThetaEstHall                   
1     0000c124  _ThetaEstHallError              
1     0000c10e  _ThetaInc                       
1     0000c0ee  _ThetaM                         
1     0000c00f  _ThetaMQ15                      
1     0000c00e  _ThetaQ15                       
1     0000c06e  _Theta_Old                      
1     0000c11c  _Theta_Pre                      
1     0000c0f2  _Theta_old                      
1     0000c06c  _Thetaf                         
1     0000c0e0  _Tsampcc                        
1     0000c0d6  _Tsampsc                        
0     00009801  _USER10_ISR                     
0     0000980b  _USER11_ISR                     
0     00009815  _USER12_ISR                     
0     000097a7  _USER1_ISR                      
0     000097b1  _USER2_ISR                      
0     000097bb  _USER3_ISR                      
0     000097c5  _USER4_ISR                      
0     000097cf  _USER5_ISR                      
0     000097d9  _USER6_ISR                      
0     000097e3  _USER7_ISR                      
0     000097ed  _USER8_ISR                      
0     000097f7  _USER9_ISR                      
1     0000c300  _V_1                            
1     0000c303  _V_In_pv                        
1     0000c330  _V_Inpv                         
1     0000c304  _V_Out_pv                       
1     0000c30c  _V_out                          
1     0000c332  _V_pv                           
1     0000c30e  _V_ref                          
1     0000c340  _V_ref_pv                       
1     0000c140  _Vcmd                           
1     0000c12e  _Vcmde                          
1     0000c13a  _Vcmdn                          
1     0000c132  _Vcmds                          
1     0000c03c  _Vd                             
1     0000c0de  _Vdc                            
0     00009438  _VoltageControl                 
0     000094b1  _VoltageControlPV               
1     0000c03a  _Vq                             
1     0000c092  _Vset                           
1     0000c038  _Vslope                         
0     0000985b  _WAKEINT_ISR                    
1     0000c0b6  _Wc_cc                          
1     0000c0b4  _Wc_spd                         
0     00009833  _XINT1_ISR                      
0     0000983d  _XINT2_ISR                      
0     00009a1d  _XINT3_ISR                      
0     00009a27  _XINT4_ISR                      
0     00009a31  _XINT5_ISR                      
0     00009a3b  _XINT6_ISR                      
0     00009a45  _XINT7_ISR                      
1     00007070  _XIntruptRegs                   
1     00000b20  _XintfRegs                      
1     00000700  __STACK_END                     
abs   00000300  __STACK_SIZE                    
1     0000c252  ___TI_cleanup_ptr               
1     0000c254  ___TI_dtors_ptr                 
1     0000c250  ___TI_enable_exit_profile_output
abs   ffffffff  ___TI_pprof_out_hndl            
abs   ffffffff  ___TI_prof_data_size            
abs   ffffffff  ___TI_prof_data_start           
abs   ffffffff  ___binit__                      
abs   ffffffff  ___c_args__                     
0     00008000  ___cinit__                      
0     0000a2ea  ___etext__                      
abs   ffffffff  ___pinit__                      
0     00009000  ___text__                       
0     0000a2a9  __args_main                     
1     0000c25a  __lock                          
0     0000a2de  __nop                           
0     0000a2da  __register_lock                 
0     0000a2d6  __register_unlock               
1     00000400  __stack                         
0     0000a2e9  __system_post_cinit             
0     0000a2e7  __system_pre_init               
1     0000c25c  __unlock                        
1     0000c07a  _a                              
1     0000c026  _aaa                            
0     0000a1f6  _abort                          
0     00009a8c  _adc_isr                        
0     00009000  _asc2hex                        
1     0000c07c  _b                              
1     0000c027  _bbb                            
0     0000a14b  _c_int00                        
1     0000c020  _ccc                            
0     0000a247  _copy_in                        
1     0000c00d  _count                          
1     0000c029  _count_pwm                      
1     0000c02a  _count_start                    
1     0000c02d  _da1                            
1     0000c060  _da1_data                       
1     0000c062  _da1_mid                        
1     0000c0a2  _da1_rng                        
1     0000c120  _da1_scale                      
1     0000c030  _da1_type                       
1     0000c09e  _da1_val                        
1     0000c02f  _da2                            
1     0000c06a  _da2_data                       
1     0000c064  _da2_mid                        
1     0000c05c  _da2_rng                        
1     0000c05e  _da2_scale                      
1     0000c033  _da2_type                       
1     0000c068  _da2_val                        
1     0000c02e  _da3                            
1     0000c0f8  _da3_data                       
1     0000c0fa  _da3_mid                        
1     0000c066  _da3_rng                        
1     0000c050  _da3_scale                      
1     0000c02c  _da3_type                       
1     0000c052  _da3_val                        
1     0000c031  _da4                            
1     0000c102  _da4_data                       
1     0000c104  _da4_mid                        
1     0000c108  _da4_rng                        
1     0000c10a  _da4_scale                      
1     0000c032  _da4_type                       
1     0000c106  _da4_val                        
1     0000c019  _ddd                            
1     0000c281  _debug_cnt                      
1     0000c288  _debug_rd_addr                  
1     0000c28a  _debug_rd_addr_tmp              
1     0000c280  _debug_state                    
1     0000c282  _debug_sum                      
1     0000c283  _debug_sum_temp                 
1     0000c2c0  _debug_tx_buf                   
1     0000c285  _debug_tx_end                   
1     0000c287  _debug_tx_pos                   
1     0000c28c  _debug_wr_addr                  
1     0000c28e  _debug_wr_data                  
1     0000c286  _debug_wr_size                  
1     0000c284  _debug_wr_sum_flag              
1     0000c01a  _eee                            
0     00009a77  _epwm1_timer_isr                
1     0000c31c  _err_i                          
1     0000c338  _err_i_pv                       
1     0000c31a  _err_v                          
1     0000c33a  _err_v_pv                       
0     0000a1f8  _exit                           
1     0000c054  _fCommand                       
1     0000c0fc  _fIu                            
1     0000c100  _fIv                            
1     0000c0fe  _fIw                            
1     0000c334  _fTest                          
1     0000c0d4  _fVF_freq                       
1     0000c0ae  _fVF_freq_rad                   
1     0000c0da  _fVF_freq_set                   
1     0000c0d8  _fVF_freq_slope                 
1     0000c0ac  _fVF_theta                      
1     0000c056  _fVdc                           
1     0000c058  _fVdcf                          
1     0000c05a  _fVdcfOld                       
1     0000c018  _fff                            
0     00009019  _hex2asc                        
1     0000c040  _kbl1                           
1     0000c03e  _kbl2                           
1     0000c04a  _kbl3                           
1     0000c090  _kbl4                           
1     0000c0a0  _lI_inv                         
1     0000c098  _lId                            
1     0000c076  _lIq                            
1     0000c078  _lTheta                         
1     0000c04e  _lfVdc                          
0     0000a1a1  _main                           
0     0000a28b  _memcpy                         
1     0000c016  _nDir                           
1     0000c00b  _op_mode                        
1     0000c014  _qep_count                      
0     00009a6d  _rsvd_ISR                       
1     0000c24e  _rx_buff                        
0     000093ba  _sci_debug_init                 
1     0000c258  _sci_regs_ptr                   
0     00009ec2  _scia_rx_isr                    
0     00009e7a  _scia_tx_isr                    
1     0000c034  _speed_e                        
1     0000c044  _speed_m                        
1     0000c036  _speed_rpm                      
0     00009118  _state0_proc                    
0     00009251  _state1_proc                    
0     0000926f  _state2_proc                    
0     000092d0  _state3_proc                    
0     000092e8  _state4_proc                    
0     00009309  _state5_proc                    
0     00009336  _state6_proc                    
0     0000934f  _state7_proc                    
1     0000c256  _test                           
1     0000c080  _test_rx                        
1     0000c07e  _test_tx                        
0     0000903d  _write_txbuf_asc                
0     0000904f  _write_txbuf_byte               
0     000090a9  _write_txbuf_long               
0     00009025  _write_txbuf_string             
0     0000906f  _write_txbuf_word               
abs   ffffffff  binit                           
0     00008000  cinit                           
0     00000000  code_start                      
0     0000a2ea  etext                           
abs   ffffffff  pinit                           


GLOBAL SYMBOLS: SORTED BY Symbol Address 

page  address   name                            
----  -------   ----                            
0     00000000  code_start                      
0     00008000  ___cinit__                      
0     00008000  cinit                           
0     000080f3  _DSP28x_usDelay                 
0     00009000  .text                           
0     00009000  ___text__                       
0     00009000  _asc2hex                        
0     00009019  _hex2asc                        
0     00009025  _write_txbuf_string             
0     0000903d  _write_txbuf_asc                
0     0000904f  _write_txbuf_byte               
0     0000906f  _write_txbuf_word               
0     000090a9  _write_txbuf_long               
0     00009118  _state0_proc                    
0     00009251  _state1_proc                    
0     0000926f  _state2_proc                    
0     000092d0  _state3_proc                    
0     000092e8  _state4_proc                    
0     00009309  _state5_proc                    
0     00009336  _state6_proc                    
0     0000934f  _state7_proc                    
0     000093ba  _sci_debug_init                 
0     00009402  _CurrentControl                 
0     00009438  _VoltageControl                 
0     00009476  _CurrentControlPV               
0     000094b1  _VoltageControlPV               
0     000094f4  _PWM_Duty                       
0     00009509  _Is_SVPWM                       
0     000095fc  _Is_abc2dqs                     
0     00009630  _Is_dqs2dqe                     
0     00009661  _Is_dqe2dqs                     
0     00009735  _Is_dqs2abc                     
0     00009761  _INT13_ISR                      
0     0000976b  _INT14_ISR                      
0     00009775  _DATALOG_ISR                    
0     0000977f  _RTOSINT_ISR                    
0     00009789  _EMUINT_ISR                     
0     00009793  _NMI_ISR                        
0     0000979d  _ILLEGAL_ISR                    
0     000097a7  _USER1_ISR                      
0     000097b1  _USER2_ISR                      
0     000097bb  _USER3_ISR                      
0     000097c5  _USER4_ISR                      
0     000097cf  _USER5_ISR                      
0     000097d9  _USER6_ISR                      
0     000097e3  _USER7_ISR                      
0     000097ed  _USER8_ISR                      
0     000097f7  _USER9_ISR                      
0     00009801  _USER10_ISR                     
0     0000980b  _USER11_ISR                     
0     00009815  _USER12_ISR                     
0     0000981f  _SEQ1INT_ISR                    
0     00009829  _SEQ2INT_ISR                    
0     00009833  _XINT1_ISR                      
0     0000983d  _XINT2_ISR                      
0     00009847  _ADCINT_ISR                     
0     00009851  _TINT0_ISR                      
0     0000985b  _WAKEINT_ISR                    
0     00009865  _EPWM1_TZINT_ISR                
0     0000986f  _EPWM2_TZINT_ISR                
0     00009879  _EPWM3_TZINT_ISR                
0     00009883  _EPWM4_TZINT_ISR                
0     0000988d  _EPWM5_TZINT_ISR                
0     00009897  _EPWM6_TZINT_ISR                
0     000098a1  _EPWM1_INT_ISR                  
0     000098ab  _EPWM2_INT_ISR                  
0     000098b5  _EPWM3_INT_ISR                  
0     000098bf  _EPWM4_INT_ISR                  
0     000098c9  _EPWM5_INT_ISR                  
0     000098d3  _EPWM6_INT_ISR                  
0     000098dd  _ECAP1_INT_ISR                  
0     000098e7  _ECAP2_INT_ISR                  
0     000098f1  _ECAP3_INT_ISR                  
0     000098fb  _ECAP4_INT_ISR                  
0     00009905  _ECAP5_INT_ISR                  
0     0000990f  _ECAP6_INT_ISR                  
0     00009919  _EQEP1_INT_ISR                  
0     00009923  _EQEP2_INT_ISR                  
0     0000992d  _SPIRXINTA_ISR                  
0     00009937  _SPITXINTA_ISR                  
0     00009941  _MRINTB_ISR                     
0     0000994b  _MXINTB_ISR                     
0     00009955  _MRINTA_ISR                     
0     0000995f  _MXINTA_ISR                     
0     00009969  _DINTCH1_ISR                    
0     00009973  _DINTCH2_ISR                    
0     0000997d  _DINTCH3_ISR                    
0     00009987  _DINTCH4_ISR                    
0     00009991  _DINTCH5_ISR                    
0     0000999b  _DINTCH6_ISR                    
0     000099a5  _I2CINT1A_ISR                   
0     000099af  _I2CINT2A_ISR                   
0     000099b9  _SCIRXINTC_ISR                  
0     000099c3  _SCITXINTC_ISR                  
0     000099cd  _SCIRXINTA_ISR                  
0     000099d7  _SCITXINTA_ISR                  
0     000099e1  _SCIRXINTB_ISR                  
0     000099eb  _SCITXINTB_ISR                  
0     000099f5  _ECAN0INTA_ISR                  
0     000099ff  _ECAN1INTA_ISR                  
0     00009a09  _ECAN0INTB_ISR                  
0     00009a13  _ECAN1INTB_ISR                  
0     00009a1d  _XINT3_ISR                      
0     00009a27  _XINT4_ISR                      
0     00009a31  _XINT5_ISR                      
0     00009a3b  _XINT6_ISR                      
0     00009a45  _XINT7_ISR                      
0     00009a4f  _LVF_ISR                        
0     00009a59  _LUF_ISR                        
0     00009a63  _PIE_RESERVED                   
0     00009a6d  _rsvd_ISR                       
0     00009a77  _epwm1_timer_isr                
0     00009a8c  _adc_isr                        
0     00009c2c  _SetupADC                       
0     00009c64  _Gpio_select                    
0     00009c90  _InitEPWM                       
0     00009d60  _InitECAP1                      
0     00009d71  _InitECAP2                      
0     00009d82  _InitSysCtrl                    
0     00009d8b  _ServiceDog                     
0     00009d95  _DisableDog                     
0     00009d9d  _InitPll                        
0     00009dee  _InitPeripheralClocks           
0     00009e49  _CsmUnlock                      
0     00009e7a  _scia_tx_isr                    
0     00009ec2  _scia_rx_isr                    
0     00009f31  FS$$DIV                         
0     00009fb9  _SciRxSet                       
0     00009fc6  _SciTxSet                       
0     00009fd3  _SciRxIsrSet                    
0     00009fe0  _SciTxIsrSet                    
0     00009fed  _SciInit                        
0     0000a027  _SerialReceiveMode              
0     0000a04b  _SerialTransmitMode             
0     0000a06f  _SerialInit                     
0     0000a07f  _SerialPutByte                  
0     0000a088  _SerialGetByte                  
0     0000a092  _SciRxIsrHandler                
0     0000a0c3  _SciTxIsrHandler                
0     0000a0f4  _SerialTransmit                 
0     0000a107  _SerialReceive_Cb               
0     0000a11e  _SerialTransmit_Cb              
0     0000a135  _CheckAndRecvSerialData         
0     0000a14b  _c_int00                        
0     0000a1a1  _main                           
0     0000a1cb  _InitVariable                   
0     0000a1cc  L$$DIV                          
0     0000a1db  L$$MOD                          
0     0000a1e9  UL$$DIV                         
0     0000a1f0  UL$$MOD                         
0     0000a1f6  C$$EXIT                         
0     0000a1f6  _abort                          
0     0000a1f8  _exit                           
0     0000a21f  _InitPieCtrl                    
0     0000a23e  _EnableInterrupts               
0     0000a247  _copy_in                        
0     0000a26b  _InitPieVectTable               
0     0000a28b  _memcpy                         
0     0000a2a9  __args_main                     
0     0000a2c2  _InitAdc                        
0     0000a2d6  __register_unlock               
0     0000a2da  __register_lock                 
0     0000a2de  __nop                           
0     0000a2e7  __system_pre_init               
0     0000a2e9  __system_post_cinit             
0     0000a2ea  ___etext__                      
0     0000a2ea  etext                           
0     00380080  _ADC_cal                        
1     00000400  __stack                         
1     00000700  __STACK_END                     
1     00000880  _DevEmuRegs                     
1     00000a80  _FlashRegs                      
1     00000ae0  _CsmRegs                        
1     00000b00  _AdcMirror                      
1     00000b20  _XintfRegs                      
1     00000c00  _CpuTimer0Regs                  
1     00000c08  _CpuTimer1Regs                  
1     00000c10  _CpuTimer2Regs                  
1     00000ce0  _PieCtrlRegs                    
1     00000d00  _PieVectTable                   
1     00001000  _DmaRegs                        
1     00005000  _McbspaRegs                     
1     00005040  _McbspbRegs                     
1     00006000  _ECanaRegs                      
1     00006040  _ECanaLAMRegs                   
1     00006080  _ECanaMOTSRegs                  
1     000060c0  _ECanaMOTORegs                  
1     00006100  _ECanaMboxes                    
1     00006200  _ECanbRegs                      
1     00006240  _ECanbLAMRegs                   
1     00006280  _ECanbMOTSRegs                  
1     000062c0  _ECanbMOTORegs                  
1     00006300  _ECanbMboxes                    
1     00006800  _EPwm1Regs                      
1     00006840  _EPwm2Regs                      
1     00006880  _EPwm3Regs                      
1     000068c0  _EPwm4Regs                      
1     00006900  _EPwm5Regs                      
1     00006940  _EPwm6Regs                      
1     00006a00  _ECap1Regs                      
1     00006a20  _ECap2Regs                      
1     00006a40  _ECap3Regs                      
1     00006a60  _ECap4Regs                      
1     00006a80  _ECap5Regs                      
1     00006aa0  _ECap6Regs                      
1     00006b00  _EQep1Regs                      
1     00006b40  _EQep2Regs                      
1     00006f80  _GpioCtrlRegs                   
1     00006fc0  _GpioDataRegs                   
1     00006fe0  _GpioIntRegs                    
1     00007010  _SysCtrlRegs                    
1     00007040  _SpiaRegs                       
1     00007050  _SciaRegs                       
1     00007070  _XIntruptRegs                   
1     00007100  _AdcRegs                        
1     00007750  _ScibRegs                       
1     00007770  _ScicRegs                       
1     00007900  _I2caRegs                       
1     0000c000  _Iv_offset                      
1     0000c001  _Iw_offset                      
1     0000c002  _Iu_offset                      
1     0000c003  _Ireal_FaultCount               
1     0000c004  _CurrentOffsetCount             
1     0000c005  _AD_Iu                          
1     0000c006  _AD_Iv                          
1     0000c007  _Iw                             
1     0000c008  _Iu                             
1     0000c009  _Iv                             
1     0000c00a  _IPM_Status                     
1     0000c00b  _op_mode                        
1     0000c00c  _HallSignal                     
1     0000c00d  _count                          
1     0000c00e  _ThetaQ15                       
1     0000c00f  _ThetaMQ15                      
1     0000c010  _IPM_FaultFlag                  
1     0000c011  _IPM_FaultCount                 
1     0000c012  _InitFlag                       
1     0000c013  _HallSignalM                    
1     0000c014  _qep_count                      
1     0000c015  _DAC_CH                         
1     0000c016  _nDir                           
1     0000c017  _P_Status                       
1     0000c018  _fff                            
1     0000c019  _ddd                            
1     0000c01a  _eee                            
1     0000c01b  _Comm_Type                      
1     0000c01c  _Comm_Speed                     
1     0000c01d  _Motor_Add                      
1     0000c01e  _PulseRPM                       
1     0000c01f  _SpeedDown                      
1     0000c020  _ccc                            
1     0000c021  _DutyB                          
1     0000c022  _DutyC                          
1     0000c023  _DutyA                          
1     0000c024  _AD_Vdc                         
1     0000c025  _AD_Command                     
1     0000c026  _aaa                            
1     0000c027  _bbb                            
1     0000c028  _AngleControl                   
1     0000c029  _count_pwm                      
1     0000c02a  _count_start                    
1     0000c02b  _AD_Iw                          
1     0000c02c  _da3_type                       
1     0000c02d  _da1                            
1     0000c02e  _da3                            
1     0000c02f  _da2                            
1     0000c030  _da1_type                       
1     0000c031  _da4                            
1     0000c032  _da4_type                       
1     0000c033  _da2_type                       
1     0000c034  _speed_e                        
1     0000c036  _speed_rpm                      
1     0000c038  _Vslope                         
1     0000c03a  _Vq                             
1     0000c03c  _Vd                             
1     0000c03e  _kbl2                           
1     0000c040  _kbl1                           
1     0000c042  _Id                             
1     0000c044  _speed_m                        
1     0000c046  _AdjAngle                       
1     0000c048  _Iq                             
1     0000c04a  _kbl3                           
1     0000c04c  _Low_fvdc                       
1     0000c04e  _lfVdc                          
1     0000c050  _da3_scale                      
1     0000c052  _da3_val                        
1     0000c054  _fCommand                       
1     0000c056  _fVdc                           
1     0000c058  _fVdcf                          
1     0000c05a  _fVdcfOld                       
1     0000c05c  _da2_rng                        
1     0000c05e  _da2_scale                      
1     0000c060  _da1_data                       
1     0000c062  _da1_mid                        
1     0000c064  _da2_mid                        
1     0000c066  _da3_rng                        
1     0000c068  _da2_val                        
1     0000c06a  _da2_data                       
1     0000c06c  _Thetaf                         
1     0000c06e  _Theta_Old                      
1     0000c070  _AntiWindUp_Vde                 
1     0000c072  _AntiWindUp_Iqe                 
1     0000c074  _Iq_Old                         
1     0000c076  _lIq                            
1     0000c078  _lTheta                         
1     0000c07a  _a                              
1     0000c07c  _b                              
1     0000c07e  _test_tx                        
1     0000c080  _test_rx                        
1     0000c082  _AntiWindUp_Vqe                 
1     0000c084  _Iqf                            
1     0000c086  _PulseRef                       
1     0000c088  _AlphaCurr                      
1     0000c08a  _I_invf                         
1     0000c08c  _AlphaTheta                     
1     0000c08e  _AlphaVdc                       
1     0000c090  _kbl4                           
1     0000c092  _Vset                           
1     0000c094  _I_invOld                       
1     0000c096  _Id_Old                         
1     0000c098  _lId                            
1     0000c09a  _AntiGain                       
1     0000c09c  _Idf                            
1     0000c09e  _da1_val                        
1     0000c0a0  _lI_inv                         
1     0000c0a2  _da1_rng                        
1     0000c0a4  _Ke                             
1     0000c0a6  _Lq                             
1     0000c0a8  _Integ_q                        
1     0000c0aa  _Integ_d                        
1     0000c0ac  _fVF_theta                      
1     0000c0ae  _fVF_freq_rad                   
1     0000c0b0  _Ld                             
1     0000c0b2  _Rs                             
1     0000c0b4  _Wc_spd                         
1     0000c0b6  _Wc_cc                          
1     0000c0b8  _SpeedCmdRpm                    
1     0000c0ba  _Icmd_target                    
1     0000c0bc  _Kp_q_cc                        
1     0000c0be  _Kp_d_cc                        
1     0000c0c0  _Ki_q_cc                        
1     0000c0c2  _Ki_d_cc                        
1     0000c0c4  _SpeedEstHallOld                
1     0000c0c6  _AccSpdEstHall                  
1     0000c0c8  _Fc_SpdEstHall                  
1     0000c0ca  _SpeedEstHall_m                 
1     0000c0cc  _ETheta_old                     
1     0000c0ce  _Ki_EstHall                     
1     0000c0d0  _SpeedEstHallRpm                
1     0000c0d2  _SpeedEstHall                   
1     0000c0d4  _fVF_freq                       
1     0000c0d6  _Tsampsc                        
1     0000c0d8  _fVF_freq_slope                 
1     0000c0da  _fVF_freq_set                   
1     0000c0dc  _Sin_Theta                      
1     0000c0de  _Vdc                            
1     0000c0e0  _Tsampcc                        
1     0000c0e2  _Cos_Theta                      
1     0000c0e4  _HTheta_D1                      
1     0000c0e6  _ETheta                         
1     0000c0e8  _HTheta_D0                      
1     0000c0ea  _DifferenceHE                   
1     0000c0ec  _HTheta                         
1     0000c0ee  _ThetaM                         
1     0000c0f0  _ThetaEstHall                   
1     0000c0f2  _Theta_old                      
1     0000c0f4  _EThetaM                        
1     0000c0f6  _Theta                          
1     0000c0f8  _da3_data                       
1     0000c0fa  _da3_mid                        
1     0000c0fc  _fIu                            
1     0000c0fe  _fIw                            
1     0000c100  _fIv                            
1     0000c102  _da4_data                       
1     0000c104  _da4_mid                        
1     0000c106  _da4_val                        
1     0000c108  _da4_rng                        
1     0000c10a  _da4_scale                      
1     0000c10c  _T                              
1     0000c10e  _ThetaInc                       
1     0000c110  _Freq_Ref                       
1     0000c112  _DAC_scale                      
1     0000c114  _IntegrationEstHall             
1     0000c116  _Integ_spd                      
1     0000c118  _SpeedCmdRpm1                   
1     0000c11a  _Kp_sc                          
1     0000c11c  _Theta_Pre                      
1     0000c11e  _Ki_sc                          
1     0000c120  _da1_scale                      
1     0000c122  _ThetaEstH                      
1     0000c124  _ThetaEstHallError              
1     0000c126  _Ireale                         
1     0000c12a  _Icmde                          
1     0000c12e  _Vcmde                          
1     0000c132  _Vcmds                          
1     0000c136  _Ireals                         
1     0000c13a  _Vcmdn                          
1     0000c140  _Vcmd                           
1     0000c146  _Ireal                          
1     0000c180  _LPF1                           
1     0000c24e  _rx_buff                        
1     0000c250  ___TI_enable_exit_profile_output
1     0000c252  ___TI_cleanup_ptr               
1     0000c254  ___TI_dtors_ptr                 
1     0000c256  _test                           
1     0000c258  _sci_regs_ptr                   
1     0000c25a  __lock                          
1     0000c25c  __unlock                        
1     0000c280  _debug_state                    
1     0000c281  _debug_cnt                      
1     0000c282  _debug_sum                      
1     0000c283  _debug_sum_temp                 
1     0000c284  _debug_wr_sum_flag              
1     0000c285  _debug_tx_end                   
1     0000c286  _debug_wr_size                  
1     0000c287  _debug_tx_pos                   
1     0000c288  _debug_rd_addr                  
1     0000c28a  _debug_rd_addr_tmp              
1     0000c28c  _debug_wr_addr                  
1     0000c28e  _debug_wr_data                  
1     0000c2c0  _debug_tx_buf                   
1     0000c300  _V_1                            
1     0000c301  _I_1                            
1     0000c302  _I_Out_pv                       
1     0000c303  _V_In_pv                        
1     0000c304  _V_Out_pv                       
1     0000c306  _Duty_B                         
1     0000c308  _Duty_C                         
1     0000c30a  _I_L                            
1     0000c30c  _V_out                          
1     0000c30e  _V_ref                          
1     0000c310  _Control_V1                     
1     0000c312  _Duty_A                         
1     0000c314  _Kp_ic_pv                       
1     0000c316  _Ki_ic_pv                       
1     0000c318  _Kp_vc_pv                       
1     0000c31a  _err_v                          
1     0000c31c  _err_i                          
1     0000c31e  _Integ_v_pv                     
1     0000c320  _Integ_i_pv                     
1     0000c322  _Integ_v                        
1     0000c324  _Kp_ic                          
1     0000c326  _Ki_vc                          
1     0000c328  _Integ_i                        
1     0000c32a  _Ki_vc_pv                       
1     0000c32c  _Kp_vc                          
1     0000c32e  _Ki_ic                          
1     0000c330  _V_Inpv                         
1     0000c332  _V_pv                           
1     0000c334  _fTest                          
1     0000c336  _P_pv                           
1     0000c338  _err_i_pv                       
1     0000c33a  _err_v_pv                       
1     0000c33c  _Control_V1_pv                  
1     0000c33e  _Control_I1                     
1     0000c340  _V_ref_pv                       
1     0000c342  _Control_I1_pv                  
1     0000c344  _I_Lpv                          
1     0000d000  _PieVectTableInit               
1     0033fff8  _CsmPwl                         
abs   00000300  __STACK_SIZE                    
abs   ffffffff  ___TI_pprof_out_hndl            
abs   ffffffff  ___TI_prof_data_size            
abs   ffffffff  ___TI_prof_data_start           
abs   ffffffff  ___binit__                      
abs   ffffffff  ___c_args__                     
abs   ffffffff  ___pinit__                      
abs   ffffffff  binit                           
abs   ffffffff  pinit                           

[469 symbols]
