******************************************************************************
             TMS320C2000 Linker PC v16.9.1                     
******************************************************************************
>> Linked Fri Aug 04 11:07:15 2017

OUTPUT FILE NAME:   <Buck_old.out>
ENTRY POINT SYMBOL: "_c_int00"  address: 0000a854


MEMORY CONFIGURATION

         name            origin    length      used     unused   attr    fill
----------------------  --------  ---------  --------  --------  ----  --------
PAGE 0:
  BEGIN                 00000000   00000002  00000002  00000000  RWIX
  BOOT_RSVD             00000002   0000004e  00000000  0000004e  RWIX
  RAMM0                 00000050   000003b0  00000000  000003b0  RWIX
  RAML0                 00008000   00001000  0000022a  00000dd6  RWIX
  RAML1                 00009000   00003000  000019c8  00001638  RWIX
  ZONE7A                00200000   0000fc00  00000000  0000fc00  RWIX
  CSM_RSVD              0033ff80   00000076  00000000  00000076  RWIX
  CSM_PWL               0033fff8   00000008  00000000  00000008  RWIX
  ADC_CAL               00380080   00000009  00000007  00000002  RWIX
  IQTABLES              003fe000   00000b50  00000000  00000b50  RWIX
  IQTABLES2             003feb50   0000008c  00000000  0000008c  RWIX
  FPUTABLES             003febdc   000006a0  00000000  000006a0  RWIX
  BOOTROM               003ff27c   00000d44  00000000  00000d44  RWIX
  RESET                 003fffc0   00000002  00000000  00000002  RWIX

PAGE 1:
  RAMM1                 00000400   00000400  00000300  00000100  RWIX
  DEV_EMU               00000880   00000180  000000d0  000000b0  RWIX
  FLASH_REGS            00000a80   00000060  00000008  00000058  RWIX
  CSM                   00000ae0   00000010  00000010  00000000  RWIX
  ADC_MIRROR            00000b00   00000010  00000010  00000000  RWIX
  XINTF                 00000b20   00000020  0000001e  00000002  RWIX
  CPU_TIMER0            00000c00   00000008  00000008  00000000  RWIX
  CPU_TIMER1            00000c08   00000008  00000008  00000000  RWIX
  CPU_TIMER2            00000c10   00000008  00000008  00000000  RWIX
  PIE_CTRL              00000ce0   00000020  0000001a  00000006  RWIX
  PIE_VECT              00000d00   00000100  00000100  00000000  RWIX
  DMA                   00001000   00000200  000000e0  00000120  RWIX
  MCBSPA                00005000   00000040  00000025  0000001b  RWIX
  MCBSPB                00005040   00000040  00000025  0000001b  RWIX
  ECANA                 00006000   00000040  00000034  0000000c  RWIX
  ECANA_LAM             00006040   00000040  00000040  00000000  RWIX
  ECANA_MOTS            00006080   00000040  00000040  00000000  RWIX
  ECANA_MOTO            000060c0   00000040  00000040  00000000  RWIX
  ECANA_MBOX            00006100   00000100  00000100  00000000  RWIX
  ECANB                 00006200   00000040  00000034  0000000c  RWIX
  ECANB_LAM             00006240   00000040  00000040  00000000  RWIX
  ECANB_MOTS            00006280   00000040  00000040  00000000  RWIX
  ECANB_MOTO            000062c0   00000040  00000040  00000000  RWIX
  ECANB_MBOX            00006300   00000100  00000100  00000000  RWIX
  EPWM1                 00006800   00000022  00000022  00000000  RWIX
  EPWM2                 00006840   00000022  00000022  00000000  RWIX
  EPWM3                 00006880   00000022  00000022  00000000  RWIX
  EPWM4                 000068c0   00000022  00000022  00000000  RWIX
  EPWM5                 00006900   00000022  00000022  00000000  RWIX
  EPWM6                 00006940   00000022  00000022  00000000  RWIX
  ECAP1                 00006a00   00000020  00000020  00000000  RWIX
  ECAP2                 00006a20   00000020  00000020  00000000  RWIX
  ECAP3                 00006a40   00000020  00000020  00000000  RWIX
  ECAP4                 00006a60   00000020  00000020  00000000  RWIX
  ECAP5                 00006a80   00000020  00000020  00000000  RWIX
  ECAP6                 00006aa0   00000020  00000020  00000000  RWIX
  EQEP1                 00006b00   00000040  00000040  00000000  RWIX
  EQEP2                 00006b40   00000040  00000040  00000000  RWIX
  GPIOCTRL              00006f80   00000040  0000002e  00000012  RWIX
  GPIODAT               00006fc0   00000020  00000020  00000000  RWIX
  GPIOINT               00006fe0   00000020  0000000a  00000016  RWIX
  SYSTEM                00007010   00000020  00000020  00000000  RWIX
  SPIA                  00007040   00000010  00000010  00000000  RWIX
  SCIA                  00007050   00000010  00000010  00000000  RWIX
  XINTRUPT              00007070   00000010  00000010  00000000  RWIX
  ADC                   00007100   00000020  0000001e  00000002  RWIX
  SCIB                  00007750   00000010  00000010  00000000  RWIX
  SCIC                  00007770   00000010  00000010  00000000  RWIX
  I2CA                  00007900   00000040  00000022  0000001e  RWIX
  RAML4                 0000c000   00001000  00000733  000008cd  RWIX
  RAML5                 0000d000   00001000  0000010a  00000ef6  RWIX
  RAML6                 0000e000   00001000  00000000  00001000  RWIX
  RAML7                 0000f000   00001000  00000000  00001000  RWIX
  ZONE7B                0020fc00   00000400  00000000  00000400  RWIX
  CSM_PWL               0033fff8   00000008  00000008  00000000  RWIX


SECTION ALLOCATION MAP

 output                                  attributes/
section   page    origin      length       input sections
--------  ----  ----------  ----------   ----------------
codestart 
*          0    00000000    00000002     
                  00000000    00000002     DSP2833x_CodeStartBranch.obj (codestart)

.cinit     0    00008000    00000226     
                  00008000    00000138     main.obj (.cinit)
                  00008138    00000091     variable.obj (.cinit)
                  000081c9    0000002a     debug_283x.obj (.cinit)
                  000081f3    00000010     serial_api.obj (.cinit)
                  00008203    0000000e     rts2800_fpu32.lib : exit.obj (.cinit)
                  00008211    00000009     portserial.obj (.cinit)
                  0000821a    00000005     rts2800_fpu32.lib : _lock.obj (.cinit:__lock)
                  0000821f    00000005                       : _lock.obj (.cinit:__unlock)
                  00008224    00000002     --HOLE-- [fill = 0]

ramfuncs   0    00008226    00000004     
                  00008226    00000004     DSP2833x_usDelay.obj (ramfuncs)

.text      0    00009000    000019c8     
                  00009000    000006e5     main.obj (.text)
                  000096e5    00000402     debug_283x.obj (.text)
                  00009ae7    00000316     DSP2833x_DefaultIsr.obj (.text:retain)
                  00009dfd    000002fa     Init.obj (.text)
                  0000a0f7    000002db     main.obj (.text:retain)
                  0000a3d2    000000f8     DSP2833x_SysCtrl.obj (.text)
                  0000a4ca    000000b7     debug_283x.obj (.text:retain)
                  0000a581    00000088     rts2800_fpu32.lib : fs_div28.obj (.text)
                  0000a609    0000006e     hal_sci.obj (.text)
                  0000a677    0000006b     portserial.obj (.text)
                  0000a6e2    00000062     portserial.obj (.text:retain)
                  0000a744    00000061     rts2800_fpu32.lib : s_cosf.obj (.text)
                  0000a7a5    00000058                       : s_sinf.obj (.text)
                  0000a7fd    00000057     serial_api.obj (.text)
                  0000a854    00000056     rts2800_fpu32.lib : boot28.obj (.text)
                  0000a8aa    0000002a                       : l_div28.obj (.text)
                  0000a8d4    00000029                       : exit.obj (.text)
                  0000a8fd    00000028     DSP2833x_PieCtrl.obj (.text)
                  0000a925    00000024     rts2800_fpu32.lib : cpy_tbl.obj (.text)
                  0000a949    00000020     DSP2833x_PieVect.obj (.text)
                  0000a969    0000001e     rts2800_fpu32.lib : memcpy.obj (.text)
                  0000a987    00000019                       : args_main.obj (.text)
                  0000a9a0    00000014     DSP2833x_Adc.obj (.text)
                  0000a9b4    00000009     rts2800_fpu32.lib : _lock.obj (.text)
                  0000a9bd    00000008     DSP2833x_CodeStartBranch.obj (.text)
                  0000a9c5    00000002     rts2800_fpu32.lib : pre_init.obj (.text)
                  0000a9c7    00000001                       : startup.obj (.text)

.pinit     0    00008000    00000000     UNINITIALIZED

.adc_cal   0    00380080    00000007     NOLOAD SECTION
                  00380080    00000007     DSP2833x_ADC_cal.obj (.adc_cal)

.stack     1    00000400    00000300     UNINITIALIZED
                  00000400    00000300     --HOLE--

DevEmuRegsFile 
*          1    00000880    000000d0     UNINITIALIZED
                  00000880    000000d0     DSP2833x_GlobalVariableDefs.obj (DevEmuRegsFile)

FlashRegsFile 
*          1    00000a80    00000008     UNINITIALIZED
                  00000a80    00000008     DSP2833x_GlobalVariableDefs.obj (FlashRegsFile)

CsmRegsFile 
*          1    00000ae0    00000010     UNINITIALIZED
                  00000ae0    00000010     DSP2833x_GlobalVariableDefs.obj (CsmRegsFile)

AdcMirrorFile 
*          1    00000b00    00000010     UNINITIALIZED
                  00000b00    00000010     DSP2833x_GlobalVariableDefs.obj (AdcMirrorFile)

XintfRegsFile 
*          1    00000b20    0000001e     UNINITIALIZED
                  00000b20    0000001e     DSP2833x_GlobalVariableDefs.obj (XintfRegsFile)

CpuTimer0RegsFile 
*          1    00000c00    00000008     UNINITIALIZED
                  00000c00    00000008     DSP2833x_GlobalVariableDefs.obj (CpuTimer0RegsFile)

CpuTimer1RegsFile 
*          1    00000c08    00000008     UNINITIALIZED
                  00000c08    00000008     DSP2833x_GlobalVariableDefs.obj (CpuTimer1RegsFile)

CpuTimer2RegsFile 
*          1    00000c10    00000008     UNINITIALIZED
                  00000c10    00000008     DSP2833x_GlobalVariableDefs.obj (CpuTimer2RegsFile)

PieCtrlRegsFile 
*          1    00000ce0    0000001a     UNINITIALIZED
                  00000ce0    0000001a     DSP2833x_GlobalVariableDefs.obj (PieCtrlRegsFile)

PieVectTableFile 
*          1    00000d00    00000100     UNINITIALIZED
                  00000d00    00000100     DSP2833x_GlobalVariableDefs.obj (PieVectTableFile)

DmaRegsFile 
*          1    00001000    000000e0     UNINITIALIZED
                  00001000    000000e0     DSP2833x_GlobalVariableDefs.obj (DmaRegsFile)

McbspaRegsFile 
*          1    00005000    00000025     UNINITIALIZED
                  00005000    00000025     DSP2833x_GlobalVariableDefs.obj (McbspaRegsFile)

McbspbRegsFile 
*          1    00005040    00000025     UNINITIALIZED
                  00005040    00000025     DSP2833x_GlobalVariableDefs.obj (McbspbRegsFile)

ECanaRegsFile 
*          1    00006000    00000034     UNINITIALIZED
                  00006000    00000034     DSP2833x_GlobalVariableDefs.obj (ECanaRegsFile)

ECanaLAMRegsFile 
*          1    00006040    00000040     UNINITIALIZED
                  00006040    00000040     DSP2833x_GlobalVariableDefs.obj (ECanaLAMRegsFile)

ECanaMOTSRegsFile 
*          1    00006080    00000040     UNINITIALIZED
                  00006080    00000040     DSP2833x_GlobalVariableDefs.obj (ECanaMOTSRegsFile)

ECanaMOTORegsFile 
*          1    000060c0    00000040     UNINITIALIZED
                  000060c0    00000040     DSP2833x_GlobalVariableDefs.obj (ECanaMOTORegsFile)

ECanaMboxesFile 
*          1    00006100    00000100     UNINITIALIZED
                  00006100    00000100     DSP2833x_GlobalVariableDefs.obj (ECanaMboxesFile)

ECanbRegsFile 
*          1    00006200    00000034     UNINITIALIZED
                  00006200    00000034     DSP2833x_GlobalVariableDefs.obj (ECanbRegsFile)

ECanbLAMRegsFile 
*          1    00006240    00000040     UNINITIALIZED
                  00006240    00000040     DSP2833x_GlobalVariableDefs.obj (ECanbLAMRegsFile)

ECanbMOTSRegsFile 
*          1    00006280    00000040     UNINITIALIZED
                  00006280    00000040     DSP2833x_GlobalVariableDefs.obj (ECanbMOTSRegsFile)

ECanbMOTORegsFile 
*          1    000062c0    00000040     UNINITIALIZED
                  000062c0    00000040     DSP2833x_GlobalVariableDefs.obj (ECanbMOTORegsFile)

ECanbMboxesFile 
*          1    00006300    00000100     UNINITIALIZED
                  00006300    00000100     DSP2833x_GlobalVariableDefs.obj (ECanbMboxesFile)

EPwm1RegsFile 
*          1    00006800    00000022     UNINITIALIZED
                  00006800    00000022     DSP2833x_GlobalVariableDefs.obj (EPwm1RegsFile)

EPwm2RegsFile 
*          1    00006840    00000022     UNINITIALIZED
                  00006840    00000022     DSP2833x_GlobalVariableDefs.obj (EPwm2RegsFile)

EPwm3RegsFile 
*          1    00006880    00000022     UNINITIALIZED
                  00006880    00000022     DSP2833x_GlobalVariableDefs.obj (EPwm3RegsFile)

EPwm4RegsFile 
*          1    000068c0    00000022     UNINITIALIZED
                  000068c0    00000022     DSP2833x_GlobalVariableDefs.obj (EPwm4RegsFile)

EPwm5RegsFile 
*          1    00006900    00000022     UNINITIALIZED
                  00006900    00000022     DSP2833x_GlobalVariableDefs.obj (EPwm5RegsFile)

EPwm6RegsFile 
*          1    00006940    00000022     UNINITIALIZED
                  00006940    00000022     DSP2833x_GlobalVariableDefs.obj (EPwm6RegsFile)

ECap1RegsFile 
*          1    00006a00    00000020     UNINITIALIZED
                  00006a00    00000020     DSP2833x_GlobalVariableDefs.obj (ECap1RegsFile)

ECap2RegsFile 
*          1    00006a20    00000020     UNINITIALIZED
                  00006a20    00000020     DSP2833x_GlobalVariableDefs.obj (ECap2RegsFile)

ECap3RegsFile 
*          1    00006a40    00000020     UNINITIALIZED
                  00006a40    00000020     DSP2833x_GlobalVariableDefs.obj (ECap3RegsFile)

ECap4RegsFile 
*          1    00006a60    00000020     UNINITIALIZED
                  00006a60    00000020     DSP2833x_GlobalVariableDefs.obj (ECap4RegsFile)

ECap5RegsFile 
*          1    00006a80    00000020     UNINITIALIZED
                  00006a80    00000020     DSP2833x_GlobalVariableDefs.obj (ECap5RegsFile)

ECap6RegsFile 
*          1    00006aa0    00000020     UNINITIALIZED
                  00006aa0    00000020     DSP2833x_GlobalVariableDefs.obj (ECap6RegsFile)

EQep1RegsFile 
*          1    00006b00    00000040     UNINITIALIZED
                  00006b00    00000040     DSP2833x_GlobalVariableDefs.obj (EQep1RegsFile)

EQep2RegsFile 
*          1    00006b40    00000040     UNINITIALIZED
                  00006b40    00000040     DSP2833x_GlobalVariableDefs.obj (EQep2RegsFile)

GpioCtrlRegsFile 
*          1    00006f80    0000002e     UNINITIALIZED
                  00006f80    0000002e     DSP2833x_GlobalVariableDefs.obj (GpioCtrlRegsFile)

GpioDataRegsFile 
*          1    00006fc0    00000020     UNINITIALIZED
                  00006fc0    00000020     DSP2833x_GlobalVariableDefs.obj (GpioDataRegsFile)

GpioIntRegsFile 
*          1    00006fe0    0000000a     UNINITIALIZED
                  00006fe0    0000000a     DSP2833x_GlobalVariableDefs.obj (GpioIntRegsFile)

SysCtrlRegsFile 
*          1    00007010    00000020     UNINITIALIZED
                  00007010    00000020     DSP2833x_GlobalVariableDefs.obj (SysCtrlRegsFile)

SpiaRegsFile 
*          1    00007040    00000010     UNINITIALIZED
                  00007040    00000010     DSP2833x_GlobalVariableDefs.obj (SpiaRegsFile)

SciaRegsFile 
*          1    00007050    00000010     UNINITIALIZED
                  00007050    00000010     DSP2833x_GlobalVariableDefs.obj (SciaRegsFile)

XIntruptRegsFile 
*          1    00007070    00000010     UNINITIALIZED
                  00007070    00000010     DSP2833x_GlobalVariableDefs.obj (XIntruptRegsFile)

AdcRegsFile 
*          1    00007100    0000001e     UNINITIALIZED
                  00007100    0000001e     DSP2833x_GlobalVariableDefs.obj (AdcRegsFile)

ScibRegsFile 
*          1    00007750    00000010     UNINITIALIZED
                  00007750    00000010     DSP2833x_GlobalVariableDefs.obj (ScibRegsFile)

ScicRegsFile 
*          1    00007770    00000010     UNINITIALIZED
                  00007770    00000010     DSP2833x_GlobalVariableDefs.obj (ScicRegsFile)

I2caRegsFile 
*          1    00007900    00000022     UNINITIALIZED
                  00007900    00000022     DSP2833x_GlobalVariableDefs.obj (I2caRegsFile)

.ebss      1    0000c000    00000733     UNINITIALIZED
                  0000c000    00000448     main.obj (.ebss)
                  0000c448    00000008     serial_api.obj (.ebss)
                  0000c450    00000006     rts2800_fpu32.lib : exit.obj (.ebss)
                  0000c456    00000004     portserial.obj (.ebss)
                  0000c45a    00000002     rts2800_fpu32.lib : _lock.obj (.ebss:__lock)
                  0000c45c    00000002                       : _lock.obj (.ebss:__unlock)
                  0000c45e    00000022     --HOLE--
                  0000c480    00000208     variable.obj (.ebss)
                  0000c688    00000038     --HOLE--
                  0000c6c0    00000073     debug_283x.obj (.ebss)

.econst    1    0000d000    0000010a     
                  0000d000    00000100     DSP2833x_PieVect.obj (.econst:_PieVectTableInit)
                  0000d100    0000000a     debug_283x.obj (.econst:.string)

.reset     0    003fffc0    00000002     DSECT
                  003fffc0    00000002     rts2800_fpu32.lib : boot28.obj (.reset)

csm_rsvd   0    0033ff80    00000000     DSECT

csmpasswds 
*          0    0033fff8    00000000     DSECT

CsmPwlFile 
*          1    0033fff8    00000008     UNINITIALIZED
                  0033fff8    00000008     DSP2833x_GlobalVariableDefs.obj (CsmPwlFile)

MODULE SUMMARY

       Module                            code   initialized data   uninitialized data
       ------                            ----   ----------------   ------------------
    .\
       main.obj                          2496   312                1096              
       DSP2833x_GlobalVariableDefs.obj   0      0                  2678              
       debug_283x.obj                    1209   52                 115               
       DSP2833x_DefaultIsr.obj           790    0                  0                 
       Init.obj                          762    0                  0                 
       variable.obj                      0      145                520               
       DSP2833x_PieVect.obj              32     256                0                 
       DSP2833x_SysCtrl.obj              248    0                  0                 
       portserial.obj                    205    9                  4                 
       serial_api.obj                    87     16                 8                 
       hal_sci.obj                       110    0                  0                 
       DSP2833x_PieCtrl.obj              40     0                  0                 
       DSP2833x_Adc.obj                  20     0                  0                 
       DSP2833x_CodeStartBranch.obj      10     0                  0                 
       DSP2833x_ADC_cal.obj              7      0                  0                 
       DSP2833x_usDelay.obj              4      0                  0                 
    +--+---------------------------------+------+------------------+--------------------+
       Total:                            6020   790                4421              
                                                                                     
    C:\ti\ccsv7\tools\compiler\ti-cgt-c2000_16.9.1.LTS\lib\rts2800_fpu32.lib
       fs_div28.obj                      136    0                  0                 
       s_cosf.obj                        97     0                  0                 
       s_sinf.obj                        88     0                  0                 
       boot28.obj                        86     0                  0                 
       exit.obj                          41     14                 6                 
       l_div28.obj                       42     0                  0                 
       cpy_tbl.obj                       36     0                  0                 
       memcpy.obj                        30     0                  0                 
       args_main.obj                     25     0                  0                 
       _lock.obj                         9      10                 4                 
       pre_init.obj                      2      0                  0                 
       startup.obj                       1      0                  0                 
    +--+---------------------------------+------+------------------+--------------------+
       Total:                            593    24                 10                
                                                                                     
       Stack:                            0      0                  768               
    +--+---------------------------------+------+------------------+--------------------+
       Grand Total:                      6613   814                5199              


GLOBAL DATA SYMBOLS: SORTED BY DATA PAGE

address     data page           name
--------    ----------------    ----
00000400      10 (00000400)     __stack

00000880      22 (00000880)     _DevEmuRegs

00000a80      2a (00000a80)     _FlashRegs

00000ae0      2b (00000ac0)     _CsmRegs

00000b00      2c (00000b00)     _AdcMirror
00000b20      2c (00000b00)     _XintfRegs

00000c00      30 (00000c00)     _CpuTimer0Regs
00000c08      30 (00000c00)     _CpuTimer1Regs
00000c10      30 (00000c00)     _CpuTimer2Regs

00000ce0      33 (00000cc0)     _PieCtrlRegs

00000d00      34 (00000d00)     _PieVectTable

00001000      40 (00001000)     _DmaRegs

00005000     140 (00005000)     _McbspaRegs

00005040     141 (00005040)     _McbspbRegs

00006000     180 (00006000)     _ECanaRegs

00006040     181 (00006040)     _ECanaLAMRegs

00006080     182 (00006080)     _ECanaMOTSRegs

000060c0     183 (000060c0)     _ECanaMOTORegs

00006100     184 (00006100)     _ECanaMboxes

00006200     188 (00006200)     _ECanbRegs

00006240     189 (00006240)     _ECanbLAMRegs

00006280     18a (00006280)     _ECanbMOTSRegs

000062c0     18b (000062c0)     _ECanbMOTORegs

00006300     18c (00006300)     _ECanbMboxes

00006800     1a0 (00006800)     _EPwm1Regs

00006840     1a1 (00006840)     _EPwm2Regs

00006880     1a2 (00006880)     _EPwm3Regs

000068c0     1a3 (000068c0)     _EPwm4Regs

00006900     1a4 (00006900)     _EPwm5Regs

00006940     1a5 (00006940)     _EPwm6Regs

00006a00     1a8 (00006a00)     _ECap1Regs
00006a20     1a8 (00006a00)     _ECap2Regs

00006a40     1a9 (00006a40)     _ECap3Regs
00006a60     1a9 (00006a40)     _ECap4Regs

00006a80     1aa (00006a80)     _ECap5Regs
00006aa0     1aa (00006a80)     _ECap6Regs

00006b00     1ac (00006b00)     _EQep1Regs

00006b40     1ad (00006b40)     _EQep2Regs

00006f80     1be (00006f80)     _GpioCtrlRegs

00006fc0     1bf (00006fc0)     _GpioDataRegs
00006fe0     1bf (00006fc0)     _GpioIntRegs

00007010     1c0 (00007000)     _SysCtrlRegs

00007040     1c1 (00007040)     _SpiaRegs
00007050     1c1 (00007040)     _SciaRegs
00007070     1c1 (00007040)     _XIntruptRegs

00007100     1c4 (00007100)     _AdcRegs

00007750     1dd (00007740)     _ScibRegs
00007770     1dd (00007740)     _ScicRegs

00007900     1e4 (00007900)     _I2caRegs

0000c000     300 (0000c000)     _Duty_L3
0000c001     300 (0000c000)     _Duty_L1
0000c002     300 (0000c000)     _Duty_L2
0000c003     300 (0000c000)     _V_In_a
0000c004     300 (0000c000)     _I_In_c
0000c005     300 (0000c000)     _I_In_b
0000c006     300 (0000c000)     _Duty_B
0000c007     300 (0000c000)     _Duty_A
0000c008     300 (0000c000)     _Duty_C
0000c009     300 (0000c000)     _V_3
0000c00a     300 (0000c000)     _I_3
0000c00b     300 (0000c000)     _I_1
0000c00c     300 (0000c000)     _I_2
0000c00d     300 (0000c000)     _pwmc
0000c00e     300 (0000c000)     _Duty_DC
0000c00f     300 (0000c000)     _V_In_pv
0000c010     300 (0000c000)     _I_In_a
0000c011     300 (0000c000)     _V_1
0000c012     300 (0000c000)     _PWM_Count
0000c013     300 (0000c000)     _PWM_Counter
0000c014     300 (0000c000)     _MPPT_counter
0000c015     300 (0000c000)     _k
0000c016     300 (0000c000)     _Sample_Rate
0000c017     300 (0000c000)     _V_In_DCDC
0000c018     300 (0000c000)     _I_In_DCDC
0000c019     300 (0000c000)     _V_In_b
0000c01a     300 (0000c000)     _ISR_FREQ
0000c01b     300 (0000c000)     _V_In_c
0000c01c     300 (0000c000)     _GRID_FREQ
0000c01e     300 (0000c000)     _Kp_d_1
0000c020     300 (0000c000)     _Theta_ref
0000c022     300 (0000c000)     _Ki_d_1
0000c024     300 (0000c000)     _Kp_q_1
0000c026     300 (0000c000)     _Idis_max1
0000c028     300 (0000c000)     _Rd1
0000c02a     300 (0000c000)     _Vdc_max2
0000c02c     300 (0000c000)     _Icharge_max1
0000c02e     300 (0000c000)     _Vdc_min2
0000c030     300 (0000c000)     _P_3
0000c032     300 (0000c000)     _V_In3
0000c034     300 (0000c000)     _Vdc_max1
0000c036     300 (0000c000)     _prev_P_3
0000c038     300 (0000c000)     _Rd4
0000c03a     300 (0000c000)     _Vdc_min4
0000c03c     300 (0000c000)     _Icharge_max4
0000c03e     300 (0000c000)     _Idis_max4

0000c040     301 (0000c040)     _Ki_q_1
0000c042     301 (0000c040)     _Rd2
0000c044     301 (0000c040)     _Vdc_min1
0000c046     301 (0000c040)     _Icharge_max2
0000c048     301 (0000c040)     _Idis_max2
0000c04a     301 (0000c040)     _err_QD
0000c04c     301 (0000c040)     _err_PD
0000c04e     301 (0000c040)     _Integ_QD
0000c050     301 (0000c040)     _Integ_PD
0000c052     301 (0000c040)     _err_d
0000c054     301 (0000c040)     _err_d_2
0000c056     301 (0000c040)     _Vq
0000c058     301 (0000c040)     _Integ_d_2
0000c05a     301 (0000c040)     _err_q_2
0000c05c     301 (0000c040)     _Control_Vd_1
0000c05e     301 (0000c040)     _Control_Vq
0000c060     301 (0000c040)     _Control_Vd_2
0000c062     301 (0000c040)     _Control_Vq_1
0000c064     301 (0000c040)     _Control_Vq_2
0000c066     301 (0000c040)     _err_q
0000c068     301 (0000c040)     _Integ_q_2
0000c06a     301 (0000c040)     _Integ_q
0000c06c     301 (0000c040)     _Integ_d
0000c06e     301 (0000c040)     _Control_Vd
0000c070     301 (0000c040)     _Vq_ref
0000c072     301 (0000c040)     _Vd_ref
0000c074     301 (0000c040)     _Vd_ref_r
0000c076     301 (0000c040)     _V_ref
0000c078     301 (0000c040)     _Vq_ref_r
0000c07a     301 (0000c040)     _Kp_d_2
0000c07c     301 (0000c040)     _Vdc_max4
0000c07e     301 (0000c040)     _Ki_d_2

0000c080     302 (0000c080)     _Kp_q_2
0000c082     302 (0000c080)     _err_q_1
0000c084     302 (0000c080)     _err_d_1
0000c086     302 (0000c080)     _Integ_q_1
0000c088     302 (0000c080)     _Integ_d_1
0000c08a     302 (0000c080)     _Vd
0000c08c     302 (0000c080)     _omega
0000c08e     302 (0000c080)     _Ki_q_2
0000c090     302 (0000c080)     _Id_ref_r
0000c092     302 (0000c080)     _L_v
0000c094     302 (0000c080)     _Iq_ref_r
0000c096     302 (0000c080)     _Kp_ic2
0000c098     302 (0000c080)     _Integ_v2
0000c09a     302 (0000c080)     _Integ_i2
0000c09c     302 (0000c080)     _Ki_ic2
0000c09e     302 (0000c080)     _Integ_i1
0000c0a0     302 (0000c080)     _Ki_ic1
0000c0a2     302 (0000c080)     _Kp_vc2
0000c0a4     302 (0000c080)     _Ki_vc2
0000c0a6     302 (0000c080)     _Ki_vc3
0000c0a8     302 (0000c080)     _Ki_vc4
0000c0aa     302 (0000c080)     _Integ_i3
0000c0ac     302 (0000c080)     _Integ_v4
0000c0ae     302 (0000c080)     _Kp_vc4
0000c0b0     302 (0000c080)     _Integ_v3
0000c0b2     302 (0000c080)     _Kp_vc3
0000c0b4     302 (0000c080)     _Ki_ic3
0000c0b6     302 (0000c080)     _Kp_ic3
0000c0b8     302 (0000c080)     _V_out
0000c0ba     302 (0000c080)     _V_ref1
0000c0bc     302 (0000c080)     _Kp_vc1
0000c0be     302 (0000c080)     _Ki_vc1

0000c0c0     303 (0000c0c0)     _Kp_ic1
0000c0c2     303 (0000c0c0)     _Integ_v1
0000c0c4     303 (0000c0c0)     _V_ref4
0000c0c6     303 (0000c0c0)     _V_ref2
0000c0c8     303 (0000c0c0)     _I_L2
0000c0ca     303 (0000c0c0)     _I_L1
0000c0cc     303 (0000c0c0)     _Control_V1
0000c0ce     303 (0000c0c0)     _V_2
0000c0d0     303 (0000c0c0)     _Control_V2
0000c0d2     303 (0000c0c0)     _Control_I1
0000c0d4     303 (0000c0c0)     _err_v4
0000c0d6     303 (0000c0c0)     _err_i2
0000c0d8     303 (0000c0c0)     _V_C2
0000c0da     303 (0000c0c0)     _err_i4
0000c0dc     303 (0000c0c0)     _Control_I2
0000c0de     303 (0000c0c0)     _err_i3
0000c0e0     303 (0000c0c0)     _err_v3
0000c0e2     303 (0000c0c0)     _I_L3
0000c0e4     303 (0000c0c0)     _V_ref3
0000c0e6     303 (0000c0c0)     _Control_I4
0000c0e8     303 (0000c0c0)     _Control_V4
0000c0ea     303 (0000c0c0)     _Control_I3
0000c0ec     303 (0000c0c0)     _Control_V3
0000c0ee     303 (0000c0c0)     _V_b
0000c0f0     303 (0000c0c0)     _V_a
0000c0f2     303 (0000c0c0)     _V_DCDC
0000c0f4     303 (0000c0c0)     _V_c
0000c0f6     303 (0000c0c0)     _I_a
0000c0f8     303 (0000c0c0)     _Integ_i4
0000c0fa     303 (0000c0c0)     _I_c
0000c0fc     303 (0000c0c0)     _I_b
0000c0fe     303 (0000c0c0)     _err_i1

0000c100     304 (0000c100)     _err_v1
0000c102     304 (0000c100)     _V_C3
0000c104     304 (0000c100)     _err_v2
0000c106     304 (0000c100)     _Ki_ic4
0000c108     304 (0000c100)     _I_DCDC
0000c10a     304 (0000c100)     _Kp_ic4
0000c10c     304 (0000c100)     _Ireale
0000c110     304 (0000c100)     _Vgride
0000c114     304 (0000c100)     _Vcmds
0000c118     304 (0000c100)     _Vgrids
0000c11c     304 (0000c100)     _Ireals
0000c120     304 (0000c100)     _Vcmde
0000c124     304 (0000c100)     _Icmde
0000c128     304 (0000c100)     _Ireal
0000c12e     304 (0000c100)     _Vgrid
0000c134     304 (0000c100)     _Vcmd
0000c13a     304 (0000c100)     _Vcmdn

0000c140     305 (0000c140)     _Vgrid_Spll
0000c154     305 (0000c140)     _spll1

0000c180     306 (0000c180)     _output1

0000c280     30a (0000c280)     _output3

0000c380     30e (0000c380)     _output2

0000c44e     311 (0000c440)     _rx_buff
0000c450     311 (0000c440)     ___TI_enable_exit_profile_output
0000c452     311 (0000c440)     ___TI_cleanup_ptr
0000c454     311 (0000c440)     ___TI_dtors_ptr
0000c456     311 (0000c440)     _test
0000c458     311 (0000c440)     _sci_regs_ptr
0000c45a     311 (0000c440)     __lock
0000c45c     311 (0000c440)     __unlock

0000c480     312 (0000c480)     _Iv_offset
0000c481     312 (0000c480)     _Iw_offset
0000c482     312 (0000c480)     _Iu_offset
0000c483     312 (0000c480)     _Ireal_FaultCount
0000c484     312 (0000c480)     _CurrentOffsetCount
0000c485     312 (0000c480)     _AD_Iu
0000c486     312 (0000c480)     _AD_Iv
0000c487     312 (0000c480)     _Iw
0000c488     312 (0000c480)     _Iu
0000c489     312 (0000c480)     _Iv
0000c48a     312 (0000c480)     _IPM_Status
0000c48b     312 (0000c480)     _op_mode
0000c48c     312 (0000c480)     _HallSignal
0000c48d     312 (0000c480)     _count
0000c48e     312 (0000c480)     _ThetaQ15
0000c48f     312 (0000c480)     _ThetaMQ15
0000c490     312 (0000c480)     _IPM_FaultFlag
0000c491     312 (0000c480)     _IPM_FaultCount
0000c492     312 (0000c480)     _InitFlag
0000c493     312 (0000c480)     _HallSignalM
0000c494     312 (0000c480)     _qep_count
0000c495     312 (0000c480)     _DAC_CH
0000c496     312 (0000c480)     _nDir
0000c497     312 (0000c480)     _P_Status
0000c498     312 (0000c480)     _fff
0000c499     312 (0000c480)     _ddd
0000c49a     312 (0000c480)     _eee
0000c49b     312 (0000c480)     _Comm_Type
0000c49c     312 (0000c480)     _Comm_Speed
0000c49d     312 (0000c480)     _Motor_Add
0000c49e     312 (0000c480)     _PulseRPM
0000c49f     312 (0000c480)     _SpeedDown
0000c4a0     312 (0000c480)     _ccc
0000c4a1     312 (0000c480)     _DutyB
0000c4a2     312 (0000c480)     _DutyC
0000c4a3     312 (0000c480)     _DutyA
0000c4a4     312 (0000c480)     _AD_Vdc
0000c4a5     312 (0000c480)     _AD_Command
0000c4a6     312 (0000c480)     _aaa
0000c4a7     312 (0000c480)     _bbb
0000c4a8     312 (0000c480)     _AngleControl
0000c4a9     312 (0000c480)     _count_pwm
0000c4aa     312 (0000c480)     _count_start
0000c4ab     312 (0000c480)     _AD_Iw
0000c4ac     312 (0000c480)     _da3_type
0000c4ad     312 (0000c480)     _da2_type
0000c4ae     312 (0000c480)     _da1
0000c4af     312 (0000c480)     _da4_type
0000c4b0     312 (0000c480)     _da3
0000c4b1     312 (0000c480)     _da2
0000c4b2     312 (0000c480)     _da1_type
0000c4b3     312 (0000c480)     _da4
0000c4b4     312 (0000c480)     _kbl4
0000c4b6     312 (0000c480)     _kbl3
0000c4b8     312 (0000c480)     _speed_e
0000c4ba     312 (0000c480)     _speed_rpm
0000c4bc     312 (0000c480)     _speed_m
0000c4be     312 (0000c480)     _Iq

0000c4c0     313 (0000c4c0)     _Id
0000c4c2     313 (0000c4c0)     _kbl1
0000c4c4     313 (0000c4c0)     _AdjAngle
0000c4c6     313 (0000c4c0)     _kbl2
0000c4c8     313 (0000c4c0)     _da3_rng
0000c4ca     313 (0000c4c0)     _Low_fvdc
0000c4cc     313 (0000c4c0)     _da2_data
0000c4ce     313 (0000c4c0)     _da2_mid
0000c4d0     313 (0000c4c0)     _fVdcfOld
0000c4d2     313 (0000c4c0)     _fCommand
0000c4d4     313 (0000c4c0)     _lfVdc
0000c4d6     313 (0000c4c0)     _fVdcf
0000c4d8     313 (0000c4c0)     _da1_val
0000c4da     313 (0000c4c0)     _da1_data
0000c4dc     313 (0000c4c0)     _Vset
0000c4de     313 (0000c4c0)     _da1_scale
0000c4e0     313 (0000c4c0)     _da2_scale
0000c4e2     313 (0000c4c0)     _da2_val
0000c4e4     313 (0000c4c0)     _da1_mid
0000c4e6     313 (0000c4c0)     _da2_rng
0000c4e8     313 (0000c4c0)     _Vslope
0000c4ea     313 (0000c4c0)     _AntiWindUp_Vde
0000c4ec     313 (0000c4c0)     _AntiWindUp_Iqe
0000c4ee     313 (0000c4c0)     _AntiGain
0000c4f0     313 (0000c4c0)     _Theta_Old
0000c4f2     313 (0000c4c0)     _lTheta
0000c4f4     313 (0000c4c0)     _AntiWindUp_Vqe
0000c4f6     313 (0000c4c0)     _Thetaf
0000c4f8     313 (0000c4c0)     _Tsampcc
0000c4fa     313 (0000c4c0)     _Tsampsc
0000c4fc     313 (0000c4c0)     _test_tx
0000c4fe     313 (0000c4c0)     _b

0000c500     314 (0000c500)     _PulseRef
0000c502     314 (0000c500)     _test_rx
0000c504     314 (0000c500)     _AlphaVdc
0000c506     314 (0000c500)     _AlphaCurr
0000c508     314 (0000c500)     _da1_rng
0000c50a     314 (0000c500)     _I_invOld
0000c50c     314 (0000c500)     _lI_inv
0000c50e     314 (0000c500)     _AlphaTheta
0000c510     314 (0000c500)     _I_invf
0000c512     314 (0000c500)     _Iq_Old
0000c514     314 (0000c500)     _lIq
0000c516     314 (0000c500)     _a
0000c518     314 (0000c500)     _Id_Old
0000c51a     314 (0000c500)     _lId
0000c51c     314 (0000c500)     _Iqf
0000c51e     314 (0000c500)     _Idf
0000c520     314 (0000c500)     _Lq
0000c522     314 (0000c500)     _Ld
0000c524     314 (0000c500)     _Kp_d_cc
0000c526     314 (0000c500)     _Ke
0000c528     314 (0000c500)     _fVF_freq_rad
0000c52a     314 (0000c500)     _fVF_freq_slope
0000c52c     314 (0000c500)     _Rs
0000c52e     314 (0000c500)     _fVF_theta
0000c530     314 (0000c500)     _Icmd_target
0000c532     314 (0000c500)     _Wc_spd
0000c534     314 (0000c500)     _SpeedCmdRpm1
0000c536     314 (0000c500)     _SpeedCmdRpm
0000c538     314 (0000c500)     _Ki_d_cc
0000c53a     314 (0000c500)     _Kp_q_cc
0000c53c     314 (0000c500)     _Wc_cc
0000c53e     314 (0000c500)     _SpeedEstHallRpm

0000c540     315 (0000c540)     _SpeedEstHall
0000c542     315 (0000c540)     _SpeedEstHallOld
0000c544     315 (0000c540)     _AccSpdEstHall
0000c546     315 (0000c540)     _IntegrationEstHall
0000c548     315 (0000c540)     _ThetaEstH
0000c54a     315 (0000c540)     _ETheta_old
0000c54c     315 (0000c540)     _Ki_EstHall
0000c54e     315 (0000c540)     _fVF_freq
0000c550     315 (0000c540)     _Cos_Theta
0000c552     315 (0000c540)     _Ki_q_cc
0000c554     315 (0000c540)     _fVF_freq_set
0000c556     315 (0000c540)     _Fc_SpdEstHall
0000c558     315 (0000c540)     _SpeedEstHall_m
0000c55a     315 (0000c540)     _Sin_Theta
0000c55c     315 (0000c540)     _Vdc
0000c55e     315 (0000c540)     _da4_val
0000c560     315 (0000c540)     _da4_data
0000c562     315 (0000c540)     _da4_rng
0000c564     315 (0000c540)     _da4_scale
0000c566     315 (0000c540)     _HTheta
0000c568     315 (0000c540)     _HTheta_D0
0000c56a     315 (0000c540)     _da4_mid
0000c56c     315 (0000c540)     _DifferenceHE
0000c56e     315 (0000c540)     _fIv
0000c570     315 (0000c540)     _fIu
0000c572     315 (0000c540)     _fVdc
0000c574     315 (0000c540)     _fIw
0000c576     315 (0000c540)     _da3_data
0000c578     315 (0000c540)     _da3_mid
0000c57a     315 (0000c540)     _da3_scale
0000c57c     315 (0000c540)     _Freq_Ref
0000c57e     315 (0000c540)     _T

0000c580     316 (0000c580)     _DAC_scale
0000c582     316 (0000c580)     _ThetaEstHallError
0000c584     316 (0000c580)     _Kp_sc
0000c586     316 (0000c580)     _Integ_spd
0000c588     316 (0000c580)     _ThetaInc
0000c58a     316 (0000c580)     _Ki_sc
0000c58c     316 (0000c580)     _EThetaM
0000c58e     316 (0000c580)     _Theta
0000c590     316 (0000c580)     _HTheta_D1
0000c592     316 (0000c580)     _ETheta
0000c594     316 (0000c580)     _ThetaM
0000c596     316 (0000c580)     _ThetaEstHall
0000c598     316 (0000c580)     _da3_val
0000c59a     316 (0000c580)     _Theta_old

0000c5c0     317 (0000c5c0)     _LPF1

0000c6c0     31b (0000c6c0)     _debug_state
0000c6c1     31b (0000c6c0)     _debug_cnt
0000c6c2     31b (0000c6c0)     _debug_sum
0000c6c3     31b (0000c6c0)     _debug_sum_temp
0000c6c4     31b (0000c6c0)     _debug_wr_sum_flag
0000c6c5     31b (0000c6c0)     _debug_tx_end
0000c6c6     31b (0000c6c0)     _debug_wr_size
0000c6c7     31b (0000c6c0)     _debug_tx_pos
0000c6c8     31b (0000c6c0)     _debug_rd_addr
0000c6ca     31b (0000c6c0)     _debug_rd_addr_tmp
0000c6cc     31b (0000c6c0)     _debug_wr_addr
0000c6ce     31b (0000c6c0)     _debug_wr_data

0000c700     31c (0000c700)     _debug_tx_buf

0000d000     340 (0000d000)     _PieVectTableInit

0033fff8    cfff (0033ffc0)     _CsmPwl


GLOBAL SYMBOLS: SORTED ALPHABETICALLY BY Name 

page  address   name                            
----  -------   ----                            
0     00009000  .text                           
0     0000a8d4  C$$EXIT                         
0     0000a581  FS$$DIV                         
0     0000a8aa  L$$DIV                          
0     0000a8b9  L$$MOD                          
0     0000a8c7  UL$$DIV                         
0     0000a8ce  UL$$MOD                         
0     00009bcd  _ADCINT_ISR                     
0     00380080  _ADC_cal                        
1     0000c4a5  _AD_Command                     
1     0000c485  _AD_Iu                          
1     0000c486  _AD_Iv                          
1     0000c4ab  _AD_Iw                          
1     0000c4a4  _AD_Vdc                         
1     0000c544  _AccSpdEstHall                  
1     00000b00  _AdcMirror                      
1     00007100  _AdcRegs                        
1     0000c4c4  _AdjAngle                       
1     0000c506  _AlphaCurr                      
1     0000c50e  _AlphaTheta                     
1     0000c504  _AlphaVdc                       
1     0000c4a8  _AngleControl                   
1     0000c4ee  _AntiGain                       
1     0000c4ec  _AntiWindUp_Iqe                 
1     0000c4ea  _AntiWindUp_Vde                 
1     0000c4f4  _AntiWindUp_Vqe                 
0     0000a83e  _CheckAndRecvSerialData         
1     0000c49c  _Comm_Speed                     
1     0000c49b  _Comm_Type                      
1     0000c0d2  _Control_I1                     
1     0000c0dc  _Control_I2                     
1     0000c0ea  _Control_I3                     
1     0000c0e6  _Control_I4                     
1     0000c0cc  _Control_V1                     
1     0000c0d0  _Control_V2                     
1     0000c0ec  _Control_V3                     
1     0000c0e8  _Control_V4                     
1     0000c06e  _Control_Vd                     
1     0000c05c  _Control_Vd_1                   
1     0000c060  _Control_Vd_2                   
1     0000c05e  _Control_Vq                     
1     0000c062  _Control_Vq_1                   
1     0000c064  _Control_Vq_2                   
1     0000c550  _Cos_Theta                      
1     00000c00  _CpuTimer0Regs                  
1     00000c08  _CpuTimer1Regs                  
1     00000c10  _CpuTimer2Regs                  
1     0033fff8  _CsmPwl                         
1     00000ae0  _CsmRegs                        
0     0000a499  _CsmUnlock                      
0     00009039  _CurrentControl_1               
0     000090f0  _CurrentControl_2               
0     000091a5  _CurrentControl_3               
0     00009222  _CurrentControl_4               
1     0000c484  _CurrentOffsetCount             
1     0000c495  _DAC_CH                         
1     0000c580  _DAC_scale                      
0     00009afb  _DATALOG_ISR                    
0     00009cef  _DINTCH1_ISR                    
0     00009cf9  _DINTCH2_ISR                    
0     00009d03  _DINTCH3_ISR                    
0     00009d0d  _DINTCH4_ISR                    
0     00009d17  _DINTCH5_ISR                    
0     00009d21  _DINTCH6_ISR                    
0     00008226  _DSP28x_usDelay                 
1     00000880  _DevEmuRegs                     
1     0000c56c  _DifferenceHE                   
0     0000a3e5  _DisableDog                     
1     00001000  _DmaRegs                        
1     0000c4a3  _DutyA                          
1     0000c4a1  _DutyB                          
1     0000c4a2  _DutyC                          
1     0000c007  _Duty_A                         
1     0000c006  _Duty_B                         
1     0000c008  _Duty_C                         
1     0000c00e  _Duty_DC                        
1     0000c001  _Duty_L1                        
1     0000c002  _Duty_L2                        
1     0000c000  _Duty_L3                        
0     00009d7b  _ECAN0INTA_ISR                  
0     00009d8f  _ECAN0INTB_ISR                  
0     00009d85  _ECAN1INTA_ISR                  
0     00009d99  _ECAN1INTB_ISR                  
0     00009c63  _ECAP1_INT_ISR                  
0     00009c6d  _ECAP2_INT_ISR                  
0     00009c77  _ECAP3_INT_ISR                  
0     00009c81  _ECAP4_INT_ISR                  
0     00009c8b  _ECAP5_INT_ISR                  
0     00009c95  _ECAP6_INT_ISR                  
1     00006040  _ECanaLAMRegs                   
1     000060c0  _ECanaMOTORegs                  
1     00006080  _ECanaMOTSRegs                  
1     00006100  _ECanaMboxes                    
1     00006000  _ECanaRegs                      
1     00006240  _ECanbLAMRegs                   
1     000062c0  _ECanbMOTORegs                  
1     00006280  _ECanbMOTSRegs                  
1     00006300  _ECanbMboxes                    
1     00006200  _ECanbRegs                      
1     00006a00  _ECap1Regs                      
1     00006a20  _ECap2Regs                      
1     00006a40  _ECap3Regs                      
1     00006a60  _ECap4Regs                      
1     00006a80  _ECap5Regs                      
1     00006aa0  _ECap6Regs                      
0     00009b0f  _EMUINT_ISR                     
0     00009c27  _EPWM1_INT_ISR                  
0     00009beb  _EPWM1_TZINT_ISR                
0     00009c31  _EPWM2_INT_ISR                  
0     00009bf5  _EPWM2_TZINT_ISR                
0     00009c3b  _EPWM3_INT_ISR                  
0     00009bff  _EPWM3_TZINT_ISR                
0     00009c45  _EPWM4_INT_ISR                  
0     00009c09  _EPWM4_TZINT_ISR                
0     00009c4f  _EPWM5_INT_ISR                  
0     00009c13  _EPWM5_TZINT_ISR                
0     00009c59  _EPWM6_INT_ISR                  
0     00009c1d  _EPWM6_TZINT_ISR                
1     00006800  _EPwm1Regs                      
1     00006840  _EPwm2Regs                      
1     00006880  _EPwm3Regs                      
1     000068c0  _EPwm4Regs                      
1     00006900  _EPwm5Regs                      
1     00006940  _EPwm6Regs                      
0     00009c9f  _EQEP1_INT_ISR                  
0     00009ca9  _EQEP2_INT_ISR                  
1     00006b00  _EQep1Regs                      
1     00006b40  _EQep2Regs                      
1     0000c592  _ETheta                         
1     0000c58c  _EThetaM                        
1     0000c54a  _ETheta_old                     
0     0000a91c  _EnableInterrupts               
1     0000c556  _Fc_SpdEstHall                  
1     00000a80  _FlashRegs                      
1     0000c57c  _Freq_Ref                       
1     0000c01c  _GRID_FREQ                      
1     00006f80  _GpioCtrlRegs                   
1     00006fc0  _GpioDataRegs                   
1     00006fe0  _GpioIntRegs                    
0     00009e43  _Gpio_select                    
1     0000c566  _HTheta                         
1     0000c568  _HTheta_D0                      
1     0000c590  _HTheta_D1                      
1     0000c48c  _HallSignal                     
1     0000c493  _HallSignalM                    
0     00009d2b  _I2CINT1A_ISR                   
0     00009d35  _I2CINT2A_ISR                   
1     00007900  _I2caRegs                       
0     00009b23  _ILLEGAL_ISR                    
0     00009ae7  _INT13_ISR                      
0     00009af1  _INT14_ISR                      
1     0000c491  _IPM_FaultCount                 
1     0000c490  _IPM_FaultFlag                  
1     0000c48a  _IPM_Status                     
1     0000c01a  _ISR_FREQ                       
1     0000c00b  _I_1                            
1     0000c00c  _I_2                            
1     0000c00a  _I_3                            
1     0000c108  _I_DCDC                         
1     0000c018  _I_In_DCDC                      
1     0000c010  _I_In_a                         
1     0000c005  _I_In_b                         
1     0000c004  _I_In_c                         
1     0000c0ca  _I_L1                           
1     0000c0c8  _I_L2                           
1     0000c0e2  _I_L3                           
1     0000c0f6  _I_a                            
1     0000c0fc  _I_b                            
1     0000c0fa  _I_c                            
1     0000c50a  _I_invOld                       
1     0000c510  _I_invf                         
1     0000c02c  _Icharge_max1                   
1     0000c046  _Icharge_max2                   
1     0000c03c  _Icharge_max4                   
1     0000c530  _Icmd_target                    
1     0000c124  _Icmde                          
1     0000c4c0  _Id                             
1     0000c518  _Id_Old                         
1     0000c090  _Id_ref_r                       
1     0000c51e  _Idf                            
1     0000c026  _Idis_max1                      
1     0000c048  _Idis_max2                      
1     0000c03e  _Idis_max4                      
0     0000a9a0  _InitAdc                        
0     0000a0d5  _InitECAP1                      
0     0000a0e6  _InitECAP2                      
0     00009e7d  _InitEPWM                       
1     0000c492  _InitFlag                       
0     0000a43e  _InitPeripheralClocks           
0     0000a8fd  _InitPieCtrl                    
0     0000a949  _InitPieVectTable               
0     0000a3ed  _InitPll                        
0     0000a3d2  _InitSysCtrl                    
0     00009615  _InitVariable                   
1     0000c050  _Integ_PD                       
1     0000c04e  _Integ_QD                       
1     0000c06c  _Integ_d                        
1     0000c088  _Integ_d_1                      
1     0000c058  _Integ_d_2                      
1     0000c09e  _Integ_i1                       
1     0000c09a  _Integ_i2                       
1     0000c0aa  _Integ_i3                       
1     0000c0f8  _Integ_i4                       
1     0000c06a  _Integ_q                        
1     0000c086  _Integ_q_1                      
1     0000c068  _Integ_q_2                      
1     0000c586  _Integ_spd                      
1     0000c0c2  _Integ_v1                       
1     0000c098  _Integ_v2                       
1     0000c0b0  _Integ_v3                       
1     0000c0ac  _Integ_v4                       
1     0000c546  _IntegrationEstHall             
1     0000c4be  _Iq                             
1     0000c512  _Iq_Old                         
1     0000c094  _Iq_ref_r                       
1     0000c51c  _Iqf                            
1     0000c128  _Ireal                          
1     0000c483  _Ireal_FaultCount               
1     0000c10c  _Ireale                         
1     0000c11c  _Ireals                         
0     0000931c  _Is_SVPWM                       
0     000094b0  _Is_abc2dqs                     
0     00009515  _Is_dqe2dqs                     
0     000095e9  _Is_dqs2abc                     
0     000094e4  _Is_dqs2dqe                     
1     0000c488  _Iu                             
1     0000c482  _Iu_offset                      
1     0000c489  _Iv                             
1     0000c480  _Iv_offset                      
1     0000c487  _Iw                             
1     0000c481  _Iw_offset                      
1     0000c526  _Ke                             
1     0000c54c  _Ki_EstHall                     
1     0000c022  _Ki_d_1                         
1     0000c07e  _Ki_d_2                         
1     0000c538  _Ki_d_cc                        
1     0000c0a0  _Ki_ic1                         
1     0000c09c  _Ki_ic2                         
1     0000c0b4  _Ki_ic3                         
1     0000c106  _Ki_ic4                         
1     0000c040  _Ki_q_1                         
1     0000c08e  _Ki_q_2                         
1     0000c552  _Ki_q_cc                        
1     0000c58a  _Ki_sc                          
1     0000c0be  _Ki_vc1                         
1     0000c0a4  _Ki_vc2                         
1     0000c0a6  _Ki_vc3                         
1     0000c0a8  _Ki_vc4                         
1     0000c01e  _Kp_d_1                         
1     0000c07a  _Kp_d_2                         
1     0000c524  _Kp_d_cc                        
1     0000c0c0  _Kp_ic1                         
1     0000c096  _Kp_ic2                         
1     0000c0b6  _Kp_ic3                         
1     0000c10a  _Kp_ic4                         
1     0000c024  _Kp_q_1                         
1     0000c080  _Kp_q_2                         
1     0000c53a  _Kp_q_cc                        
1     0000c584  _Kp_sc                          
1     0000c0bc  _Kp_vc1                         
1     0000c0a2  _Kp_vc2                         
1     0000c0b2  _Kp_vc3                         
1     0000c0ae  _Kp_vc4                         
1     0000c5c0  _LPF1                           
0     00009ddf  _LUF_ISR                        
0     00009dd5  _LVF_ISR                        
1     0000c092  _L_v                            
1     0000c522  _Ld                             
1     0000c4ca  _Low_fvdc                       
1     0000c520  _Lq                             
1     0000c014  _MPPT_counter                   
0     00009cdb  _MRINTA_ISR                     
0     00009cc7  _MRINTB_ISR                     
0     00009ce5  _MXINTA_ISR                     
0     00009cd1  _MXINTB_ISR                     
1     00005000  _McbspaRegs                     
1     00005040  _McbspbRegs                     
1     0000c49d  _Motor_Add                      
0     00009b19  _NMI_ISR                        
0     00009de9  _PIE_RESERVED                   
1     0000c012  _PWM_Count                      
1     0000c013  _PWM_Counter                    
0     000092d6  _PWM_Duty                       
1     0000c030  _P_3                            
1     0000c497  _P_Status                       
1     00000ce0  _PieCtrlRegs                    
1     00000d00  _PieVectTable                   
1     0000d000  _PieVectTableInit               
1     0000c49e  _PulseRPM                       
1     0000c500  _PulseRef                       
0     00009b05  _RTOSINT_ISR                    
1     0000c028  _Rd1                            
1     0000c042  _Rd2                            
1     0000c038  _Rd4                            
1     0000c52c  _Rs                             
0     00009d53  _SCIRXINTA_ISR                  
0     00009d67  _SCIRXINTB_ISR                  
0     00009d3f  _SCIRXINTC_ISR                  
0     00009d5d  _SCITXINTA_ISR                  
0     00009d71  _SCITXINTB_ISR                  
0     00009d49  _SCITXINTC_ISR                  
0     00009ba5  _SEQ1INT_ISR                    
0     00009baf  _SEQ2INT_ISR                    
0     00009cb3  _SPIRXINTA_ISR                  
0     00009cbd  _SPITXINTA_ISR                  
0     0000965e  _SPLL_3ph_SRF_IQ_FUNC           
0     00009616  _SPLL_3ph_SRF_IQ_init           
0     00009347  _SPWM_3ph                       
1     0000c016  _Sample_Rate                    
0     0000a63d  _SciInit                        
0     0000a6e2  _SciRxIsrHandler                
0     0000a623  _SciRxIsrSet                    
0     0000a609  _SciRxSet                       
0     0000a713  _SciTxIsrHandler                
0     0000a630  _SciTxIsrSet                    
0     0000a616  _SciTxSet                       
1     00007050  _SciaRegs                       
1     00007750  _ScibRegs                       
1     00007770  _ScicRegs                       
0     0000a6d8  _SerialGetByte                  
0     0000a6bf  _SerialInit                     
0     0000a6cf  _SerialPutByte                  
0     0000a677  _SerialReceiveMode              
0     0000a810  _SerialReceive_Cb               
0     0000a7fd  _SerialTransmit                 
0     0000a69b  _SerialTransmitMode             
0     0000a827  _SerialTransmit_Cb              
0     0000a3db  _ServiceDog                     
0     00009dfd  _SetupADC                       
1     0000c55a  _Sin_Theta                      
1     0000c536  _SpeedCmdRpm                    
1     0000c534  _SpeedCmdRpm1                   
1     0000c49f  _SpeedDown                      
1     0000c540  _SpeedEstHall                   
1     0000c542  _SpeedEstHallOld                
1     0000c53e  _SpeedEstHallRpm                
1     0000c558  _SpeedEstHall_m                 
1     00007040  _SpiaRegs                       
1     00007010  _SysCtrlRegs                    
1     0000c57e  _T                              
0     00009bd7  _TINT0_ISR                      
1     0000c58e  _Theta                          
1     0000c548  _ThetaEstH                      
1     0000c596  _ThetaEstHall                   
1     0000c582  _ThetaEstHallError              
1     0000c588  _ThetaInc                       
1     0000c594  _ThetaM                         
1     0000c48f  _ThetaMQ15                      
1     0000c48e  _ThetaQ15                       
1     0000c4f0  _Theta_Old                      
1     0000c59a  _Theta_old                      
1     0000c020  _Theta_ref                      
1     0000c4f6  _Thetaf                         
0     000093a9  _Three_phase_Inverter_Control   
1     0000c4f8  _Tsampcc                        
1     0000c4fa  _Tsampsc                        
0     00009b87  _USER10_ISR                     
0     00009b91  _USER11_ISR                     
0     00009b9b  _USER12_ISR                     
0     00009b2d  _USER1_ISR                      
0     00009b37  _USER2_ISR                      
0     00009b41  _USER3_ISR                      
0     00009b4b  _USER4_ISR                      
0     00009b55  _USER5_ISR                      
0     00009b5f  _USER6_ISR                      
0     00009b69  _USER7_ISR                      
0     00009b73  _USER8_ISR                      
0     00009b7d  _USER9_ISR                      
1     0000c011  _V_1                            
1     0000c0ce  _V_2                            
1     0000c009  _V_3                            
1     0000c0d8  _V_C2                           
1     0000c102  _V_C3                           
1     0000c0f2  _V_DCDC                         
1     0000c032  _V_In3                          
1     0000c017  _V_In_DCDC                      
1     0000c003  _V_In_a                         
1     0000c019  _V_In_b                         
1     0000c01b  _V_In_c                         
1     0000c00f  _V_In_pv                        
1     0000c0f0  _V_a                            
1     0000c0ee  _V_b                            
1     0000c0f4  _V_c                            
1     0000c0b8  _V_out                          
1     0000c076  _V_ref                          
1     0000c0ba  _V_ref1                         
1     0000c0c6  _V_ref2                         
1     0000c0e4  _V_ref3                         
1     0000c0c4  _V_ref4                         
1     0000c134  _Vcmd                           
1     0000c120  _Vcmde                          
1     0000c13a  _Vcmdn                          
1     0000c114  _Vcmds                          
1     0000c08a  _Vd                             
1     0000c072  _Vd_ref                         
1     0000c074  _Vd_ref_r                       
1     0000c55c  _Vdc                            
1     0000c034  _Vdc_max1                       
1     0000c02a  _Vdc_max2                       
1     0000c07c  _Vdc_max4                       
1     0000c044  _Vdc_min1                       
1     0000c02e  _Vdc_min2                       
1     0000c03a  _Vdc_min4                       
1     0000c12e  _Vgrid                          
1     0000c140  _Vgrid_Spll                     
1     0000c110  _Vgride                         
1     0000c118  _Vgrids                         
0     0000907a  _VoltageControl_1               
0     0000912f  _VoltageControl_2               
0     000091e4  _VoltageControl_3               
0     00009260  _VoltageControl_4               
1     0000c056  _Vq                             
1     0000c070  _Vq_ref                         
1     0000c078  _Vq_ref_r                       
1     0000c4dc  _Vset                           
1     0000c4e8  _Vslope                         
0     00009be1  _WAKEINT_ISR                    
1     0000c53c  _Wc_cc                          
1     0000c532  _Wc_spd                         
0     00009bb9  _XINT1_ISR                      
0     00009bc3  _XINT2_ISR                      
0     00009da3  _XINT3_ISR                      
0     00009dad  _XINT4_ISR                      
0     00009db7  _XINT5_ISR                      
0     00009dc1  _XINT6_ISR                      
0     00009dcb  _XINT7_ISR                      
1     00007070  _XIntruptRegs                   
1     00000b20  _XintfRegs                      
1     00000700  __STACK_END                     
abs   00000300  __STACK_SIZE                    
1     0000c452  ___TI_cleanup_ptr               
1     0000c454  ___TI_dtors_ptr                 
1     0000c450  ___TI_enable_exit_profile_output
abs   ffffffff  ___TI_pprof_out_hndl            
abs   ffffffff  ___TI_prof_data_size            
abs   ffffffff  ___TI_prof_data_start           
abs   ffffffff  ___binit__                      
abs   ffffffff  ___c_args__                     
0     00008000  ___cinit__                      
0     0000a9c8  ___etext__                      
abs   ffffffff  ___pinit__                      
0     00009000  ___text__                       
0     0000a987  __args_main                     
1     0000c45a  __lock                          
0     0000a9bc  __nop                           
0     0000a9b8  __register_lock                 
0     0000a9b4  __register_unlock               
1     00000400  __stack                         
0     0000a9c7  __system_post_cinit             
0     0000a9c5  __system_pre_init               
1     0000c45c  __unlock                        
1     0000c516  _a                              
1     0000c4a6  _aaa                            
0     0000a8d4  _abort                          
0     0000a10c  _adc_isr                        
0     000096e5  _asc2hex                        
1     0000c4fe  _b                              
1     0000c4a7  _bbb                            
0     0000a854  _c_int00                        
1     0000c4a0  _ccc                            
0     0000a925  _copy_in                        
0     0000a744  _cos                            
0     0000a744  _cosf                           
1     0000c48d  _count                          
1     0000c4a9  _count_pwm                      
1     0000c4aa  _count_start                    
1     0000c4ae  _da1                            
1     0000c4da  _da1_data                       
1     0000c4e4  _da1_mid                        
1     0000c508  _da1_rng                        
1     0000c4de  _da1_scale                      
1     0000c4b2  _da1_type                       
1     0000c4d8  _da1_val                        
1     0000c4b1  _da2                            
1     0000c4cc  _da2_data                       
1     0000c4ce  _da2_mid                        
1     0000c4e6  _da2_rng                        
1     0000c4e0  _da2_scale                      
1     0000c4ad  _da2_type                       
1     0000c4e2  _da2_val                        
1     0000c4b0  _da3                            
1     0000c576  _da3_data                       
1     0000c578  _da3_mid                        
1     0000c4c8  _da3_rng                        
1     0000c57a  _da3_scale                      
1     0000c4ac  _da3_type                       
1     0000c598  _da3_val                        
1     0000c4b3  _da4                            
1     0000c560  _da4_data                       
1     0000c56a  _da4_mid                        
1     0000c562  _da4_rng                        
1     0000c564  _da4_scale                      
1     0000c4af  _da4_type                       
1     0000c55e  _da4_val                        
1     0000c499  _ddd                            
1     0000c6c1  _debug_cnt                      
1     0000c6c8  _debug_rd_addr                  
1     0000c6ca  _debug_rd_addr_tmp              
1     0000c6c0  _debug_state                    
1     0000c6c2  _debug_sum                      
1     0000c6c3  _debug_sum_temp                 
1     0000c700  _debug_tx_buf                   
1     0000c6c5  _debug_tx_end                   
1     0000c6c7  _debug_tx_pos                   
1     0000c6cc  _debug_wr_addr                  
1     0000c6ce  _debug_wr_data                  
1     0000c6c6  _debug_wr_size                  
1     0000c6c4  _debug_wr_sum_flag              
1     0000c49a  _eee                            
0     0000a0f7  _epwm1_timer_isr                
1     0000c04c  _err_PD                         
1     0000c04a  _err_QD                         
1     0000c052  _err_d                          
1     0000c084  _err_d_1                        
1     0000c054  _err_d_2                        
1     0000c0fe  _err_i1                         
1     0000c0d6  _err_i2                         
1     0000c0de  _err_i3                         
1     0000c0da  _err_i4                         
1     0000c066  _err_q                          
1     0000c082  _err_q_1                        
1     0000c05a  _err_q_2                        
1     0000c100  _err_v1                         
1     0000c104  _err_v2                         
1     0000c0e0  _err_v3                         
1     0000c0d4  _err_v4                         
0     0000a8d6  _exit                           
1     0000c4d2  _fCommand                       
1     0000c570  _fIu                            
1     0000c56e  _fIv                            
1     0000c574  _fIw                            
1     0000c54e  _fVF_freq                       
1     0000c528  _fVF_freq_rad                   
1     0000c554  _fVF_freq_set                   
1     0000c52a  _fVF_freq_slope                 
1     0000c52e  _fVF_theta                      
1     0000c572  _fVdc                           
1     0000c4d6  _fVdcf                          
1     0000c4d0  _fVdcfOld                       
1     0000c498  _fff                            
0     000096fe  _hex2asc                        
1     0000c015  _k                              
1     0000c4c2  _kbl1                           
1     0000c4c6  _kbl2                           
1     0000c4b6  _kbl3                           
1     0000c4b4  _kbl4                           
1     0000c50c  _lI_inv                         
1     0000c51a  _lId                            
1     0000c514  _lIq                            
1     0000c4f2  _lTheta                         
1     0000c4d4  _lfVdc                          
0     00009000  _main                           
0     0000a969  _memcpy                         
1     0000c496  _nDir                           
1     0000c08c  _omega                          
1     0000c48b  _op_mode                        
1     0000c180  _output1                        
1     0000c380  _output2                        
1     0000c280  _output3                        
1     0000c036  _prev_P_3                       
1     0000c00d  _pwmc                           
1     0000c494  _qep_count                      
0     00009df3  _rsvd_ISR                       
1     0000c44e  _rx_buff                        
0     00009a9f  _sci_debug_init                 
1     0000c458  _sci_regs_ptr                   
0     0000a512  _scia_rx_isr                    
0     0000a4ca  _scia_tx_isr                    
0     0000a7a5  _sin                            
0     0000a7a5  _sinf                           
1     0000c4b8  _speed_e                        
1     0000c4bc  _speed_m                        
1     0000c4ba  _speed_rpm                      
1     0000c154  _spll1                          
0     000097fd  _state0_proc                    
0     00009936  _state1_proc                    
0     00009954  _state2_proc                    
0     000099b5  _state3_proc                    
0     000099cd  _state4_proc                    
0     000099ee  _state5_proc                    
0     00009a1b  _state6_proc                    
0     00009a34  _state7_proc                    
1     0000c456  _test                           
1     0000c502  _test_rx                        
1     0000c4fc  _test_tx                        
0     00009722  _write_txbuf_asc                
0     00009734  _write_txbuf_byte               
0     0000978e  _write_txbuf_long               
0     0000970a  _write_txbuf_string             
0     00009754  _write_txbuf_word               
abs   ffffffff  binit                           
0     00008000  cinit                           
0     00000000  code_start                      
0     0000a9c8  etext                           
abs   ffffffff  pinit                           


GLOBAL SYMBOLS: SORTED BY Symbol Address 

page  address   name                            
----  -------   ----                            
0     00000000  code_start                      
0     00008000  ___cinit__                      
0     00008000  cinit                           
0     00008226  _DSP28x_usDelay                 
0     00009000  .text                           
0     00009000  ___text__                       
0     00009000  _main                           
0     00009039  _CurrentControl_1               
0     0000907a  _VoltageControl_1               
0     000090f0  _CurrentControl_2               
0     0000912f  _VoltageControl_2               
0     000091a5  _CurrentControl_3               
0     000091e4  _VoltageControl_3               
0     00009222  _CurrentControl_4               
0     00009260  _VoltageControl_4               
0     000092d6  _PWM_Duty                       
0     0000931c  _Is_SVPWM                       
0     00009347  _SPWM_3ph                       
0     000093a9  _Three_phase_Inverter_Control   
0     000094b0  _Is_abc2dqs                     
0     000094e4  _Is_dqs2dqe                     
0     00009515  _Is_dqe2dqs                     
0     000095e9  _Is_dqs2abc                     
0     00009615  _InitVariable                   
0     00009616  _SPLL_3ph_SRF_IQ_init           
0     0000965e  _SPLL_3ph_SRF_IQ_FUNC           
0     000096e5  _asc2hex                        
0     000096fe  _hex2asc                        
0     0000970a  _write_txbuf_string             
0     00009722  _write_txbuf_asc                
0     00009734  _write_txbuf_byte               
0     00009754  _write_txbuf_word               
0     0000978e  _write_txbuf_long               
0     000097fd  _state0_proc                    
0     00009936  _state1_proc                    
0     00009954  _state2_proc                    
0     000099b5  _state3_proc                    
0     000099cd  _state4_proc                    
0     000099ee  _state5_proc                    
0     00009a1b  _state6_proc                    
0     00009a34  _state7_proc                    
0     00009a9f  _sci_debug_init                 
0     00009ae7  _INT13_ISR                      
0     00009af1  _INT14_ISR                      
0     00009afb  _DATALOG_ISR                    
0     00009b05  _RTOSINT_ISR                    
0     00009b0f  _EMUINT_ISR                     
0     00009b19  _NMI_ISR                        
0     00009b23  _ILLEGAL_ISR                    
0     00009b2d  _USER1_ISR                      
0     00009b37  _USER2_ISR                      
0     00009b41  _USER3_ISR                      
0     00009b4b  _USER4_ISR                      
0     00009b55  _USER5_ISR                      
0     00009b5f  _USER6_ISR                      
0     00009b69  _USER7_ISR                      
0     00009b73  _USER8_ISR                      
0     00009b7d  _USER9_ISR                      
0     00009b87  _USER10_ISR                     
0     00009b91  _USER11_ISR                     
0     00009b9b  _USER12_ISR                     
0     00009ba5  _SEQ1INT_ISR                    
0     00009baf  _SEQ2INT_ISR                    
0     00009bb9  _XINT1_ISR                      
0     00009bc3  _XINT2_ISR                      
0     00009bcd  _ADCINT_ISR                     
0     00009bd7  _TINT0_ISR                      
0     00009be1  _WAKEINT_ISR                    
0     00009beb  _EPWM1_TZINT_ISR                
0     00009bf5  _EPWM2_TZINT_ISR                
0     00009bff  _EPWM3_TZINT_ISR                
0     00009c09  _EPWM4_TZINT_ISR                
0     00009c13  _EPWM5_TZINT_ISR                
0     00009c1d  _EPWM6_TZINT_ISR                
0     00009c27  _EPWM1_INT_ISR                  
0     00009c31  _EPWM2_INT_ISR                  
0     00009c3b  _EPWM3_INT_ISR                  
0     00009c45  _EPWM4_INT_ISR                  
0     00009c4f  _EPWM5_INT_ISR                  
0     00009c59  _EPWM6_INT_ISR                  
0     00009c63  _ECAP1_INT_ISR                  
0     00009c6d  _ECAP2_INT_ISR                  
0     00009c77  _ECAP3_INT_ISR                  
0     00009c81  _ECAP4_INT_ISR                  
0     00009c8b  _ECAP5_INT_ISR                  
0     00009c95  _ECAP6_INT_ISR                  
0     00009c9f  _EQEP1_INT_ISR                  
0     00009ca9  _EQEP2_INT_ISR                  
0     00009cb3  _SPIRXINTA_ISR                  
0     00009cbd  _SPITXINTA_ISR                  
0     00009cc7  _MRINTB_ISR                     
0     00009cd1  _MXINTB_ISR                     
0     00009cdb  _MRINTA_ISR                     
0     00009ce5  _MXINTA_ISR                     
0     00009cef  _DINTCH1_ISR                    
0     00009cf9  _DINTCH2_ISR                    
0     00009d03  _DINTCH3_ISR                    
0     00009d0d  _DINTCH4_ISR                    
0     00009d17  _DINTCH5_ISR                    
0     00009d21  _DINTCH6_ISR                    
0     00009d2b  _I2CINT1A_ISR                   
0     00009d35  _I2CINT2A_ISR                   
0     00009d3f  _SCIRXINTC_ISR                  
0     00009d49  _SCITXINTC_ISR                  
0     00009d53  _SCIRXINTA_ISR                  
0     00009d5d  _SCITXINTA_ISR                  
0     00009d67  _SCIRXINTB_ISR                  
0     00009d71  _SCITXINTB_ISR                  
0     00009d7b  _ECAN0INTA_ISR                  
0     00009d85  _ECAN1INTA_ISR                  
0     00009d8f  _ECAN0INTB_ISR                  
0     00009d99  _ECAN1INTB_ISR                  
0     00009da3  _XINT3_ISR                      
0     00009dad  _XINT4_ISR                      
0     00009db7  _XINT5_ISR                      
0     00009dc1  _XINT6_ISR                      
0     00009dcb  _XINT7_ISR                      
0     00009dd5  _LVF_ISR                        
0     00009ddf  _LUF_ISR                        
0     00009de9  _PIE_RESERVED                   
0     00009df3  _rsvd_ISR                       
0     00009dfd  _SetupADC                       
0     00009e43  _Gpio_select                    
0     00009e7d  _InitEPWM                       
0     0000a0d5  _InitECAP1                      
0     0000a0e6  _InitECAP2                      
0     0000a0f7  _epwm1_timer_isr                
0     0000a10c  _adc_isr                        
0     0000a3d2  _InitSysCtrl                    
0     0000a3db  _ServiceDog                     
0     0000a3e5  _DisableDog                     
0     0000a3ed  _InitPll                        
0     0000a43e  _InitPeripheralClocks           
0     0000a499  _CsmUnlock                      
0     0000a4ca  _scia_tx_isr                    
0     0000a512  _scia_rx_isr                    
0     0000a581  FS$$DIV                         
0     0000a609  _SciRxSet                       
0     0000a616  _SciTxSet                       
0     0000a623  _SciRxIsrSet                    
0     0000a630  _SciTxIsrSet                    
0     0000a63d  _SciInit                        
0     0000a677  _SerialReceiveMode              
0     0000a69b  _SerialTransmitMode             
0     0000a6bf  _SerialInit                     
0     0000a6cf  _SerialPutByte                  
0     0000a6d8  _SerialGetByte                  
0     0000a6e2  _SciRxIsrHandler                
0     0000a713  _SciTxIsrHandler                
0     0000a744  _cos                            
0     0000a744  _cosf                           
0     0000a7a5  _sin                            
0     0000a7a5  _sinf                           
0     0000a7fd  _SerialTransmit                 
0     0000a810  _SerialReceive_Cb               
0     0000a827  _SerialTransmit_Cb              
0     0000a83e  _CheckAndRecvSerialData         
0     0000a854  _c_int00                        
0     0000a8aa  L$$DIV                          
0     0000a8b9  L$$MOD                          
0     0000a8c7  UL$$DIV                         
0     0000a8ce  UL$$MOD                         
0     0000a8d4  C$$EXIT                         
0     0000a8d4  _abort                          
0     0000a8d6  _exit                           
0     0000a8fd  _InitPieCtrl                    
0     0000a91c  _EnableInterrupts               
0     0000a925  _copy_in                        
0     0000a949  _InitPieVectTable               
0     0000a969  _memcpy                         
0     0000a987  __args_main                     
0     0000a9a0  _InitAdc                        
0     0000a9b4  __register_unlock               
0     0000a9b8  __register_lock                 
0     0000a9bc  __nop                           
0     0000a9c5  __system_pre_init               
0     0000a9c7  __system_post_cinit             
0     0000a9c8  ___etext__                      
0     0000a9c8  etext                           
0     00380080  _ADC_cal                        
1     00000400  __stack                         
1     00000700  __STACK_END                     
1     00000880  _DevEmuRegs                     
1     00000a80  _FlashRegs                      
1     00000ae0  _CsmRegs                        
1     00000b00  _AdcMirror                      
1     00000b20  _XintfRegs                      
1     00000c00  _CpuTimer0Regs                  
1     00000c08  _CpuTimer1Regs                  
1     00000c10  _CpuTimer2Regs                  
1     00000ce0  _PieCtrlRegs                    
1     00000d00  _PieVectTable                   
1     00001000  _DmaRegs                        
1     00005000  _McbspaRegs                     
1     00005040  _McbspbRegs                     
1     00006000  _ECanaRegs                      
1     00006040  _ECanaLAMRegs                   
1     00006080  _ECanaMOTSRegs                  
1     000060c0  _ECanaMOTORegs                  
1     00006100  _ECanaMboxes                    
1     00006200  _ECanbRegs                      
1     00006240  _ECanbLAMRegs                   
1     00006280  _ECanbMOTSRegs                  
1     000062c0  _ECanbMOTORegs                  
1     00006300  _ECanbMboxes                    
1     00006800  _EPwm1Regs                      
1     00006840  _EPwm2Regs                      
1     00006880  _EPwm3Regs                      
1     000068c0  _EPwm4Regs                      
1     00006900  _EPwm5Regs                      
1     00006940  _EPwm6Regs                      
1     00006a00  _ECap1Regs                      
1     00006a20  _ECap2Regs                      
1     00006a40  _ECap3Regs                      
1     00006a60  _ECap4Regs                      
1     00006a80  _ECap5Regs                      
1     00006aa0  _ECap6Regs                      
1     00006b00  _EQep1Regs                      
1     00006b40  _EQep2Regs                      
1     00006f80  _GpioCtrlRegs                   
1     00006fc0  _GpioDataRegs                   
1     00006fe0  _GpioIntRegs                    
1     00007010  _SysCtrlRegs                    
1     00007040  _SpiaRegs                       
1     00007050  _SciaRegs                       
1     00007070  _XIntruptRegs                   
1     00007100  _AdcRegs                        
1     00007750  _ScibRegs                       
1     00007770  _ScicRegs                       
1     00007900  _I2caRegs                       
1     0000c000  _Duty_L3                        
1     0000c001  _Duty_L1                        
1     0000c002  _Duty_L2                        
1     0000c003  _V_In_a                         
1     0000c004  _I_In_c                         
1     0000c005  _I_In_b                         
1     0000c006  _Duty_B                         
1     0000c007  _Duty_A                         
1     0000c008  _Duty_C                         
1     0000c009  _V_3                            
1     0000c00a  _I_3                            
1     0000c00b  _I_1                            
1     0000c00c  _I_2                            
1     0000c00d  _pwmc                           
1     0000c00e  _Duty_DC                        
1     0000c00f  _V_In_pv                        
1     0000c010  _I_In_a                         
1     0000c011  _V_1                            
1     0000c012  _PWM_Count                      
1     0000c013  _PWM_Counter                    
1     0000c014  _MPPT_counter                   
1     0000c015  _k                              
1     0000c016  _Sample_Rate                    
1     0000c017  _V_In_DCDC                      
1     0000c018  _I_In_DCDC                      
1     0000c019  _V_In_b                         
1     0000c01a  _ISR_FREQ                       
1     0000c01b  _V_In_c                         
1     0000c01c  _GRID_FREQ                      
1     0000c01e  _Kp_d_1                         
1     0000c020  _Theta_ref                      
1     0000c022  _Ki_d_1                         
1     0000c024  _Kp_q_1                         
1     0000c026  _Idis_max1                      
1     0000c028  _Rd1                            
1     0000c02a  _Vdc_max2                       
1     0000c02c  _Icharge_max1                   
1     0000c02e  _Vdc_min2                       
1     0000c030  _P_3                            
1     0000c032  _V_In3                          
1     0000c034  _Vdc_max1                       
1     0000c036  _prev_P_3                       
1     0000c038  _Rd4                            
1     0000c03a  _Vdc_min4                       
1     0000c03c  _Icharge_max4                   
1     0000c03e  _Idis_max4                      
1     0000c040  _Ki_q_1                         
1     0000c042  _Rd2                            
1     0000c044  _Vdc_min1                       
1     0000c046  _Icharge_max2                   
1     0000c048  _Idis_max2                      
1     0000c04a  _err_QD                         
1     0000c04c  _err_PD                         
1     0000c04e  _Integ_QD                       
1     0000c050  _Integ_PD                       
1     0000c052  _err_d                          
1     0000c054  _err_d_2                        
1     0000c056  _Vq                             
1     0000c058  _Integ_d_2                      
1     0000c05a  _err_q_2                        
1     0000c05c  _Control_Vd_1                   
1     0000c05e  _Control_Vq                     
1     0000c060  _Control_Vd_2                   
1     0000c062  _Control_Vq_1                   
1     0000c064  _Control_Vq_2                   
1     0000c066  _err_q                          
1     0000c068  _Integ_q_2                      
1     0000c06a  _Integ_q                        
1     0000c06c  _Integ_d                        
1     0000c06e  _Control_Vd                     
1     0000c070  _Vq_ref                         
1     0000c072  _Vd_ref                         
1     0000c074  _Vd_ref_r                       
1     0000c076  _V_ref                          
1     0000c078  _Vq_ref_r                       
1     0000c07a  _Kp_d_2                         
1     0000c07c  _Vdc_max4                       
1     0000c07e  _Ki_d_2                         
1     0000c080  _Kp_q_2                         
1     0000c082  _err_q_1                        
1     0000c084  _err_d_1                        
1     0000c086  _Integ_q_1                      
1     0000c088  _Integ_d_1                      
1     0000c08a  _Vd                             
1     0000c08c  _omega                          
1     0000c08e  _Ki_q_2                         
1     0000c090  _Id_ref_r                       
1     0000c092  _L_v                            
1     0000c094  _Iq_ref_r                       
1     0000c096  _Kp_ic2                         
1     0000c098  _Integ_v2                       
1     0000c09a  _Integ_i2                       
1     0000c09c  _Ki_ic2                         
1     0000c09e  _Integ_i1                       
1     0000c0a0  _Ki_ic1                         
1     0000c0a2  _Kp_vc2                         
1     0000c0a4  _Ki_vc2                         
1     0000c0a6  _Ki_vc3                         
1     0000c0a8  _Ki_vc4                         
1     0000c0aa  _Integ_i3                       
1     0000c0ac  _Integ_v4                       
1     0000c0ae  _Kp_vc4                         
1     0000c0b0  _Integ_v3                       
1     0000c0b2  _Kp_vc3                         
1     0000c0b4  _Ki_ic3                         
1     0000c0b6  _Kp_ic3                         
1     0000c0b8  _V_out                          
1     0000c0ba  _V_ref1                         
1     0000c0bc  _Kp_vc1                         
1     0000c0be  _Ki_vc1                         
1     0000c0c0  _Kp_ic1                         
1     0000c0c2  _Integ_v1                       
1     0000c0c4  _V_ref4                         
1     0000c0c6  _V_ref2                         
1     0000c0c8  _I_L2                           
1     0000c0ca  _I_L1                           
1     0000c0cc  _Control_V1                     
1     0000c0ce  _V_2                            
1     0000c0d0  _Control_V2                     
1     0000c0d2  _Control_I1                     
1     0000c0d4  _err_v4                         
1     0000c0d6  _err_i2                         
1     0000c0d8  _V_C2                           
1     0000c0da  _err_i4                         
1     0000c0dc  _Control_I2                     
1     0000c0de  _err_i3                         
1     0000c0e0  _err_v3                         
1     0000c0e2  _I_L3                           
1     0000c0e4  _V_ref3                         
1     0000c0e6  _Control_I4                     
1     0000c0e8  _Control_V4                     
1     0000c0ea  _Control_I3                     
1     0000c0ec  _Control_V3                     
1     0000c0ee  _V_b                            
1     0000c0f0  _V_a                            
1     0000c0f2  _V_DCDC                         
1     0000c0f4  _V_c                            
1     0000c0f6  _I_a                            
1     0000c0f8  _Integ_i4                       
1     0000c0fa  _I_c                            
1     0000c0fc  _I_b                            
1     0000c0fe  _err_i1                         
1     0000c100  _err_v1                         
1     0000c102  _V_C3                           
1     0000c104  _err_v2                         
1     0000c106  _Ki_ic4                         
1     0000c108  _I_DCDC                         
1     0000c10a  _Kp_ic4                         
1     0000c10c  _Ireale                         
1     0000c110  _Vgride                         
1     0000c114  _Vcmds                          
1     0000c118  _Vgrids                         
1     0000c11c  _Ireals                         
1     0000c120  _Vcmde                          
1     0000c124  _Icmde                          
1     0000c128  _Ireal                          
1     0000c12e  _Vgrid                          
1     0000c134  _Vcmd                           
1     0000c13a  _Vcmdn                          
1     0000c140  _Vgrid_Spll                     
1     0000c154  _spll1                          
1     0000c180  _output1                        
1     0000c280  _output3                        
1     0000c380  _output2                        
1     0000c44e  _rx_buff                        
1     0000c450  ___TI_enable_exit_profile_output
1     0000c452  ___TI_cleanup_ptr               
1     0000c454  ___TI_dtors_ptr                 
1     0000c456  _test                           
1     0000c458  _sci_regs_ptr                   
1     0000c45a  __lock                          
1     0000c45c  __unlock                        
1     0000c480  _Iv_offset                      
1     0000c481  _Iw_offset                      
1     0000c482  _Iu_offset                      
1     0000c483  _Ireal_FaultCount               
1     0000c484  _CurrentOffsetCount             
1     0000c485  _AD_Iu                          
1     0000c486  _AD_Iv                          
1     0000c487  _Iw                             
1     0000c488  _Iu                             
1     0000c489  _Iv                             
1     0000c48a  _IPM_Status                     
1     0000c48b  _op_mode                        
1     0000c48c  _HallSignal                     
1     0000c48d  _count                          
1     0000c48e  _ThetaQ15                       
1     0000c48f  _ThetaMQ15                      
1     0000c490  _IPM_FaultFlag                  
1     0000c491  _IPM_FaultCount                 
1     0000c492  _InitFlag                       
1     0000c493  _HallSignalM                    
1     0000c494  _qep_count                      
1     0000c495  _DAC_CH                         
1     0000c496  _nDir                           
1     0000c497  _P_Status                       
1     0000c498  _fff                            
1     0000c499  _ddd                            
1     0000c49a  _eee                            
1     0000c49b  _Comm_Type                      
1     0000c49c  _Comm_Speed                     
1     0000c49d  _Motor_Add                      
1     0000c49e  _PulseRPM                       
1     0000c49f  _SpeedDown                      
1     0000c4a0  _ccc                            
1     0000c4a1  _DutyB                          
1     0000c4a2  _DutyC                          
1     0000c4a3  _DutyA                          
1     0000c4a4  _AD_Vdc                         
1     0000c4a5  _AD_Command                     
1     0000c4a6  _aaa                            
1     0000c4a7  _bbb                            
1     0000c4a8  _AngleControl                   
1     0000c4a9  _count_pwm                      
1     0000c4aa  _count_start                    
1     0000c4ab  _AD_Iw                          
1     0000c4ac  _da3_type                       
1     0000c4ad  _da2_type                       
1     0000c4ae  _da1                            
1     0000c4af  _da4_type                       
1     0000c4b0  _da3                            
1     0000c4b1  _da2                            
1     0000c4b2  _da1_type                       
1     0000c4b3  _da4                            
1     0000c4b4  _kbl4                           
1     0000c4b6  _kbl3                           
1     0000c4b8  _speed_e                        
1     0000c4ba  _speed_rpm                      
1     0000c4bc  _speed_m                        
1     0000c4be  _Iq                             
1     0000c4c0  _Id                             
1     0000c4c2  _kbl1                           
1     0000c4c4  _AdjAngle                       
1     0000c4c6  _kbl2                           
1     0000c4c8  _da3_rng                        
1     0000c4ca  _Low_fvdc                       
1     0000c4cc  _da2_data                       
1     0000c4ce  _da2_mid                        
1     0000c4d0  _fVdcfOld                       
1     0000c4d2  _fCommand                       
1     0000c4d4  _lfVdc                          
1     0000c4d6  _fVdcf                          
1     0000c4d8  _da1_val                        
1     0000c4da  _da1_data                       
1     0000c4dc  _Vset                           
1     0000c4de  _da1_scale                      
1     0000c4e0  _da2_scale                      
1     0000c4e2  _da2_val                        
1     0000c4e4  _da1_mid                        
1     0000c4e6  _da2_rng                        
1     0000c4e8  _Vslope                         
1     0000c4ea  _AntiWindUp_Vde                 
1     0000c4ec  _AntiWindUp_Iqe                 
1     0000c4ee  _AntiGain                       
1     0000c4f0  _Theta_Old                      
1     0000c4f2  _lTheta                         
1     0000c4f4  _AntiWindUp_Vqe                 
1     0000c4f6  _Thetaf                         
1     0000c4f8  _Tsampcc                        
1     0000c4fa  _Tsampsc                        
1     0000c4fc  _test_tx                        
1     0000c4fe  _b                              
1     0000c500  _PulseRef                       
1     0000c502  _test_rx                        
1     0000c504  _AlphaVdc                       
1     0000c506  _AlphaCurr                      
1     0000c508  _da1_rng                        
1     0000c50a  _I_invOld                       
1     0000c50c  _lI_inv                         
1     0000c50e  _AlphaTheta                     
1     0000c510  _I_invf                         
1     0000c512  _Iq_Old                         
1     0000c514  _lIq                            
1     0000c516  _a                              
1     0000c518  _Id_Old                         
1     0000c51a  _lId                            
1     0000c51c  _Iqf                            
1     0000c51e  _Idf                            
1     0000c520  _Lq                             
1     0000c522  _Ld                             
1     0000c524  _Kp_d_cc                        
1     0000c526  _Ke                             
1     0000c528  _fVF_freq_rad                   
1     0000c52a  _fVF_freq_slope                 
1     0000c52c  _Rs                             
1     0000c52e  _fVF_theta                      
1     0000c530  _Icmd_target                    
1     0000c532  _Wc_spd                         
1     0000c534  _SpeedCmdRpm1                   
1     0000c536  _SpeedCmdRpm                    
1     0000c538  _Ki_d_cc                        
1     0000c53a  _Kp_q_cc                        
1     0000c53c  _Wc_cc                          
1     0000c53e  _SpeedEstHallRpm                
1     0000c540  _SpeedEstHall                   
1     0000c542  _SpeedEstHallOld                
1     0000c544  _AccSpdEstHall                  
1     0000c546  _IntegrationEstHall             
1     0000c548  _ThetaEstH                      
1     0000c54a  _ETheta_old                     
1     0000c54c  _Ki_EstHall                     
1     0000c54e  _fVF_freq                       
1     0000c550  _Cos_Theta                      
1     0000c552  _Ki_q_cc                        
1     0000c554  _fVF_freq_set                   
1     0000c556  _Fc_SpdEstHall                  
1     0000c558  _SpeedEstHall_m                 
1     0000c55a  _Sin_Theta                      
1     0000c55c  _Vdc                            
1     0000c55e  _da4_val                        
1     0000c560  _da4_data                       
1     0000c562  _da4_rng                        
1     0000c564  _da4_scale                      
1     0000c566  _HTheta                         
1     0000c568  _HTheta_D0                      
1     0000c56a  _da4_mid                        
1     0000c56c  _DifferenceHE                   
1     0000c56e  _fIv                            
1     0000c570  _fIu                            
1     0000c572  _fVdc                           
1     0000c574  _fIw                            
1     0000c576  _da3_data                       
1     0000c578  _da3_mid                        
1     0000c57a  _da3_scale                      
1     0000c57c  _Freq_Ref                       
1     0000c57e  _T                              
1     0000c580  _DAC_scale                      
1     0000c582  _ThetaEstHallError              
1     0000c584  _Kp_sc                          
1     0000c586  _Integ_spd                      
1     0000c588  _ThetaInc                       
1     0000c58a  _Ki_sc                          
1     0000c58c  _EThetaM                        
1     0000c58e  _Theta                          
1     0000c590  _HTheta_D1                      
1     0000c592  _ETheta                         
1     0000c594  _ThetaM                         
1     0000c596  _ThetaEstHall                   
1     0000c598  _da3_val                        
1     0000c59a  _Theta_old                      
1     0000c5c0  _LPF1                           
1     0000c6c0  _debug_state                    
1     0000c6c1  _debug_cnt                      
1     0000c6c2  _debug_sum                      
1     0000c6c3  _debug_sum_temp                 
1     0000c6c4  _debug_wr_sum_flag              
1     0000c6c5  _debug_tx_end                   
1     0000c6c6  _debug_wr_size                  
1     0000c6c7  _debug_tx_pos                   
1     0000c6c8  _debug_rd_addr                  
1     0000c6ca  _debug_rd_addr_tmp              
1     0000c6cc  _debug_wr_addr                  
1     0000c6ce  _debug_wr_data                  
1     0000c700  _debug_tx_buf                   
1     0000d000  _PieVectTableInit               
1     0033fff8  _CsmPwl                         
abs   00000300  __STACK_SIZE                    
abs   ffffffff  ___TI_pprof_out_hndl            
abs   ffffffff  ___TI_prof_data_size            
abs   ffffffff  ___TI_prof_data_start           
abs   ffffffff  ___binit__                      
abs   ffffffff  ___c_args__                     
abs   ffffffff  ___pinit__                      
abs   ffffffff  binit                           
abs   ffffffff  pinit                           

[595 symbols]
