<?xml version="1.0"?>
<link_info>
   <banner>TMS320C2000 Linker PC v6.2.0</banner>
   <copyright>Copyright (c) 1996-2013 Texas Instruments Incorporated</copyright>
   <link_time>0x53d27fc4</link_time>
   <link_errors>0x0</link_errors>
   <output_file>Copy of BLDC_SVPWM7_2_Gain.out</output_file>
   <entry_point>
      <name>_c_int00</name>
      <address>0x33a322</address>
   </entry_point>
   <input_file_list>
      <input_file id="fl-2">
         <path>.\</path>
         <kind>object</kind>
         <file>variable.obj</file>
         <name>variable.obj</name>
      </input_file>
      <input_file id="fl-3">
         <path>.\</path>
         <kind>object</kind>
         <file>main.obj</file>
         <name>main.obj</name>
      </input_file>
      <input_file id="fl-4">
         <path>.\</path>
         <kind>object</kind>
         <file>debug_283x.obj</file>
         <name>debug_283x.obj</name>
      </input_file>
      <input_file id="fl-5">
         <path>.\</path>
         <kind>object</kind>
         <file>control.obj</file>
         <name>control.obj</name>
      </input_file>
      <input_file id="fl-6">
         <path>.\</path>
         <kind>object</kind>
         <file>Init.obj</file>
         <name>Init.obj</name>
      </input_file>
      <input_file id="fl-7">
         <path>.\</path>
         <kind>object</kind>
         <file>DSP2833x_usDelay.obj</file>
         <name>DSP2833x_usDelay.obj</name>
      </input_file>
      <input_file id="fl-8">
         <path>.\</path>
         <kind>object</kind>
         <file>DSP2833x_SysCtrl.obj</file>
         <name>DSP2833x_SysCtrl.obj</name>
      </input_file>
      <input_file id="fl-9">
         <path>.\</path>
         <kind>object</kind>
         <file>DSP2833x_PieVect.obj</file>
         <name>DSP2833x_PieVect.obj</name>
      </input_file>
      <input_file id="fl-a">
         <path>.\</path>
         <kind>object</kind>
         <file>DSP2833x_PieCtrl.obj</file>
         <name>DSP2833x_PieCtrl.obj</name>
      </input_file>
      <input_file id="fl-b">
         <path>.\</path>
         <kind>object</kind>
         <file>DSP2833x_GlobalVariableDefs.obj</file>
         <name>DSP2833x_GlobalVariableDefs.obj</name>
      </input_file>
      <input_file id="fl-c">
         <path>.\</path>
         <kind>object</kind>
         <file>DSP2833x_DefaultIsr.obj</file>
         <name>DSP2833x_DefaultIsr.obj</name>
      </input_file>
      <input_file id="fl-d">
         <path>.\</path>
         <kind>object</kind>
         <file>DSP2833x_CodeStartBranch.obj</file>
         <name>DSP2833x_CodeStartBranch.obj</name>
      </input_file>
      <input_file id="fl-e">
         <path>.\</path>
         <kind>object</kind>
         <file>DSP2833x_Adc.obj</file>
         <name>DSP2833x_Adc.obj</name>
      </input_file>
      <input_file id="fl-f">
         <path>.\</path>
         <kind>object</kind>
         <file>DSP2833x_ADC_cal.obj</file>
         <name>DSP2833x_ADC_cal.obj</name>
      </input_file>
      <input_file id="fl-10">
         <path>.\</path>
         <kind>object</kind>
         <file>ControlPeripheral.obj</file>
         <name>ControlPeripheral.obj</name>
      </input_file>
      <input_file id="fl-20">
         <path>C:\ti\ccsv5\tools\compiler\c2000_6.2.0\lib\</path>
         <kind>archive</kind>
         <file>rts2800_fpu32.lib</file>
         <name>boot.obj</name>
      </input_file>
      <input_file id="fl-21">
         <path>C:\ti\ccsv5\tools\compiler\c2000_6.2.0\lib\</path>
         <kind>archive</kind>
         <file>rts2800_fpu32.lib</file>
         <name>exit.obj</name>
      </input_file>
      <input_file id="fl-22">
         <path>C:\ti\ccsv5\tools\compiler\c2000_6.2.0\lib\</path>
         <kind>archive</kind>
         <file>rts2800_fpu32.lib</file>
         <name>fs_div.obj</name>
      </input_file>
      <input_file id="fl-23">
         <path>C:\ti\ccsv5\tools\compiler\c2000_6.2.0\lib\</path>
         <kind>archive</kind>
         <file>rts2800_fpu32.lib</file>
         <name>i_div.obj</name>
      </input_file>
      <input_file id="fl-24">
         <path>C:\ti\ccsv5\tools\compiler\c2000_6.2.0\lib\</path>
         <kind>archive</kind>
         <file>rts2800_fpu32.lib</file>
         <name>l_div.obj</name>
      </input_file>
      <input_file id="fl-25">
         <path>C:\ti\ccsv5\tools\compiler\c2000_6.2.0\lib\</path>
         <kind>archive</kind>
         <file>rts2800_fpu32.lib</file>
         <name>_lock.obj</name>
      </input_file>
      <input_file id="fl-26">
         <path>C:\ti\ccsv5\tools\compiler\c2000_6.2.0\lib\</path>
         <kind>archive</kind>
         <file>rts2800_fpu32.lib</file>
         <name>u_div.obj</name>
      </input_file>
      <input_file id="fl-27">
         <path>C:\ti\ccsv5\tools\compiler\c2000_6.2.0\lib\</path>
         <kind>archive</kind>
         <file>rts2800_fpu32.lib</file>
         <name>args_main.obj</name>
      </input_file>
   </input_file_list>
   <object_component_list>
      <object_component id="oc-b3">
         <name>PieVectTableFile</name>
         <uninitialized>true</uninitialized>
         <run_address>0xd00</run_address>
         <size>0x100</size>
         <input_file_ref idref="fl-b"/>
      </object_component>
      <object_component id="oc-af">
         <name>DevEmuRegsFile</name>
         <uninitialized>true</uninitialized>
         <run_address>0x880</run_address>
         <size>0xd0</size>
         <input_file_ref idref="fl-b"/>
      </object_component>
      <object_component id="oc-85">
         <name>FlashRegsFile</name>
         <uninitialized>true</uninitialized>
         <run_address>0xa80</run_address>
         <size>0x8</size>
         <input_file_ref idref="fl-b"/>
      </object_component>
      <object_component id="oc-8f">
         <name>CsmRegsFile</name>
         <uninitialized>true</uninitialized>
         <run_address>0xae0</run_address>
         <size>0x10</size>
         <input_file_ref idref="fl-b"/>
      </object_component>
      <object_component id="oc-8e">
         <name>AdcMirrorFile</name>
         <uninitialized>true</uninitialized>
         <run_address>0xb00</run_address>
         <size>0x10</size>
         <input_file_ref idref="fl-b"/>
      </object_component>
      <object_component id="oc-92">
         <name>XintfRegsFile</name>
         <uninitialized>true</uninitialized>
         <run_address>0xb20</run_address>
         <size>0x1e</size>
         <input_file_ref idref="fl-b"/>
      </object_component>
      <object_component id="oc-86">
         <name>CpuTimer0RegsFile</name>
         <uninitialized>true</uninitialized>
         <run_address>0xc00</run_address>
         <size>0x8</size>
         <input_file_ref idref="fl-b"/>
      </object_component>
      <object_component id="oc-84">
         <name>CpuTimer1RegsFile</name>
         <uninitialized>true</uninitialized>
         <run_address>0xc08</run_address>
         <size>0x8</size>
         <input_file_ref idref="fl-b"/>
      </object_component>
      <object_component id="oc-83">
         <name>CpuTimer2RegsFile</name>
         <uninitialized>true</uninitialized>
         <run_address>0xc10</run_address>
         <size>0x8</size>
         <input_file_ref idref="fl-b"/>
      </object_component>
      <object_component id="oc-90">
         <name>PieCtrlRegsFile</name>
         <uninitialized>true</uninitialized>
         <run_address>0xce0</run_address>
         <size>0x1a</size>
         <input_file_ref idref="fl-b"/>
      </object_component>
      <object_component id="oc-b0">
         <name>DmaRegsFile</name>
         <uninitialized>true</uninitialized>
         <run_address>0x1000</run_address>
         <size>0xe0</size>
         <input_file_ref idref="fl-b"/>
      </object_component>
      <object_component id="oc-a2">
         <name>McbspaRegsFile</name>
         <uninitialized>true</uninitialized>
         <run_address>0x5000</run_address>
         <size>0x25</size>
         <input_file_ref idref="fl-b"/>
      </object_component>
      <object_component id="oc-a3">
         <name>McbspbRegsFile</name>
         <uninitialized>true</uninitialized>
         <run_address>0x5040</run_address>
         <size>0x25</size>
         <input_file_ref idref="fl-b"/>
      </object_component>
      <object_component id="oc-a6">
         <name>ECanaRegsFile</name>
         <uninitialized>true</uninitialized>
         <run_address>0x6000</run_address>
         <size>0x34</size>
         <input_file_ref idref="fl-b"/>
      </object_component>
      <object_component id="oc-a9">
         <name>ECanaLAMRegsFile</name>
         <uninitialized>true</uninitialized>
         <run_address>0x6040</run_address>
         <size>0x40</size>
         <input_file_ref idref="fl-b"/>
      </object_component>
      <object_component id="oc-b2">
         <name>ECanaMboxesFile</name>
         <uninitialized>true</uninitialized>
         <run_address>0x6100</run_address>
         <size>0x100</size>
         <input_file_ref idref="fl-b"/>
      </object_component>
      <object_component id="oc-aa">
         <name>ECanaMOTSRegsFile</name>
         <uninitialized>true</uninitialized>
         <run_address>0x6080</run_address>
         <size>0x40</size>
         <input_file_ref idref="fl-b"/>
      </object_component>
      <object_component id="oc-a7">
         <name>ECanaMOTORegsFile</name>
         <uninitialized>true</uninitialized>
         <run_address>0x60c0</run_address>
         <size>0x40</size>
         <input_file_ref idref="fl-b"/>
      </object_component>
      <object_component id="oc-a5">
         <name>ECanbRegsFile</name>
         <uninitialized>true</uninitialized>
         <run_address>0x6200</run_address>
         <size>0x34</size>
         <input_file_ref idref="fl-b"/>
      </object_component>
      <object_component id="oc-ad">
         <name>ECanbLAMRegsFile</name>
         <uninitialized>true</uninitialized>
         <run_address>0x6240</run_address>
         <size>0x40</size>
         <input_file_ref idref="fl-b"/>
      </object_component>
      <object_component id="oc-b1">
         <name>ECanbMboxesFile</name>
         <uninitialized>true</uninitialized>
         <run_address>0x6300</run_address>
         <size>0x100</size>
         <input_file_ref idref="fl-b"/>
      </object_component>
      <object_component id="oc-a8">
         <name>ECanbMOTSRegsFile</name>
         <uninitialized>true</uninitialized>
         <run_address>0x6280</run_address>
         <size>0x40</size>
         <input_file_ref idref="fl-b"/>
      </object_component>
      <object_component id="oc-ab">
         <name>ECanbMOTORegsFile</name>
         <uninitialized>true</uninitialized>
         <run_address>0x62c0</run_address>
         <size>0x40</size>
         <input_file_ref idref="fl-b"/>
      </object_component>
      <object_component id="oc-9d">
         <name>EPwm1RegsFile</name>
         <uninitialized>true</uninitialized>
         <run_address>0x6800</run_address>
         <size>0x22</size>
         <input_file_ref idref="fl-b"/>
      </object_component>
      <object_component id="oc-9c">
         <name>EPwm2RegsFile</name>
         <uninitialized>true</uninitialized>
         <run_address>0x6840</run_address>
         <size>0x22</size>
         <input_file_ref idref="fl-b"/>
      </object_component>
      <object_component id="oc-9e">
         <name>EPwm3RegsFile</name>
         <uninitialized>true</uninitialized>
         <run_address>0x6880</run_address>
         <size>0x22</size>
         <input_file_ref idref="fl-b"/>
      </object_component>
      <object_component id="oc-a0">
         <name>EPwm4RegsFile</name>
         <uninitialized>true</uninitialized>
         <run_address>0x68c0</run_address>
         <size>0x22</size>
         <input_file_ref idref="fl-b"/>
      </object_component>
      <object_component id="oc-9f">
         <name>EPwm5RegsFile</name>
         <uninitialized>true</uninitialized>
         <run_address>0x6900</run_address>
         <size>0x22</size>
         <input_file_ref idref="fl-b"/>
      </object_component>
      <object_component id="oc-a1">
         <name>EPwm6RegsFile</name>
         <uninitialized>true</uninitialized>
         <run_address>0x6940</run_address>
         <size>0x22</size>
         <input_file_ref idref="fl-b"/>
      </object_component>
      <object_component id="oc-99">
         <name>ECap1RegsFile</name>
         <uninitialized>true</uninitialized>
         <run_address>0x6a00</run_address>
         <size>0x20</size>
         <input_file_ref idref="fl-b"/>
      </object_component>
      <object_component id="oc-95">
         <name>ECap2RegsFile</name>
         <uninitialized>true</uninitialized>
         <run_address>0x6a20</run_address>
         <size>0x20</size>
         <input_file_ref idref="fl-b"/>
      </object_component>
      <object_component id="oc-96">
         <name>ECap3RegsFile</name>
         <uninitialized>true</uninitialized>
         <run_address>0x6a40</run_address>
         <size>0x20</size>
         <input_file_ref idref="fl-b"/>
      </object_component>
      <object_component id="oc-93">
         <name>ECap4RegsFile</name>
         <uninitialized>true</uninitialized>
         <run_address>0x6a60</run_address>
         <size>0x20</size>
         <input_file_ref idref="fl-b"/>
      </object_component>
      <object_component id="oc-94">
         <name>ECap5RegsFile</name>
         <uninitialized>true</uninitialized>
         <run_address>0x6a80</run_address>
         <size>0x20</size>
         <input_file_ref idref="fl-b"/>
      </object_component>
      <object_component id="oc-9a">
         <name>ECap6RegsFile</name>
         <uninitialized>true</uninitialized>
         <run_address>0x6aa0</run_address>
         <size>0x20</size>
         <input_file_ref idref="fl-b"/>
      </object_component>
      <object_component id="oc-ae">
         <name>EQep1RegsFile</name>
         <uninitialized>true</uninitialized>
         <run_address>0x6b00</run_address>
         <size>0x40</size>
         <input_file_ref idref="fl-b"/>
      </object_component>
      <object_component id="oc-ac">
         <name>EQep2RegsFile</name>
         <uninitialized>true</uninitialized>
         <run_address>0x6b40</run_address>
         <size>0x40</size>
         <input_file_ref idref="fl-b"/>
      </object_component>
      <object_component id="oc-a4">
         <name>GpioCtrlRegsFile</name>
         <uninitialized>true</uninitialized>
         <run_address>0x6f80</run_address>
         <size>0x2e</size>
         <input_file_ref idref="fl-b"/>
      </object_component>
      <object_component id="oc-97">
         <name>GpioDataRegsFile</name>
         <uninitialized>true</uninitialized>
         <run_address>0x6fc0</run_address>
         <size>0x20</size>
         <input_file_ref idref="fl-b"/>
      </object_component>
      <object_component id="oc-88">
         <name>GpioIntRegsFile</name>
         <uninitialized>true</uninitialized>
         <run_address>0x6fe0</run_address>
         <size>0xa</size>
         <input_file_ref idref="fl-b"/>
      </object_component>
      <object_component id="oc-98">
         <name>SysCtrlRegsFile</name>
         <uninitialized>true</uninitialized>
         <run_address>0x7010</run_address>
         <size>0x20</size>
         <input_file_ref idref="fl-b"/>
      </object_component>
      <object_component id="oc-8b">
         <name>SpiaRegsFile</name>
         <uninitialized>true</uninitialized>
         <run_address>0x7040</run_address>
         <size>0x10</size>
         <input_file_ref idref="fl-b"/>
      </object_component>
      <object_component id="oc-8c">
         <name>SciaRegsFile</name>
         <uninitialized>true</uninitialized>
         <run_address>0x7050</run_address>
         <size>0x10</size>
         <input_file_ref idref="fl-b"/>
      </object_component>
      <object_component id="oc-8d">
         <name>XIntruptRegsFile</name>
         <uninitialized>true</uninitialized>
         <run_address>0x7070</run_address>
         <size>0x10</size>
         <input_file_ref idref="fl-b"/>
      </object_component>
      <object_component id="oc-91">
         <name>AdcRegsFile</name>
         <uninitialized>true</uninitialized>
         <run_address>0x7100</run_address>
         <size>0x1e</size>
         <input_file_ref idref="fl-b"/>
      </object_component>
      <object_component id="oc-8a">
         <name>ScibRegsFile</name>
         <uninitialized>true</uninitialized>
         <run_address>0x7750</run_address>
         <size>0x10</size>
         <input_file_ref idref="fl-b"/>
      </object_component>
      <object_component id="oc-89">
         <name>ScicRegsFile</name>
         <uninitialized>true</uninitialized>
         <run_address>0x7770</run_address>
         <size>0x10</size>
         <input_file_ref idref="fl-b"/>
      </object_component>
      <object_component id="oc-9b">
         <name>I2caRegsFile</name>
         <uninitialized>true</uninitialized>
         <run_address>0x7900</run_address>
         <size>0x22</size>
         <input_file_ref idref="fl-b"/>
      </object_component>
      <object_component id="oc-87">
         <name>CsmPwlFile</name>
         <uninitialized>true</uninitialized>
         <run_address>0x33fff8</run_address>
         <size>0x8</size>
         <input_file_ref idref="fl-b"/>
      </object_component>
      <object_component id="oc-4d">
         <name>.cinit</name>
         <load_address>0x33a568</load_address>
         <run_address>0x33a568</run_address>
         <size>0x8c</size>
         <input_file_ref idref="fl-2"/>
      </object_component>
      <object_component id="oc-59">
         <name>.cinit</name>
         <load_address>0x33a5f4</load_address>
         <run_address>0x33a5f4</run_address>
         <size>0x2a</size>
         <input_file_ref idref="fl-4"/>
      </object_component>
      <object_component id="oc-e7">
         <name>.cinit</name>
         <load_address>0x33a61e</load_address>
         <run_address>0x33a61e</run_address>
         <size>0xa</size>
         <input_file_ref idref="fl-25"/>
      </object_component>
      <object_component id="oc-d4">
         <name>.cinit</name>
         <load_address>0x33a628</load_address>
         <run_address>0x33a628</run_address>
         <size>0xa</size>
         <input_file_ref idref="fl-21"/>
      </object_component>
      <object_component id="oc-62">
         <name>.cinit</name>
         <load_address>0x33a632</load_address>
         <run_address>0x33a632</run_address>
         <size>0x9</size>
         <input_file_ref idref="fl-5"/>
      </object_component>
      <object_component id="oc-52">
         <name>.cinit</name>
         <load_address>0x33a63b</load_address>
         <run_address>0x33a63b</run_address>
         <size>0x4</size>
         <input_file_ref idref="fl-3"/>
      </object_component>
      <object_component id="oc-60">
         <name>.text</name>
         <load_address>0x338000</load_address>
         <run_address>0x338000</run_address>
         <size>0x968</size>
         <input_file_ref idref="fl-5"/>
      </object_component>
      <object_component id="oc-64">
         <name>.text:retain</name>
         <load_address>0x338968</load_address>
         <run_address>0x338968</run_address>
         <size>0x672</size>
         <input_file_ref idref="fl-5"/>
      </object_component>
      <object_component id="oc-50">
         <name>.text</name>
         <load_address>0x338fda</load_address>
         <run_address>0x338fda</run_address>
         <size>0x538</size>
         <input_file_ref idref="fl-3"/>
      </object_component>
      <object_component id="oc-57">
         <name>.text</name>
         <load_address>0x339512</load_address>
         <run_address>0x339512</run_address>
         <size>0x3e9</size>
         <input_file_ref idref="fl-4"/>
      </object_component>
      <object_component id="oc-b6">
         <name>.text:retain</name>
         <load_address>0x3398fb</load_address>
         <run_address>0x3398fb</run_address>
         <size>0x316</size>
         <input_file_ref idref="fl-c"/>
      </object_component>
      <object_component id="oc-68">
         <name>.text</name>
         <load_address>0x339c11</load_address>
         <run_address>0x339c11</run_address>
         <size>0x2d2</size>
         <input_file_ref idref="fl-6"/>
      </object_component>
      <object_component id="oc-c8">
         <name>.text</name>
         <load_address>0x339ee3</load_address>
         <run_address>0x339ee3</run_address>
         <size>0x228</size>
         <input_file_ref idref="fl-10"/>
      </object_component>
      <object_component id="oc-71">
         <name>.text</name>
         <load_address>0x33a10b</load_address>
         <run_address>0x33a10b</run_address>
         <size>0xf3</size>
         <input_file_ref idref="fl-8"/>
      </object_component>
      <object_component id="oc-5b">
         <name>.text:retain</name>
         <load_address>0x33a1fe</load_address>
         <run_address>0x33a1fe</run_address>
         <size>0x9c</size>
         <input_file_ref idref="fl-4"/>
      </object_component>
      <object_component id="oc-d9">
         <name>.text</name>
         <load_address>0x33a29a</load_address>
         <run_address>0x33a29a</run_address>
         <size>0x88</size>
         <input_file_ref idref="fl-22"/>
      </object_component>
      <object_component id="oc-4b">
         <name>.text</name>
         <load_address>0x33a322</load_address>
         <run_address>0x33a322</run_address>
         <size>0x46</size>
         <input_file_ref idref="fl-20"/>
      </object_component>
      <object_component id="oc-e1">
         <name>.text</name>
         <load_address>0x33a368</load_address>
         <run_address>0x33a368</run_address>
         <size>0x2a</size>
         <input_file_ref idref="fl-24"/>
      </object_component>
      <object_component id="oc-7d">
         <name>.text</name>
         <load_address>0x33a392</load_address>
         <run_address>0x33a392</run_address>
         <size>0x28</size>
         <input_file_ref idref="fl-a"/>
      </object_component>
      <object_component id="oc-dd">
         <name>.text</name>
         <load_address>0x33a3ba</load_address>
         <run_address>0x33a3ba</run_address>
         <size>0x22</size>
         <input_file_ref idref="fl-23"/>
      </object_component>
      <object_component id="oc-77">
         <name>.text</name>
         <load_address>0x33a3dc</load_address>
         <run_address>0x33a3dc</run_address>
         <size>0x20</size>
         <input_file_ref idref="fl-9"/>
      </object_component>
      <object_component id="oc-f0">
         <name>.text</name>
         <load_address>0x33a3fc</load_address>
         <run_address>0x33a3fc</run_address>
         <size>0x19</size>
         <input_file_ref idref="fl-27"/>
      </object_component>
      <object_component id="oc-d2">
         <name>.text</name>
         <load_address>0x33a415</load_address>
         <run_address>0x33a415</run_address>
         <size>0x19</size>
         <input_file_ref idref="fl-21"/>
      </object_component>
      <object_component id="oc-bf">
         <name>.text</name>
         <load_address>0x33a42e</load_address>
         <run_address>0x33a42e</run_address>
         <size>0x14</size>
         <input_file_ref idref="fl-e"/>
      </object_component>
      <object_component id="oc-ec">
         <name>.text</name>
         <load_address>0x33a442</load_address>
         <run_address>0x33a442</run_address>
         <size>0xb</size>
         <input_file_ref idref="fl-26"/>
      </object_component>
      <object_component id="oc-e5">
         <name>.text</name>
         <load_address>0x33a44d</load_address>
         <run_address>0x33a44d</run_address>
         <size>0x9</size>
         <input_file_ref idref="fl-25"/>
      </object_component>
      <object_component id="oc-ba">
         <name>.text</name>
         <load_address>0x33a456</load_address>
         <run_address>0x33a456</run_address>
         <size>0x8</size>
         <input_file_ref idref="fl-d"/>
      </object_component>
      <object_component id="oc-bb">
         <name>codestart</name>
         <load_address>0x33fff6</load_address>
         <run_address>0x33fff6</run_address>
         <size>0x2</size>
         <input_file_ref idref="fl-d"/>
      </object_component>
      <object_component id="oc-73">
         <name>ramfuncs</name>
         <load_address>0x320000</load_address>
         <run_address>0x8000</run_address>
         <size>0x1b</size>
         <input_file_ref idref="fl-8"/>
      </object_component>
      <object_component id="oc-6d">
         <name>ramfuncs</name>
         <load_address>0x32001b</load_address>
         <run_address>0x801b</run_address>
         <size>0x4</size>
         <input_file_ref idref="fl-7"/>
      </object_component>
      <object_component id="oc-cd">
         <name>.stack</name>
         <uninitialized>true</uninitialized>
         <run_address>0x400</run_address>
         <size>0x0</size>
         <input_file_ref idref="fl-20"/>
      </object_component>
      <object_component id="oc-147">
         <name>.stack</name>
         <uninitialized>true</uninitialized>
         <run_address>0x400</run_address>
         <size>0x0</size>
      </object_component>
      <object_component id="oc-4e">
         <name>.ebss</name>
         <uninitialized>true</uninitialized>
         <run_address>0xc000</run_address>
         <size>0x208</size>
         <input_file_ref idref="fl-2"/>
      </object_component>
      <object_component id="oc-53">
         <name>.ebss</name>
         <uninitialized>true</uninitialized>
         <run_address>0xc214</run_address>
         <size>0x1</size>
         <input_file_ref idref="fl-3"/>
      </object_component>
      <object_component id="oc-5a">
         <name>.ebss</name>
         <uninitialized>true</uninitialized>
         <run_address>0xc240</run_address>
         <size>0x73</size>
         <input_file_ref idref="fl-4"/>
      </object_component>
      <object_component id="oc-63">
         <name>.ebss</name>
         <uninitialized>true</uninitialized>
         <run_address>0xc208</run_address>
         <size>0x4</size>
         <input_file_ref idref="fl-5"/>
      </object_component>
      <object_component id="oc-d5">
         <name>.ebss</name>
         <uninitialized>true</uninitialized>
         <run_address>0xc210</run_address>
         <size>0x4</size>
         <input_file_ref idref="fl-21"/>
      </object_component>
      <object_component id="oc-e8">
         <name>.ebss</name>
         <uninitialized>true</uninitialized>
         <run_address>0xc20c</run_address>
         <size>0x4</size>
         <input_file_ref idref="fl-25"/>
      </object_component>
      <object_component id="oc-79">
         <name>.econst</name>
         <load_address>0x33a45e</load_address>
         <run_address>0x33a45e</run_address>
         <size>0x100</size>
         <input_file_ref idref="fl-9"/>
      </object_component>
      <object_component id="oc-5c">
         <name>.econst:.string</name>
         <load_address>0x33a55e</load_address>
         <run_address>0x33a55e</run_address>
         <size>0xa</size>
         <input_file_ref idref="fl-4"/>
      </object_component>
      <object_component id="oc-ce">
         <name>.reset</name>
         <load_address>0x3fffc0</load_address>
         <run_address>0x3fffc0</run_address>
         <size>0x2</size>
         <input_file_ref idref="fl-20"/>
      </object_component>
      <object_component id="oc-c4">
         <name>.adc_cal</name>
         <load_address>0x380080</load_address>
         <run_address>0x380080</run_address>
         <size>0x7</size>
         <input_file_ref idref="fl-f"/>
      </object_component>
      <object_component id="oc-4c">
         <name>.debug_info</name>
         <load_address>0x0</load_address>
         <run_address>0x0</run_address>
         <size>0x174f</size>
         <input_file_ref idref="fl-2"/>
      </object_component>
      <object_component id="oc-51">
         <name>.debug_info</name>
         <load_address>0x174f</load_address>
         <run_address>0x174f</run_address>
         <size>0x3980</size>
         <input_file_ref idref="fl-3"/>
      </object_component>
      <object_component id="oc-58">
         <name>.debug_info</name>
         <load_address>0x50cf</load_address>
         <run_address>0x50cf</run_address>
         <size>0x4941</size>
         <input_file_ref idref="fl-4"/>
      </object_component>
      <object_component id="oc-61">
         <name>.debug_info</name>
         <load_address>0x9a10</load_address>
         <run_address>0x9a10</run_address>
         <size>0x6539</size>
         <input_file_ref idref="fl-5"/>
      </object_component>
      <object_component id="oc-69">
         <name>.debug_info</name>
         <load_address>0xff49</load_address>
         <run_address>0xff49</run_address>
         <size>0x6b25</size>
         <input_file_ref idref="fl-6"/>
      </object_component>
      <object_component id="oc-6e">
         <name>.debug_info</name>
         <load_address>0x16a6e</load_address>
         <run_address>0x16a6e</run_address>
         <size>0xe3</size>
         <input_file_ref idref="fl-7"/>
      </object_component>
      <object_component id="oc-72">
         <name>.debug_info</name>
         <load_address>0x16b51</load_address>
         <run_address>0x16b51</run_address>
         <size>0x1ecb</size>
         <input_file_ref idref="fl-8"/>
      </object_component>
      <object_component id="oc-78">
         <name>.debug_info</name>
         <load_address>0x18a1c</load_address>
         <run_address>0x18a1c</run_address>
         <size>0x228b</size>
         <input_file_ref idref="fl-9"/>
      </object_component>
      <object_component id="oc-7e">
         <name>.debug_info</name>
         <load_address>0x1aca7</load_address>
         <run_address>0x1aca7</run_address>
         <size>0xb19</size>
         <input_file_ref idref="fl-a"/>
      </object_component>
      <object_component id="oc-82">
         <name>.debug_info</name>
         <load_address>0x1b7c0</load_address>
         <run_address>0x1b7c0</run_address>
         <size>0x12d97</size>
         <input_file_ref idref="fl-b"/>
      </object_component>
      <object_component id="oc-b5">
         <name>.debug_info</name>
         <load_address>0x2e557</load_address>
         <run_address>0x2e557</run_address>
         <size>0x2008</size>
         <input_file_ref idref="fl-c"/>
      </object_component>
      <object_component id="oc-bc">
         <name>.debug_info</name>
         <load_address>0x3055f</load_address>
         <run_address>0x3055f</run_address>
         <size>0x120</size>
         <input_file_ref idref="fl-d"/>
      </object_component>
      <object_component id="oc-c0">
         <name>.debug_info</name>
         <load_address>0x3067f</load_address>
         <run_address>0x3067f</run_address>
         <size>0x1d9a</size>
         <input_file_ref idref="fl-e"/>
      </object_component>
      <object_component id="oc-c5">
         <name>.debug_info</name>
         <load_address>0x32419</load_address>
         <run_address>0x32419</run_address>
         <size>0xe3</size>
         <input_file_ref idref="fl-f"/>
      </object_component>
      <object_component id="oc-c9">
         <name>.debug_info</name>
         <load_address>0x324fc</load_address>
         <run_address>0x324fc</run_address>
         <size>0x3da5</size>
         <input_file_ref idref="fl-10"/>
      </object_component>
      <object_component id="oc-cf">
         <name>.debug_info</name>
         <load_address>0x362a1</load_address>
         <run_address>0x362a1</run_address>
         <size>0xde</size>
         <input_file_ref idref="fl-20"/>
      </object_component>
      <object_component id="oc-d3">
         <name>.debug_info</name>
         <load_address>0x3637f</load_address>
         <run_address>0x3637f</run_address>
         <size>0x488</size>
         <input_file_ref idref="fl-21"/>
      </object_component>
      <object_component id="oc-da">
         <name>.debug_info</name>
         <load_address>0x36807</load_address>
         <run_address>0x36807</run_address>
         <size>0xc0</size>
         <input_file_ref idref="fl-22"/>
      </object_component>
      <object_component id="oc-de">
         <name>.debug_info</name>
         <load_address>0x368c7</load_address>
         <run_address>0x368c7</run_address>
         <size>0xeb</size>
         <input_file_ref idref="fl-23"/>
      </object_component>
      <object_component id="oc-e2">
         <name>.debug_info</name>
         <load_address>0x369b2</load_address>
         <run_address>0x369b2</run_address>
         <size>0x14b</size>
         <input_file_ref idref="fl-24"/>
      </object_component>
      <object_component id="oc-e6">
         <name>.debug_info</name>
         <load_address>0x36afd</load_address>
         <run_address>0x36afd</run_address>
         <size>0x4ae</size>
         <input_file_ref idref="fl-25"/>
      </object_component>
      <object_component id="oc-ed">
         <name>.debug_info</name>
         <load_address>0x36fab</load_address>
         <run_address>0x36fab</run_address>
         <size>0xeb</size>
         <input_file_ref idref="fl-26"/>
      </object_component>
      <object_component id="oc-f1">
         <name>.debug_info</name>
         <load_address>0x37096</load_address>
         <run_address>0x37096</run_address>
         <size>0x46f</size>
         <input_file_ref idref="fl-27"/>
      </object_component>
      <object_component id="oc-148">
         <name>.debug_info</name>
         <load_address>0x37505</load_address>
         <run_address>0x37505</run_address>
         <size>0x6f</size>
      </object_component>
      <object_component id="oc-4f">
         <name>.debug_abbrev</name>
         <load_address>0x0</load_address>
         <run_address>0x0</run_address>
         <size>0x6d</size>
         <input_file_ref idref="fl-2"/>
      </object_component>
      <object_component id="oc-56">
         <name>.debug_abbrev</name>
         <load_address>0x6d</load_address>
         <run_address>0x6d</run_address>
         <size>0x18d</size>
         <input_file_ref idref="fl-3"/>
      </object_component>
      <object_component id="oc-5f">
         <name>.debug_abbrev</name>
         <load_address>0x1fa</load_address>
         <run_address>0x1fa</run_address>
         <size>0x1c0</size>
         <input_file_ref idref="fl-4"/>
      </object_component>
      <object_component id="oc-67">
         <name>.debug_abbrev</name>
         <load_address>0x3ba</load_address>
         <run_address>0x3ba</run_address>
         <size>0x1cc</size>
         <input_file_ref idref="fl-5"/>
      </object_component>
      <object_component id="oc-6c">
         <name>.debug_abbrev</name>
         <load_address>0x586</load_address>
         <run_address>0x586</run_address>
         <size>0x164</size>
         <input_file_ref idref="fl-6"/>
      </object_component>
      <object_component id="oc-70">
         <name>.debug_abbrev</name>
         <load_address>0x6ea</load_address>
         <run_address>0x6ea</run_address>
         <size>0x2c</size>
         <input_file_ref idref="fl-7"/>
      </object_component>
      <object_component id="oc-76">
         <name>.debug_abbrev</name>
         <load_address>0x716</load_address>
         <run_address>0x716</run_address>
         <size>0x166</size>
         <input_file_ref idref="fl-8"/>
      </object_component>
      <object_component id="oc-7c">
         <name>.debug_abbrev</name>
         <load_address>0x87c</load_address>
         <run_address>0x87c</run_address>
         <size>0x107</size>
         <input_file_ref idref="fl-9"/>
      </object_component>
      <object_component id="oc-81">
         <name>.debug_abbrev</name>
         <load_address>0x983</load_address>
         <run_address>0x983</run_address>
         <size>0xbb</size>
         <input_file_ref idref="fl-a"/>
      </object_component>
      <object_component id="oc-b4">
         <name>.debug_abbrev</name>
         <load_address>0xa3e</load_address>
         <run_address>0xa3e</run_address>
         <size>0xb3</size>
         <input_file_ref idref="fl-b"/>
      </object_component>
      <object_component id="oc-b9">
         <name>.debug_abbrev</name>
         <load_address>0xaf1</load_address>
         <run_address>0xaf1</run_address>
         <size>0xa1</size>
         <input_file_ref idref="fl-c"/>
      </object_component>
      <object_component id="oc-be">
         <name>.debug_abbrev</name>
         <load_address>0xb92</load_address>
         <run_address>0xb92</run_address>
         <size>0x20</size>
         <input_file_ref idref="fl-d"/>
      </object_component>
      <object_component id="oc-c3">
         <name>.debug_abbrev</name>
         <load_address>0xbb2</load_address>
         <run_address>0xbb2</run_address>
         <size>0xfe</size>
         <input_file_ref idref="fl-e"/>
      </object_component>
      <object_component id="oc-c7">
         <name>.debug_abbrev</name>
         <load_address>0xcb0</load_address>
         <run_address>0xcb0</run_address>
         <size>0x2c</size>
         <input_file_ref idref="fl-f"/>
      </object_component>
      <object_component id="oc-cc">
         <name>.debug_abbrev</name>
         <load_address>0xcdc</load_address>
         <run_address>0xcdc</run_address>
         <size>0x10c</size>
         <input_file_ref idref="fl-10"/>
      </object_component>
      <object_component id="oc-d1">
         <name>.debug_abbrev</name>
         <load_address>0xde8</load_address>
         <run_address>0xde8</run_address>
         <size>0x43</size>
         <input_file_ref idref="fl-20"/>
      </object_component>
      <object_component id="oc-d8">
         <name>.debug_abbrev</name>
         <load_address>0xe2b</load_address>
         <run_address>0xe2b</run_address>
         <size>0x10c</size>
         <input_file_ref idref="fl-21"/>
      </object_component>
      <object_component id="oc-dc">
         <name>.debug_abbrev</name>
         <load_address>0xf37</load_address>
         <run_address>0xf37</run_address>
         <size>0x35</size>
         <input_file_ref idref="fl-22"/>
      </object_component>
      <object_component id="oc-e0">
         <name>.debug_abbrev</name>
         <load_address>0xf6c</load_address>
         <run_address>0xf6c</run_address>
         <size>0x35</size>
         <input_file_ref idref="fl-23"/>
      </object_component>
      <object_component id="oc-e4">
         <name>.debug_abbrev</name>
         <load_address>0xfa1</load_address>
         <run_address>0xfa1</run_address>
         <size>0x35</size>
         <input_file_ref idref="fl-24"/>
      </object_component>
      <object_component id="oc-eb">
         <name>.debug_abbrev</name>
         <load_address>0xfd6</load_address>
         <run_address>0xfd6</run_address>
         <size>0xa9</size>
         <input_file_ref idref="fl-25"/>
      </object_component>
      <object_component id="oc-ef">
         <name>.debug_abbrev</name>
         <load_address>0x107f</load_address>
         <run_address>0x107f</run_address>
         <size>0x35</size>
         <input_file_ref idref="fl-26"/>
      </object_component>
      <object_component id="oc-f4">
         <name>.debug_abbrev</name>
         <load_address>0x10b4</load_address>
         <run_address>0x10b4</run_address>
         <size>0xed</size>
         <input_file_ref idref="fl-27"/>
      </object_component>
      <object_component id="oc-149">
         <name>.debug_abbrev</name>
         <load_address>0x11a1</load_address>
         <run_address>0x11a1</run_address>
         <size>0xd</size>
      </object_component>
      <object_component id="oc-54">
         <name>.debug_frame</name>
         <load_address>0x0</load_address>
         <run_address>0x0</run_address>
         <size>0x11f</size>
         <input_file_ref idref="fl-3"/>
      </object_component>
      <object_component id="oc-5d">
         <name>.debug_frame</name>
         <load_address>0x11f</load_address>
         <run_address>0x11f</run_address>
         <size>0x33e</size>
         <input_file_ref idref="fl-4"/>
      </object_component>
      <object_component id="oc-65">
         <name>.debug_frame</name>
         <load_address>0x45d</load_address>
         <run_address>0x45d</run_address>
         <size>0x421</size>
         <input_file_ref idref="fl-5"/>
      </object_component>
      <object_component id="oc-6a">
         <name>.debug_frame</name>
         <load_address>0x87e</load_address>
         <run_address>0x87e</run_address>
         <size>0x175</size>
         <input_file_ref idref="fl-6"/>
      </object_component>
      <object_component id="oc-74">
         <name>.debug_frame</name>
         <load_address>0x9f3</load_address>
         <run_address>0x9f3</run_address>
         <size>0x144</size>
         <input_file_ref idref="fl-8"/>
      </object_component>
      <object_component id="oc-7a">
         <name>.debug_frame</name>
         <load_address>0xb37</load_address>
         <run_address>0xb37</run_address>
         <size>0xac</size>
         <input_file_ref idref="fl-9"/>
      </object_component>
      <object_component id="oc-7f">
         <name>.debug_frame</name>
         <load_address>0xbe3</load_address>
         <run_address>0xbe3</run_address>
         <size>0xbe</size>
         <input_file_ref idref="fl-a"/>
      </object_component>
      <object_component id="oc-b7">
         <name>.debug_frame</name>
         <load_address>0xca1</load_address>
         <run_address>0xca1</run_address>
         <size>0xce6</size>
         <input_file_ref idref="fl-c"/>
      </object_component>
      <object_component id="oc-c1">
         <name>.debug_frame</name>
         <load_address>0x1987</load_address>
         <run_address>0x1987</run_address>
         <size>0xa6</size>
         <input_file_ref idref="fl-e"/>
      </object_component>
      <object_component id="oc-ca">
         <name>.debug_frame</name>
         <load_address>0x1a2d</load_address>
         <run_address>0x1a2d</run_address>
         <size>0x205</size>
         <input_file_ref idref="fl-10"/>
      </object_component>
      <object_component id="oc-d6">
         <name>.debug_frame</name>
         <load_address>0x1c32</load_address>
         <run_address>0x1c32</run_address>
         <size>0xc7</size>
         <input_file_ref idref="fl-21"/>
      </object_component>
      <object_component id="oc-e9">
         <name>.debug_frame</name>
         <load_address>0x1cf9</load_address>
         <run_address>0x1cf9</run_address>
         <size>0xd6</size>
         <input_file_ref idref="fl-25"/>
      </object_component>
      <object_component id="oc-f2">
         <name>.debug_frame</name>
         <load_address>0x1dcf</load_address>
         <run_address>0x1dcf</run_address>
         <size>0xa6</size>
         <input_file_ref idref="fl-27"/>
      </object_component>
      <object_component id="oc-55">
         <name>.debug_line</name>
         <load_address>0x0</load_address>
         <run_address>0x0</run_address>
         <size>0x1f3</size>
         <input_file_ref idref="fl-3"/>
      </object_component>
      <object_component id="oc-5e">
         <name>.debug_line</name>
         <load_address>0x1f3</load_address>
         <run_address>0x1f3</run_address>
         <size>0x40c</size>
         <input_file_ref idref="fl-4"/>
      </object_component>
      <object_component id="oc-66">
         <name>.debug_line</name>
         <load_address>0x5ff</load_address>
         <run_address>0x5ff</run_address>
         <size>0x59f</size>
         <input_file_ref idref="fl-5"/>
      </object_component>
      <object_component id="oc-6b">
         <name>.debug_line</name>
         <load_address>0xb9e</load_address>
         <run_address>0xb9e</run_address>
         <size>0x1ff</size>
         <input_file_ref idref="fl-6"/>
      </object_component>
      <object_component id="oc-6f">
         <name>.debug_line</name>
         <load_address>0xd9d</load_address>
         <run_address>0xd9d</run_address>
         <size>0x45</size>
         <input_file_ref idref="fl-7"/>
      </object_component>
      <object_component id="oc-75">
         <name>.debug_line</name>
         <load_address>0xde2</load_address>
         <run_address>0xde2</run_address>
         <size>0x162</size>
         <input_file_ref idref="fl-8"/>
      </object_component>
      <object_component id="oc-7b">
         <name>.debug_line</name>
         <load_address>0xf44</load_address>
         <run_address>0xf44</run_address>
         <size>0x65</size>
         <input_file_ref idref="fl-9"/>
      </object_component>
      <object_component id="oc-80">
         <name>.debug_line</name>
         <load_address>0xfa9</load_address>
         <run_address>0xfa9</run_address>
         <size>0x83</size>
         <input_file_ref idref="fl-a"/>
      </object_component>
      <object_component id="oc-b8">
         <name>.debug_line</name>
         <load_address>0x102c</load_address>
         <run_address>0x102c</run_address>
         <size>0x74b</size>
         <input_file_ref idref="fl-c"/>
      </object_component>
      <object_component id="oc-bd">
         <name>.debug_line</name>
         <load_address>0x1777</load_address>
         <run_address>0x1777</run_address>
         <size>0x5e</size>
         <input_file_ref idref="fl-d"/>
      </object_component>
      <object_component id="oc-c2">
         <name>.debug_line</name>
         <load_address>0x17d5</load_address>
         <run_address>0x17d5</run_address>
         <size>0x4e</size>
         <input_file_ref idref="fl-e"/>
      </object_component>
      <object_component id="oc-c6">
         <name>.debug_line</name>
         <load_address>0x1823</load_address>
         <run_address>0x1823</run_address>
         <size>0x46</size>
         <input_file_ref idref="fl-f"/>
      </object_component>
      <object_component id="oc-cb">
         <name>.debug_line</name>
         <load_address>0x1869</load_address>
         <run_address>0x1869</run_address>
         <size>0x2b8</size>
         <input_file_ref idref="fl-10"/>
      </object_component>
      <object_component id="oc-d0">
         <name>.debug_line</name>
         <load_address>0x1b21</load_address>
         <run_address>0x1b21</run_address>
         <size>0x71</size>
         <input_file_ref idref="fl-20"/>
      </object_component>
      <object_component id="oc-d7">
         <name>.debug_line</name>
         <load_address>0x1b92</load_address>
         <run_address>0x1b92</run_address>
         <size>0x62</size>
         <input_file_ref idref="fl-21"/>
      </object_component>
      <object_component id="oc-db">
         <name>.debug_line</name>
         <load_address>0x1bf4</load_address>
         <run_address>0x1bf4</run_address>
         <size>0xaa</size>
         <input_file_ref idref="fl-22"/>
      </object_component>
      <object_component id="oc-df">
         <name>.debug_line</name>
         <load_address>0x1c9e</load_address>
         <run_address>0x1c9e</run_address>
         <size>0x66</size>
         <input_file_ref idref="fl-23"/>
      </object_component>
      <object_component id="oc-e3">
         <name>.debug_line</name>
         <load_address>0x1d04</load_address>
         <run_address>0x1d04</run_address>
         <size>0x8b</size>
         <input_file_ref idref="fl-24"/>
      </object_component>
      <object_component id="oc-ea">
         <name>.debug_line</name>
         <load_address>0x1d8f</load_address>
         <run_address>0x1d8f</run_address>
         <size>0x5b</size>
         <input_file_ref idref="fl-25"/>
      </object_component>
      <object_component id="oc-ee">
         <name>.debug_line</name>
         <load_address>0x1dea</load_address>
         <run_address>0x1dea</run_address>
         <size>0x4c</size>
         <input_file_ref idref="fl-26"/>
      </object_component>
      <object_component id="oc-f3">
         <name>.debug_line</name>
         <load_address>0x1e36</load_address>
         <run_address>0x1e36</run_address>
         <size>0x50</size>
         <input_file_ref idref="fl-27"/>
      </object_component>
   </object_component_list>
   <logical_group_list>
      <logical_group id="lg-2" display="no" color="cyan">
         <name>PieVectTableFile</name>
         <run_address>0xd00</run_address>
         <size>0x100</size>
         <contents>
            <object_component_ref idref="oc-b3"/>
         </contents>
      </logical_group>
      <logical_group id="lg-3" display="no" color="cyan">
         <name>DevEmuRegsFile</name>
         <run_address>0x880</run_address>
         <size>0xd0</size>
         <contents>
            <object_component_ref idref="oc-af"/>
         </contents>
      </logical_group>
      <logical_group id="lg-4" display="no" color="cyan">
         <name>FlashRegsFile</name>
         <run_address>0xa80</run_address>
         <size>0x8</size>
         <contents>
            <object_component_ref idref="oc-85"/>
         </contents>
      </logical_group>
      <logical_group id="lg-5" display="no" color="cyan">
         <name>CsmRegsFile</name>
         <run_address>0xae0</run_address>
         <size>0x10</size>
         <contents>
            <object_component_ref idref="oc-8f"/>
         </contents>
      </logical_group>
      <logical_group id="lg-6" display="no" color="cyan">
         <name>AdcMirrorFile</name>
         <run_address>0xb00</run_address>
         <size>0x10</size>
         <contents>
            <object_component_ref idref="oc-8e"/>
         </contents>
      </logical_group>
      <logical_group id="lg-7" display="no" color="cyan">
         <name>XintfRegsFile</name>
         <run_address>0xb20</run_address>
         <size>0x1e</size>
         <contents>
            <object_component_ref idref="oc-92"/>
         </contents>
      </logical_group>
      <logical_group id="lg-8" display="no" color="cyan">
         <name>CpuTimer0RegsFile</name>
         <run_address>0xc00</run_address>
         <size>0x8</size>
         <contents>
            <object_component_ref idref="oc-86"/>
         </contents>
      </logical_group>
      <logical_group id="lg-9" display="no" color="cyan">
         <name>CpuTimer1RegsFile</name>
         <run_address>0xc08</run_address>
         <size>0x8</size>
         <contents>
            <object_component_ref idref="oc-84"/>
         </contents>
      </logical_group>
      <logical_group id="lg-a" display="no" color="cyan">
         <name>CpuTimer2RegsFile</name>
         <run_address>0xc10</run_address>
         <size>0x8</size>
         <contents>
            <object_component_ref idref="oc-83"/>
         </contents>
      </logical_group>
      <logical_group id="lg-b" display="no" color="cyan">
         <name>PieCtrlRegsFile</name>
         <run_address>0xce0</run_address>
         <size>0x1a</size>
         <contents>
            <object_component_ref idref="oc-90"/>
         </contents>
      </logical_group>
      <logical_group id="lg-c" display="no" color="cyan">
         <name>DmaRegsFile</name>
         <run_address>0x1000</run_address>
         <size>0xe0</size>
         <contents>
            <object_component_ref idref="oc-b0"/>
         </contents>
      </logical_group>
      <logical_group id="lg-d" display="no" color="cyan">
         <name>McbspaRegsFile</name>
         <run_address>0x5000</run_address>
         <size>0x25</size>
         <contents>
            <object_component_ref idref="oc-a2"/>
         </contents>
      </logical_group>
      <logical_group id="lg-e" display="no" color="cyan">
         <name>McbspbRegsFile</name>
         <run_address>0x5040</run_address>
         <size>0x25</size>
         <contents>
            <object_component_ref idref="oc-a3"/>
         </contents>
      </logical_group>
      <logical_group id="lg-f" display="no" color="cyan">
         <name>ECanaRegsFile</name>
         <run_address>0x6000</run_address>
         <size>0x34</size>
         <contents>
            <object_component_ref idref="oc-a6"/>
         </contents>
      </logical_group>
      <logical_group id="lg-10" display="no" color="cyan">
         <name>ECanaLAMRegsFile</name>
         <run_address>0x6040</run_address>
         <size>0x40</size>
         <contents>
            <object_component_ref idref="oc-a9"/>
         </contents>
      </logical_group>
      <logical_group id="lg-11" display="no" color="cyan">
         <name>ECanaMboxesFile</name>
         <run_address>0x6100</run_address>
         <size>0x100</size>
         <contents>
            <object_component_ref idref="oc-b2"/>
         </contents>
      </logical_group>
      <logical_group id="lg-12" display="no" color="cyan">
         <name>ECanaMOTSRegsFile</name>
         <run_address>0x6080</run_address>
         <size>0x40</size>
         <contents>
            <object_component_ref idref="oc-aa"/>
         </contents>
      </logical_group>
      <logical_group id="lg-13" display="no" color="cyan">
         <name>ECanaMOTORegsFile</name>
         <run_address>0x60c0</run_address>
         <size>0x40</size>
         <contents>
            <object_component_ref idref="oc-a7"/>
         </contents>
      </logical_group>
      <logical_group id="lg-14" display="no" color="cyan">
         <name>ECanbRegsFile</name>
         <run_address>0x6200</run_address>
         <size>0x34</size>
         <contents>
            <object_component_ref idref="oc-a5"/>
         </contents>
      </logical_group>
      <logical_group id="lg-15" display="no" color="cyan">
         <name>ECanbLAMRegsFile</name>
         <run_address>0x6240</run_address>
         <size>0x40</size>
         <contents>
            <object_component_ref idref="oc-ad"/>
         </contents>
      </logical_group>
      <logical_group id="lg-16" display="no" color="cyan">
         <name>ECanbMboxesFile</name>
         <run_address>0x6300</run_address>
         <size>0x100</size>
         <contents>
            <object_component_ref idref="oc-b1"/>
         </contents>
      </logical_group>
      <logical_group id="lg-17" display="no" color="cyan">
         <name>ECanbMOTSRegsFile</name>
         <run_address>0x6280</run_address>
         <size>0x40</size>
         <contents>
            <object_component_ref idref="oc-a8"/>
         </contents>
      </logical_group>
      <logical_group id="lg-18" display="no" color="cyan">
         <name>ECanbMOTORegsFile</name>
         <run_address>0x62c0</run_address>
         <size>0x40</size>
         <contents>
            <object_component_ref idref="oc-ab"/>
         </contents>
      </logical_group>
      <logical_group id="lg-19" display="no" color="cyan">
         <name>EPwm1RegsFile</name>
         <run_address>0x6800</run_address>
         <size>0x22</size>
         <contents>
            <object_component_ref idref="oc-9d"/>
         </contents>
      </logical_group>
      <logical_group id="lg-1a" display="no" color="cyan">
         <name>EPwm2RegsFile</name>
         <run_address>0x6840</run_address>
         <size>0x22</size>
         <contents>
            <object_component_ref idref="oc-9c"/>
         </contents>
      </logical_group>
      <logical_group id="lg-1b" display="no" color="cyan">
         <name>EPwm3RegsFile</name>
         <run_address>0x6880</run_address>
         <size>0x22</size>
         <contents>
            <object_component_ref idref="oc-9e"/>
         </contents>
      </logical_group>
      <logical_group id="lg-1c" display="no" color="cyan">
         <name>EPwm4RegsFile</name>
         <run_address>0x68c0</run_address>
         <size>0x22</size>
         <contents>
            <object_component_ref idref="oc-a0"/>
         </contents>
      </logical_group>
      <logical_group id="lg-1d" display="no" color="cyan">
         <name>EPwm5RegsFile</name>
         <run_address>0x6900</run_address>
         <size>0x22</size>
         <contents>
            <object_component_ref idref="oc-9f"/>
         </contents>
      </logical_group>
      <logical_group id="lg-1e" display="no" color="cyan">
         <name>EPwm6RegsFile</name>
         <run_address>0x6940</run_address>
         <size>0x22</size>
         <contents>
            <object_component_ref idref="oc-a1"/>
         </contents>
      </logical_group>
      <logical_group id="lg-1f" display="no" color="cyan">
         <name>ECap1RegsFile</name>
         <run_address>0x6a00</run_address>
         <size>0x20</size>
         <contents>
            <object_component_ref idref="oc-99"/>
         </contents>
      </logical_group>
      <logical_group id="lg-20" display="no" color="cyan">
         <name>ECap2RegsFile</name>
         <run_address>0x6a20</run_address>
         <size>0x20</size>
         <contents>
            <object_component_ref idref="oc-95"/>
         </contents>
      </logical_group>
      <logical_group id="lg-21" display="no" color="cyan">
         <name>ECap3RegsFile</name>
         <run_address>0x6a40</run_address>
         <size>0x20</size>
         <contents>
            <object_component_ref idref="oc-96"/>
         </contents>
      </logical_group>
      <logical_group id="lg-22" display="no" color="cyan">
         <name>ECap4RegsFile</name>
         <run_address>0x6a60</run_address>
         <size>0x20</size>
         <contents>
            <object_component_ref idref="oc-93"/>
         </contents>
      </logical_group>
      <logical_group id="lg-23" display="no" color="cyan">
         <name>ECap5RegsFile</name>
         <run_address>0x6a80</run_address>
         <size>0x20</size>
         <contents>
            <object_component_ref idref="oc-94"/>
         </contents>
      </logical_group>
      <logical_group id="lg-24" display="no" color="cyan">
         <name>ECap6RegsFile</name>
         <run_address>0x6aa0</run_address>
         <size>0x20</size>
         <contents>
            <object_component_ref idref="oc-9a"/>
         </contents>
      </logical_group>
      <logical_group id="lg-25" display="no" color="cyan">
         <name>EQep1RegsFile</name>
         <run_address>0x6b00</run_address>
         <size>0x40</size>
         <contents>
            <object_component_ref idref="oc-ae"/>
         </contents>
      </logical_group>
      <logical_group id="lg-26" display="no" color="cyan">
         <name>EQep2RegsFile</name>
         <run_address>0x6b40</run_address>
         <size>0x40</size>
         <contents>
            <object_component_ref idref="oc-ac"/>
         </contents>
      </logical_group>
      <logical_group id="lg-27" display="no" color="cyan">
         <name>GpioCtrlRegsFile</name>
         <run_address>0x6f80</run_address>
         <size>0x2e</size>
         <contents>
            <object_component_ref idref="oc-a4"/>
         </contents>
      </logical_group>
      <logical_group id="lg-28" display="no" color="cyan">
         <name>GpioDataRegsFile</name>
         <run_address>0x6fc0</run_address>
         <size>0x20</size>
         <contents>
            <object_component_ref idref="oc-97"/>
         </contents>
      </logical_group>
      <logical_group id="lg-29" display="no" color="cyan">
         <name>GpioIntRegsFile</name>
         <run_address>0x6fe0</run_address>
         <size>0xa</size>
         <contents>
            <object_component_ref idref="oc-88"/>
         </contents>
      </logical_group>
      <logical_group id="lg-2a" display="no" color="cyan">
         <name>SysCtrlRegsFile</name>
         <run_address>0x7010</run_address>
         <size>0x20</size>
         <contents>
            <object_component_ref idref="oc-98"/>
         </contents>
      </logical_group>
      <logical_group id="lg-2b" display="no" color="cyan">
         <name>SpiaRegsFile</name>
         <run_address>0x7040</run_address>
         <size>0x10</size>
         <contents>
            <object_component_ref idref="oc-8b"/>
         </contents>
      </logical_group>
      <logical_group id="lg-2c" display="no" color="cyan">
         <name>SciaRegsFile</name>
         <run_address>0x7050</run_address>
         <size>0x10</size>
         <contents>
            <object_component_ref idref="oc-8c"/>
         </contents>
      </logical_group>
      <logical_group id="lg-2d" display="no" color="cyan">
         <name>XIntruptRegsFile</name>
         <run_address>0x7070</run_address>
         <size>0x10</size>
         <contents>
            <object_component_ref idref="oc-8d"/>
         </contents>
      </logical_group>
      <logical_group id="lg-2e" display="no" color="cyan">
         <name>AdcRegsFile</name>
         <run_address>0x7100</run_address>
         <size>0x1e</size>
         <contents>
            <object_component_ref idref="oc-91"/>
         </contents>
      </logical_group>
      <logical_group id="lg-2f" display="no" color="cyan">
         <name>ScibRegsFile</name>
         <run_address>0x7750</run_address>
         <size>0x10</size>
         <contents>
            <object_component_ref idref="oc-8a"/>
         </contents>
      </logical_group>
      <logical_group id="lg-30" display="no" color="cyan">
         <name>ScicRegsFile</name>
         <run_address>0x7770</run_address>
         <size>0x10</size>
         <contents>
            <object_component_ref idref="oc-89"/>
         </contents>
      </logical_group>
      <logical_group id="lg-31" display="no" color="cyan">
         <name>I2caRegsFile</name>
         <run_address>0x7900</run_address>
         <size>0x22</size>
         <contents>
            <object_component_ref idref="oc-9b"/>
         </contents>
      </logical_group>
      <logical_group id="lg-32" display="no" color="cyan">
         <name>CsmPwlFile</name>
         <run_address>0x33fff8</run_address>
         <size>0x8</size>
         <contents>
            <object_component_ref idref="oc-87"/>
         </contents>
      </logical_group>
      <logical_group id="lg-33" display="no" color="cyan">
         <name>.cinit</name>
         <load_address>0x33a568</load_address>
         <run_address>0x33a568</run_address>
         <size>0xd9</size>
         <contents>
            <object_component_ref idref="oc-4d"/>
            <object_component_ref idref="oc-59"/>
            <object_component_ref idref="oc-e7"/>
            <object_component_ref idref="oc-d4"/>
            <object_component_ref idref="oc-62"/>
            <object_component_ref idref="oc-52"/>
         </contents>
      </logical_group>
      <logical_group id="lg-34" display="no" color="cyan">
         <name>.pinit</name>
         <run_address>0x0</run_address>
         <size>0x0</size>
         <contents>
         </contents>
      </logical_group>
      <logical_group id="lg-35" display="no" color="cyan">
         <name>.text</name>
         <load_address>0x338000</load_address>
         <run_address>0x338000</run_address>
         <size>0x245e</size>
         <contents>
            <object_component_ref idref="oc-60"/>
            <object_component_ref idref="oc-64"/>
            <object_component_ref idref="oc-50"/>
            <object_component_ref idref="oc-57"/>
            <object_component_ref idref="oc-b6"/>
            <object_component_ref idref="oc-68"/>
            <object_component_ref idref="oc-c8"/>
            <object_component_ref idref="oc-71"/>
            <object_component_ref idref="oc-5b"/>
            <object_component_ref idref="oc-d9"/>
            <object_component_ref idref="oc-4b"/>
            <object_component_ref idref="oc-e1"/>
            <object_component_ref idref="oc-7d"/>
            <object_component_ref idref="oc-dd"/>
            <object_component_ref idref="oc-77"/>
            <object_component_ref idref="oc-f0"/>
            <object_component_ref idref="oc-d2"/>
            <object_component_ref idref="oc-bf"/>
            <object_component_ref idref="oc-ec"/>
            <object_component_ref idref="oc-e5"/>
            <object_component_ref idref="oc-ba"/>
         </contents>
      </logical_group>
      <logical_group id="lg-36" display="no" color="cyan">
         <name>codestart</name>
         <load_address>0x33fff6</load_address>
         <run_address>0x33fff6</run_address>
         <size>0x2</size>
         <contents>
            <object_component_ref idref="oc-bb"/>
         </contents>
      </logical_group>
      <logical_group id="lg-37" display="no" color="cyan">
         <name>ramfuncs</name>
         <load_address>0x320000</load_address>
         <run_address>0x8000</run_address>
         <size>0x1f</size>
         <contents>
            <object_component_ref idref="oc-73"/>
            <object_component_ref idref="oc-6d"/>
         </contents>
      </logical_group>
      <logical_group id="lg-38" display="no" color="cyan">
         <name>csmpasswds</name>
         <run_address>0x0</run_address>
         <size>0x0</size>
         <contents>
         </contents>
      </logical_group>
      <logical_group id="lg-39" display="no" color="cyan">
         <name>csm_rsvd</name>
         <run_address>0x0</run_address>
         <size>0x0</size>
         <contents>
         </contents>
      </logical_group>
      <logical_group id="lg-3a" display="no" color="cyan">
         <name>.stack</name>
         <run_address>0x400</run_address>
         <size>0x300</size>
         <contents>
            <object_component_ref idref="oc-cd"/>
            <object_component_ref idref="oc-147"/>
         </contents>
      </logical_group>
      <logical_group id="lg-3b" display="no" color="cyan">
         <name>.ebss</name>
         <run_address>0xc000</run_address>
         <size>0x2b3</size>
         <contents>
            <object_component_ref idref="oc-4e"/>
            <object_component_ref idref="oc-53"/>
            <object_component_ref idref="oc-5a"/>
            <object_component_ref idref="oc-63"/>
            <object_component_ref idref="oc-d5"/>
            <object_component_ref idref="oc-e8"/>
         </contents>
      </logical_group>
      <logical_group id="lg-3c" display="no" color="cyan">
         <name>.esysmem</name>
         <run_address>0x0</run_address>
         <size>0x0</size>
         <contents>
         </contents>
      </logical_group>
      <logical_group id="lg-3d" display="no" color="cyan">
         <name>.econst</name>
         <load_address>0x33a45e</load_address>
         <run_address>0x33a45e</run_address>
         <size>0x10a</size>
         <contents>
            <object_component_ref idref="oc-79"/>
            <object_component_ref idref="oc-5c"/>
         </contents>
      </logical_group>
      <logical_group id="lg-3e" display="no" color="cyan">
         <name>.switch</name>
         <run_address>0x0</run_address>
         <size>0x0</size>
         <contents>
         </contents>
      </logical_group>
      <logical_group id="lg-3f" display="no" color="cyan">
         <name>IQmath</name>
         <run_address>0x0</run_address>
         <size>0x0</size>
         <contents>
         </contents>
      </logical_group>
      <logical_group id="lg-40" display="no" color="cyan">
         <name>IQmathTables</name>
         <run_address>0x0</run_address>
         <size>0x0</size>
         <contents>
         </contents>
      </logical_group>
      <logical_group id="lg-41" display="no" color="cyan">
         <name>IQmathTables2</name>
         <run_address>0x0</run_address>
         <size>0x0</size>
         <contents>
         </contents>
      </logical_group>
      <logical_group id="lg-42" display="no" color="cyan">
         <name>FPUmathTables</name>
         <run_address>0x0</run_address>
         <size>0x0</size>
         <contents>
         </contents>
      </logical_group>
      <logical_group id="lg-43" display="no" color="cyan">
         <name>DMARAML4</name>
         <run_address>0x0</run_address>
         <size>0x0</size>
         <contents>
         </contents>
      </logical_group>
      <logical_group id="lg-44" display="no" color="cyan">
         <name>DMARAML5</name>
         <run_address>0x0</run_address>
         <size>0x0</size>
         <contents>
         </contents>
      </logical_group>
      <logical_group id="lg-45" display="no" color="cyan">
         <name>DMARAML6</name>
         <run_address>0x0</run_address>
         <size>0x0</size>
         <contents>
         </contents>
      </logical_group>
      <logical_group id="lg-46" display="no" color="cyan">
         <name>DMARAML7</name>
         <run_address>0x0</run_address>
         <size>0x0</size>
         <contents>
         </contents>
      </logical_group>
      <logical_group id="lg-47" display="no" color="cyan">
         <name>ZONE7DATA</name>
         <run_address>0x0</run_address>
         <size>0x0</size>
         <contents>
         </contents>
      </logical_group>
      <logical_group id="lg-48" display="no" color="cyan">
         <name>.reset</name>
         <load_address>0x3fffc0</load_address>
         <run_address>0x3fffc0</run_address>
         <size>0x2</size>
         <contents>
            <object_component_ref idref="oc-ce"/>
         </contents>
      </logical_group>
      <logical_group id="lg-49" display="no" color="cyan">
         <name>vectors</name>
         <run_address>0x3fffc2</run_address>
         <size>0x0</size>
         <contents>
         </contents>
      </logical_group>
      <logical_group id="lg-4a" display="no" color="cyan">
         <name>.adc_cal</name>
         <load_address>0x380080</load_address>
         <run_address>0x380080</run_address>
         <size>0x7</size>
         <contents>
            <object_component_ref idref="oc-c4"/>
         </contents>
      </logical_group>
      <logical_group id="lg-13e" display="never" color="cyan">
         <name>.debug_info</name>
         <load_address>0x0</load_address>
         <run_address>0x0</run_address>
         <size>0x37574</size>
         <contents>
            <object_component_ref idref="oc-4c"/>
            <object_component_ref idref="oc-51"/>
            <object_component_ref idref="oc-58"/>
            <object_component_ref idref="oc-61"/>
            <object_component_ref idref="oc-69"/>
            <object_component_ref idref="oc-6e"/>
            <object_component_ref idref="oc-72"/>
            <object_component_ref idref="oc-78"/>
            <object_component_ref idref="oc-7e"/>
            <object_component_ref idref="oc-82"/>
            <object_component_ref idref="oc-b5"/>
            <object_component_ref idref="oc-bc"/>
            <object_component_ref idref="oc-c0"/>
            <object_component_ref idref="oc-c5"/>
            <object_component_ref idref="oc-c9"/>
            <object_component_ref idref="oc-cf"/>
            <object_component_ref idref="oc-d3"/>
            <object_component_ref idref="oc-da"/>
            <object_component_ref idref="oc-de"/>
            <object_component_ref idref="oc-e2"/>
            <object_component_ref idref="oc-e6"/>
            <object_component_ref idref="oc-ed"/>
            <object_component_ref idref="oc-f1"/>
            <object_component_ref idref="oc-148"/>
         </contents>
      </logical_group>
      <logical_group id="lg-140" display="never" color="cyan">
         <name>.debug_abbrev</name>
         <load_address>0x0</load_address>
         <run_address>0x0</run_address>
         <size>0x11ae</size>
         <contents>
            <object_component_ref idref="oc-4f"/>
            <object_component_ref idref="oc-56"/>
            <object_component_ref idref="oc-5f"/>
            <object_component_ref idref="oc-67"/>
            <object_component_ref idref="oc-6c"/>
            <object_component_ref idref="oc-70"/>
            <object_component_ref idref="oc-76"/>
            <object_component_ref idref="oc-7c"/>
            <object_component_ref idref="oc-81"/>
            <object_component_ref idref="oc-b4"/>
            <object_component_ref idref="oc-b9"/>
            <object_component_ref idref="oc-be"/>
            <object_component_ref idref="oc-c3"/>
            <object_component_ref idref="oc-c7"/>
            <object_component_ref idref="oc-cc"/>
            <object_component_ref idref="oc-d1"/>
            <object_component_ref idref="oc-d8"/>
            <object_component_ref idref="oc-dc"/>
            <object_component_ref idref="oc-e0"/>
            <object_component_ref idref="oc-e4"/>
            <object_component_ref idref="oc-eb"/>
            <object_component_ref idref="oc-ef"/>
            <object_component_ref idref="oc-f4"/>
            <object_component_ref idref="oc-149"/>
         </contents>
      </logical_group>
      <logical_group id="lg-142" display="never" color="cyan">
         <name>.debug_frame</name>
         <load_address>0x0</load_address>
         <run_address>0x0</run_address>
         <size>0x1e75</size>
         <contents>
            <object_component_ref idref="oc-54"/>
            <object_component_ref idref="oc-5d"/>
            <object_component_ref idref="oc-65"/>
            <object_component_ref idref="oc-6a"/>
            <object_component_ref idref="oc-74"/>
            <object_component_ref idref="oc-7a"/>
            <object_component_ref idref="oc-7f"/>
            <object_component_ref idref="oc-b7"/>
            <object_component_ref idref="oc-c1"/>
            <object_component_ref idref="oc-ca"/>
            <object_component_ref idref="oc-d6"/>
            <object_component_ref idref="oc-e9"/>
            <object_component_ref idref="oc-f2"/>
         </contents>
      </logical_group>
      <logical_group id="lg-144" display="never" color="cyan">
         <name>.debug_line</name>
         <load_address>0x0</load_address>
         <run_address>0x0</run_address>
         <size>0x1e86</size>
         <contents>
            <object_component_ref idref="oc-55"/>
            <object_component_ref idref="oc-5e"/>
            <object_component_ref idref="oc-66"/>
            <object_component_ref idref="oc-6b"/>
            <object_component_ref idref="oc-6f"/>
            <object_component_ref idref="oc-75"/>
            <object_component_ref idref="oc-7b"/>
            <object_component_ref idref="oc-80"/>
            <object_component_ref idref="oc-b8"/>
            <object_component_ref idref="oc-bd"/>
            <object_component_ref idref="oc-c2"/>
            <object_component_ref idref="oc-c6"/>
            <object_component_ref idref="oc-cb"/>
            <object_component_ref idref="oc-d0"/>
            <object_component_ref idref="oc-d7"/>
            <object_component_ref idref="oc-db"/>
            <object_component_ref idref="oc-df"/>
            <object_component_ref idref="oc-e3"/>
            <object_component_ref idref="oc-ea"/>
            <object_component_ref idref="oc-ee"/>
            <object_component_ref idref="oc-f3"/>
         </contents>
      </logical_group>
   </logical_group_list>
   <placement_map>
      <memory_area display="yes" color="green">
         <name>ZONE0</name>
         <page_id>0x0</page_id>
         <origin>0x4000</origin>
         <length>0x1000</length>
         <used_space>0x0</used_space>
         <unused_space>0x1000</unused_space>
         <attributes>RWIX</attributes>
         <usage_details>
         </usage_details>
      </memory_area>
      <memory_area display="yes" color="green">
         <name>RAML0</name>
         <page_id>0x0</page_id>
         <origin>0x8000</origin>
         <length>0x1000</length>
         <used_space>0x1f</used_space>
         <unused_space>0xfe1</unused_space>
         <attributes>RWIX</attributes>
         <usage_details>
            <allocated_space>
               <start_address>0x8000</start_address>
               <size>0x1f</size>
               <logical_group_ref idref="lg-37"/>
            </allocated_space>
            <available_space>
               <start_address>0x801f</start_address>
               <size>0xfe1</size>
            </available_space>
         </usage_details>
      </memory_area>
      <memory_area display="yes" color="green">
         <name>RAML1</name>
         <page_id>0x0</page_id>
         <origin>0x9000</origin>
         <length>0x1000</length>
         <used_space>0x0</used_space>
         <unused_space>0x1000</unused_space>
         <attributes>RWIX</attributes>
         <usage_details>
         </usage_details>
      </memory_area>
      <memory_area display="yes" color="green">
         <name>RAML2</name>
         <page_id>0x0</page_id>
         <origin>0xa000</origin>
         <length>0x1000</length>
         <used_space>0x0</used_space>
         <unused_space>0x1000</unused_space>
         <attributes>RWIX</attributes>
         <usage_details>
         </usage_details>
      </memory_area>
      <memory_area display="yes" color="green">
         <name>RAML3</name>
         <page_id>0x0</page_id>
         <origin>0xb000</origin>
         <length>0x1000</length>
         <used_space>0x0</used_space>
         <unused_space>0x1000</unused_space>
         <attributes>RWIX</attributes>
         <usage_details>
         </usage_details>
      </memory_area>
      <memory_area display="yes" color="green">
         <name>ZONE6</name>
         <page_id>0x0</page_id>
         <origin>0x100000</origin>
         <length>0x100000</length>
         <used_space>0x0</used_space>
         <unused_space>0x100000</unused_space>
         <attributes>RWIX</attributes>
         <usage_details>
         </usage_details>
      </memory_area>
      <memory_area display="yes" color="green">
         <name>ZONE7A</name>
         <page_id>0x0</page_id>
         <origin>0x200000</origin>
         <length>0xfc00</length>
         <used_space>0x0</used_space>
         <unused_space>0xfc00</unused_space>
         <attributes>RWIX</attributes>
         <usage_details>
         </usage_details>
      </memory_area>
      <memory_area display="yes" color="green">
         <name>FLASHH</name>
         <page_id>0x0</page_id>
         <origin>0x300000</origin>
         <length>0x8000</length>
         <used_space>0x0</used_space>
         <unused_space>0x8000</unused_space>
         <attributes>RWIX</attributes>
         <usage_details>
         </usage_details>
      </memory_area>
      <memory_area display="yes" color="green">
         <name>FLASHG</name>
         <page_id>0x0</page_id>
         <origin>0x308000</origin>
         <length>0x8000</length>
         <used_space>0x0</used_space>
         <unused_space>0x8000</unused_space>
         <attributes>RWIX</attributes>
         <usage_details>
         </usage_details>
      </memory_area>
      <memory_area display="yes" color="green">
         <name>FLASHF</name>
         <page_id>0x0</page_id>
         <origin>0x310000</origin>
         <length>0x8000</length>
         <used_space>0x0</used_space>
         <unused_space>0x8000</unused_space>
         <attributes>RWIX</attributes>
         <usage_details>
         </usage_details>
      </memory_area>
      <memory_area display="yes" color="green">
         <name>FLASHE</name>
         <page_id>0x0</page_id>
         <origin>0x318000</origin>
         <length>0x8000</length>
         <used_space>0x0</used_space>
         <unused_space>0x8000</unused_space>
         <attributes>RWIX</attributes>
         <usage_details>
         </usage_details>
      </memory_area>
      <memory_area display="yes" color="green">
         <name>FLASHD</name>
         <page_id>0x0</page_id>
         <origin>0x320000</origin>
         <length>0x8000</length>
         <used_space>0x1f</used_space>
         <unused_space>0x7fe1</unused_space>
         <attributes>RWIX</attributes>
         <usage_details>
            <allocated_space>
[...]
      </symbol>
      <symbol id="sm-383">
         <name>_EQep2Regs</name>
         <value>0x6b40</value>
         <object_component_ref idref="oc-ac"/>
      </symbol>
      <symbol id="sm-384">
         <name>_EPwm2Regs</name>
         <value>0x6840</value>
         <object_component_ref idref="oc-9c"/>
      </symbol>
      <symbol id="sm-385">
         <name>_ECanaMboxes</name>
         <value>0x6100</value>
         <object_component_ref idref="oc-b2"/>
      </symbol>
      <symbol id="sm-386">
         <name>_ECap3Regs</name>
         <value>0x6a40</value>
         <object_component_ref idref="oc-96"/>
      </symbol>
      <symbol id="sm-387">
         <name>_ECanaMOTORegs</name>
         <value>0x60c0</value>
         <object_component_ref idref="oc-a7"/>
      </symbol>
      <symbol id="sm-388">
         <name>_EPwm3Regs</name>
         <value>0x6880</value>
         <object_component_ref idref="oc-9e"/>
      </symbol>
      <symbol id="sm-389">
         <name>_ECanbLAMRegs</name>
         <value>0x6240</value>
         <object_component_ref idref="oc-ad"/>
      </symbol>
      <symbol id="sm-38a">
         <name>_I2caRegs</name>
         <value>0x7900</value>
         <object_component_ref idref="oc-9b"/>
      </symbol>
      <symbol id="sm-3e1">
         <name>_ILLEGAL_ISR</name>
         <value>0x339937</value>
         <object_component_ref idref="oc-b6"/>
      </symbol>
      <symbol id="sm-3e2">
         <name>_EPWM6_INT_ISR</name>
         <value>0x339a6d</value>
         <object_component_ref idref="oc-b6"/>
      </symbol>
      <symbol id="sm-3e3">
         <name>_DATALOG_ISR</name>
         <value>0x33990f</value>
         <object_component_ref idref="oc-b6"/>
      </symbol>
      <symbol id="sm-3e4">
         <name>_SPITXINTA_ISR</name>
         <value>0x339ad1</value>
         <object_component_ref idref="oc-b6"/>
      </symbol>
      <symbol id="sm-3e5">
         <name>_SPIRXINTA_ISR</name>
         <value>0x339ac7</value>
         <object_component_ref idref="oc-b6"/>
      </symbol>
      <symbol id="sm-3e6">
         <name>_DINTCH3_ISR</name>
         <value>0x339b17</value>
         <object_component_ref idref="oc-b6"/>
      </symbol>
      <symbol id="sm-3e7">
         <name>_XINT4_ISR</name>
         <value>0x339bc1</value>
         <object_component_ref idref="oc-b6"/>
      </symbol>
      <symbol id="sm-3e8">
         <name>_SEQ1INT_ISR</name>
         <value>0x3399b9</value>
         <object_component_ref idref="oc-b6"/>
      </symbol>
      <symbol id="sm-3e9">
         <name>_ECAP3_INT_ISR</name>
         <value>0x339a8b</value>
         <object_component_ref idref="oc-b6"/>
      </symbol>
      <symbol id="sm-3ea">
         <name>_INT13_ISR</name>
         <value>0x3398fb</value>
         <object_component_ref idref="oc-b6"/>
      </symbol>
      <symbol id="sm-3eb">
         <name>_MXINTA_ISR</name>
         <value>0x339af9</value>
         <object_component_ref idref="oc-b6"/>
      </symbol>
      <symbol id="sm-3ec">
         <name>_EPWM4_INT_ISR</name>
         <value>0x339a59</value>
         <object_component_ref idref="oc-b6"/>
      </symbol>
      <symbol id="sm-3ed">
         <name>_USER5_ISR</name>
         <value>0x339969</value>
         <object_component_ref idref="oc-b6"/>
      </symbol>
      <symbol id="sm-3ee">
         <name>_XINT7_ISR</name>
         <value>0x339bdf</value>
         <object_component_ref idref="oc-b6"/>
      </symbol>
      <symbol id="sm-3ef">
         <name>_EPWM5_TZINT_ISR</name>
         <value>0x339a27</value>
         <object_component_ref idref="oc-b6"/>
      </symbol>
      <symbol id="sm-3f0">
         <name>_EPWM4_TZINT_ISR</name>
         <value>0x339a1d</value>
         <object_component_ref idref="oc-b6"/>
      </symbol>
      <symbol id="sm-3f1">
         <name>_ECAN0INTA_ISR</name>
         <value>0x339b8f</value>
         <object_component_ref idref="oc-b6"/>
      </symbol>
      <symbol id="sm-3f2">
         <name>_EPWM6_TZINT_ISR</name>
         <value>0x339a31</value>
         <object_component_ref idref="oc-b6"/>
      </symbol>
      <symbol id="sm-3f3">
         <name>_EMUINT_ISR</name>
         <value>0x339923</value>
         <object_component_ref idref="oc-b6"/>
      </symbol>
      <symbol id="sm-3f4">
         <name>_ECAP1_INT_ISR</name>
         <value>0x339a77</value>
         <object_component_ref idref="oc-b6"/>
      </symbol>
      <symbol id="sm-3f5">
         <name>_EPWM1_TZINT_ISR</name>
         <value>0x3399ff</value>
         <object_component_ref idref="oc-b6"/>
      </symbol>
      <symbol id="sm-3f6">
         <name>_EQEP2_INT_ISR</name>
         <value>0x339abd</value>
         <object_component_ref idref="oc-b6"/>
      </symbol>
      <symbol id="sm-3f7">
         <name>_USER11_ISR</name>
         <value>0x3399a5</value>
         <object_component_ref idref="oc-b6"/>
      </symbol>
      <symbol id="sm-3f8">
         <name>_EPWM3_TZINT_ISR</name>
         <value>0x339a13</value>
         <object_component_ref idref="oc-b6"/>
      </symbol>
      <symbol id="sm-3f9">
         <name>_USER4_ISR</name>
         <value>0x33995f</value>
         <object_component_ref idref="oc-b6"/>
      </symbol>
      <symbol id="sm-3fa">
         <name>_EPWM2_TZINT_ISR</name>
         <value>0x339a09</value>
         <object_component_ref idref="oc-b6"/>
      </symbol>
      <symbol id="sm-3fb">
         <name>_XINT6_ISR</name>
         <value>0x339bd5</value>
         <object_component_ref idref="oc-b6"/>
      </symbol>
      <symbol id="sm-3fc">
         <name>_EPWM2_INT_ISR</name>
         <value>0x339a45</value>
         <object_component_ref idref="oc-b6"/>
      </symbol>
      <symbol id="sm-3fd">
         <name>_ECAN0INTB_ISR</name>
         <value>0x339ba3</value>
         <object_component_ref idref="oc-b6"/>
      </symbol>
      <symbol id="sm-3fe">
         <name>_TINT0_ISR</name>
         <value>0x3399eb</value>
         <object_component_ref idref="oc-b6"/>
      </symbol>
      <symbol id="sm-3ff">
         <name>_WAKEINT_ISR</name>
         <value>0x3399f5</value>
         <object_component_ref idref="oc-b6"/>
      </symbol>
      <symbol id="sm-400">
         <name>_DINTCH4_ISR</name>
         <value>0x339b21</value>
         <object_component_ref idref="oc-b6"/>
      </symbol>
      <symbol id="sm-401">
         <name>_USER10_ISR</name>
         <value>0x33999b</value>
         <object_component_ref idref="oc-b6"/>
      </symbol>
      <symbol id="sm-402">
         <name>_USER7_ISR</name>
         <value>0x33997d</value>
         <object_component_ref idref="oc-b6"/>
      </symbol>
      <symbol id="sm-403">
         <name>_XINT1_ISR</name>
         <value>0x3399cd</value>
         <object_component_ref idref="oc-b6"/>
      </symbol>
      <symbol id="sm-404">
         <name>_ECAP6_INT_ISR</name>
         <value>0x339aa9</value>
         <object_component_ref idref="oc-b6"/>
      </symbol>
      <symbol id="sm-405">
         <name>_INT14_ISR</name>
         <value>0x339905</value>
         <object_component_ref idref="oc-b6"/>
      </symbol>
      <symbol id="sm-406">
         <name>_MXINTB_ISR</name>
         <value>0x339ae5</value>
         <object_component_ref idref="oc-b6"/>
      </symbol>
      <symbol id="sm-407">
         <name>_DINTCH5_ISR</name>
         <value>0x339b2b</value>
         <object_component_ref idref="oc-b6"/>
      </symbol>
      <symbol id="sm-408">
         <name>_USER6_ISR</name>
         <value>0x339973</value>
         <object_component_ref idref="oc-b6"/>
      </symbol>
      <symbol id="sm-409">
         <name>_ECAP4_INT_ISR</name>
         <value>0x339a95</value>
         <object_component_ref idref="oc-b6"/>
      </symbol>
      <symbol id="sm-40a">
         <name>_MRINTA_ISR</name>
         <value>0x339aef</value>
         <object_component_ref idref="oc-b6"/>
      </symbol>
      <symbol id="sm-40b">
         <name>_DINTCH6_ISR</name>
         <value>0x339b35</value>
         <object_component_ref idref="oc-b6"/>
      </symbol>
      <symbol id="sm-40c">
         <name>_USER12_ISR</name>
         <value>0x3399af</value>
         <object_component_ref idref="oc-b6"/>
      </symbol>
      <symbol id="sm-40d">
         <name>_ADCINT_ISR</name>
         <value>0x3399e1</value>
         <object_component_ref idref="oc-b6"/>
      </symbol>
      <symbol id="sm-40e">
         <name>_USER1_ISR</name>
         <value>0x339941</value>
         <object_component_ref idref="oc-b6"/>
      </symbol>
      <symbol id="sm-40f">
         <name>_XINT3_ISR</name>
         <value>0x339bb7</value>
         <object_component_ref idref="oc-b6"/>
      </symbol>
      <symbol id="sm-410">
         <name>_EPWM5_INT_ISR</name>
         <value>0x339a63</value>
         <object_component_ref idref="oc-b6"/>
      </symbol>
      <symbol id="sm-411">
         <name>_NMI_ISR</name>
         <value>0x33992d</value>
         <object_component_ref idref="oc-b6"/>
      </symbol>
      <symbol id="sm-412">
         <name>_SCITXINTB_ISR</name>
         <value>0x339b85</value>
         <object_component_ref idref="oc-b6"/>
      </symbol>
      <symbol id="sm-413">
         <name>_SCIRXINTB_ISR</name>
         <value>0x339b7b</value>
         <object_component_ref idref="oc-b6"/>
      </symbol>
      <symbol id="sm-414">
         <name>_ECAN1INTA_ISR</name>
         <value>0x339b99</value>
         <object_component_ref idref="oc-b6"/>
      </symbol>
      <symbol id="sm-415">
         <name>_ECAP2_INT_ISR</name>
         <value>0x339a81</value>
         <object_component_ref idref="oc-b6"/>
      </symbol>
      <symbol id="sm-416">
         <name>_PIE_RESERVED</name>
         <value>0x339bfd</value>
         <object_component_ref idref="oc-b6"/>
      </symbol>
      <symbol id="sm-417">
         <name>_I2CINT1A_ISR</name>
         <value>0x339b3f</value>
         <object_component_ref idref="oc-b6"/>
      </symbol>
      <symbol id="sm-418">
         <name>_XINT2_ISR</name>
         <value>0x3399d7</value>
         <object_component_ref idref="oc-b6"/>
      </symbol>
      <symbol id="sm-419">
         <name>_I2CINT2A_ISR</name>
         <value>0x339b49</value>
         <object_component_ref idref="oc-b6"/>
      </symbol>
      <symbol id="sm-41a">
         <name>_SCITXINTC_ISR</name>
         <value>0x339b5d</value>
         <object_component_ref idref="oc-b6"/>
      </symbol>
      <symbol id="sm-41b">
         <name>_SCIRXINTC_ISR</name>
         <value>0x339b53</value>
         <object_component_ref idref="oc-b6"/>
      </symbol>
      <symbol id="sm-41c">
         <name>_RTOSINT_ISR</name>
         <value>0x339919</value>
         <object_component_ref idref="oc-b6"/>
      </symbol>
      <symbol id="sm-41d">
         <name>_EPWM3_INT_ISR</name>
         <value>0x339a4f</value>
         <object_component_ref idref="oc-b6"/>
      </symbol>
      <symbol id="sm-41e">
         <name>_ECAN1INTB_ISR</name>
         <value>0x339bad</value>
         <object_component_ref idref="oc-b6"/>
      </symbol>
      <symbol id="sm-41f">
         <name>_USER9_ISR</name>
         <value>0x339991</value>
         <object_component_ref idref="oc-b6"/>
      </symbol>
      <symbol id="sm-420">
         <name>_USER3_ISR</name>
         <value>0x339955</value>
         <object_component_ref idref="oc-b6"/>
      </symbol>
      <symbol id="sm-421">
         <name>_EQEP1_INT_ISR</name>
         <value>0x339ab3</value>
         <object_component_ref idref="oc-b6"/>
      </symbol>
      <symbol id="sm-422">
         <name>_MRINTB_ISR</name>
         <value>0x339adb</value>
         <object_component_ref idref="oc-b6"/>
      </symbol>
      <symbol id="sm-423">
         <name>_DINTCH1_ISR</name>
         <value>0x339b03</value>
         <object_component_ref idref="oc-b6"/>
      </symbol>
      <symbol id="sm-424">
         <name>_USER8_ISR</name>
         <value>0x339987</value>
         <object_component_ref idref="oc-b6"/>
      </symbol>
      <symbol id="sm-425">
         <name>_EPWM1_INT_ISR</name>
         <value>0x339a3b</value>
         <object_component_ref idref="oc-b6"/>
      </symbol>
      <symbol id="sm-426">
         <name>_SEQ2INT_ISR</name>
         <value>0x3399c3</value>
         <object_component_ref idref="oc-b6"/>
      </symbol>
      <symbol id="sm-427">
         <name>_USER2_ISR</name>
         <value>0x33994b</value>
         <object_component_ref idref="oc-b6"/>
      </symbol>
      <symbol id="sm-428">
         <name>_LUF_ISR</name>
         <value>0x339bf3</value>
         <object_component_ref idref="oc-b6"/>
      </symbol>
      <symbol id="sm-429">
         <name>_LVF_ISR</name>
         <value>0x339be9</value>
         <object_component_ref idref="oc-b6"/>
      </symbol>
      <symbol id="sm-42a">
         <name>_SCITXINTA_ISR</name>
         <value>0x339b71</value>
         <object_component_ref idref="oc-b6"/>
      </symbol>
      <symbol id="sm-42b">
         <name>_SCIRXINTA_ISR</name>
         <value>0x339b67</value>
         <object_component_ref idref="oc-b6"/>
      </symbol>
      <symbol id="sm-42c">
         <name>_rsvd_ISR</name>
         <value>0x339c07</value>
         <object_component_ref idref="oc-b6"/>
      </symbol>
      <symbol id="sm-42d">
         <name>_ECAP5_INT_ISR</name>
         <value>0x339a9f</value>
         <object_component_ref idref="oc-b6"/>
      </symbol>
      <symbol id="sm-42e">
         <name>_DINTCH2_ISR</name>
         <value>0x339b0d</value>
         <object_component_ref idref="oc-b6"/>
      </symbol>
      <symbol id="sm-42f">
         <name>_XINT5_ISR</name>
         <value>0x339bcb</value>
         <object_component_ref idref="oc-b6"/>
      </symbol>
      <symbol id="sm-43a">
         <name>code_start</name>
         <value>0x33fff6</value>
         <object_component_ref idref="oc-bb"/>
      </symbol>
      <symbol id="sm-444">
         <name>_InitAdc</name>
         <value>0x33a42e</value>
         <object_component_ref idref="oc-bf"/>
      </symbol>
      <symbol id="sm-44c">
         <name>_ADC_cal</name>
         <value>0x380080</value>
         <object_component_ref idref="oc-c4"/>
      </symbol>
      <symbol id="sm-48b">
         <name>_LedControl</name>
         <value>0x339f94</value>
         <object_component_ref idref="oc-c8"/>
      </symbol>
      <symbol id="sm-48c">
         <name>_DA_OUT</name>
         <value>0x33a04a</value>
         <object_component_ref idref="oc-c8"/>
      </symbol>
      <symbol id="sm-48d">
         <name>_DisableXINT2</name>
         <value>0x339f8f</value>
         <object_component_ref idref="oc-c8"/>
      </symbol>
      <symbol id="sm-48e">
         <name>_DisableXINT1</name>
         <value>0x339f85</value>
         <object_component_ref idref="oc-c8"/>
      </symbol>
      <symbol id="sm-48f">
         <name>_BootStrap</name>
         <value>0x339f67</value>
         <object_component_ref idref="oc-c8"/>
      </symbol>
      <symbol id="sm-490">
         <name>_OutputDAC</name>
         <value>0x33a014</value>
         <object_component_ref idref="oc-c8"/>
      </symbol>
      <symbol id="sm-491">
         <name>_GateOff</name>
         <value>0x339f57</value>
         <object_component_ref idref="oc-c8"/>
      </symbol>
      <symbol id="sm-492">
         <name>_EnableXINT1</name>
         <value>0x339f80</value>
         <object_component_ref idref="oc-c8"/>
      </symbol>
      <symbol id="sm-493">
         <name>_EnableXINT2</name>
         <value>0x339f8a</value>
         <object_component_ref idref="oc-c8"/>
      </symbol>
      <symbol id="sm-494">
         <name>_RelayControl</name>
         <value>0x339ff8</value>
         <object_component_ref idref="oc-c8"/>
      </symbol>
      <symbol id="sm-495">
         <name>_SetCaptureHall</name>
         <value>0x339eed</value>
         <object_component_ref idref="oc-c8"/>
      </symbol>
      <symbol id="sm-496">
         <name>_RunECAP1Timer</name>
         <value>0x339ee3</value>
         <object_component_ref idref="oc-c8"/>
      </symbol>
      <symbol id="sm-497">
         <name>_RunECAP2Timer</name>
         <value>0x339ee8</value>
         <object_component_ref idref="oc-c8"/>
      </symbol>
      <symbol id="sm-498">
         <name>_PWMControl</name>
         <value>0x33a005</value>
         <object_component_ref idref="oc-c8"/>
      </symbol>
      <symbol id="sm-4ac">
         <name>_c_int00</name>
         <value>0x33a322</value>
         <object_component_ref idref="oc-4b"/>
      </symbol>
      <symbol id="sm-4ad">
         <name>__stack</name>
         <value>0x400</value>
         <object_component_ref idref="oc-cd"/>
      </symbol>
      <symbol id="sm-4be">
         <name>C$$EXIT</name>
         <value>0x33a415</value>
         <object_component_ref idref="oc-d2"/>
      </symbol>
      <symbol id="sm-4bf">
         <name>_exit</name>
         <value>0x33a417</value>
         <object_component_ref idref="oc-d2"/>
      </symbol>
      <symbol id="sm-4c0">
         <name>___TI_cleanup_ptr</name>
         <value>0xc210</value>
         <object_component_ref idref="oc-d5"/>
      </symbol>
      <symbol id="sm-4c1">
         <name>_abort</name>
         <value>0x33a415</value>
         <object_component_ref idref="oc-d2"/>
      </symbol>
      <symbol id="sm-4c2">
         <name>___TI_dtors_ptr</name>
         <value>0xc212</value>
         <object_component_ref idref="oc-d5"/>
      </symbol>
      <symbol id="sm-4cf">
         <name>FS$$DIV</name>
         <value>0x33a29a</value>
         <object_component_ref idref="oc-d9"/>
      </symbol>
      <symbol id="sm-4d9">
         <name>I$$MOD</name>
         <value>0x33a3cb</value>
         <object_component_ref idref="oc-dd"/>
      </symbol>
      <symbol id="sm-4da">
         <name>I$$DIV</name>
         <value>0x33a3ba</value>
         <object_component_ref idref="oc-dd"/>
      </symbol>
      <symbol id="sm-4e2">
         <name>UL$$MOD</name>
         <value>0x33a38c</value>
         <object_component_ref idref="oc-e1"/>
      </symbol>
      <symbol id="sm-4e3">
         <name>L$$MOD</name>
         <value>0x33a377</value>
         <object_component_ref idref="oc-e1"/>
      </symbol>
      <symbol id="sm-4e4">
         <name>L$$DIV</name>
         <value>0x33a368</value>
         <object_component_ref idref="oc-e1"/>
      </symbol>
      <symbol id="sm-4e5">
         <name>UL$$DIV</name>
         <value>0x33a385</value>
         <object_component_ref idref="oc-e1"/>
      </symbol>
      <symbol id="sm-4f3">
         <name>__unlock</name>
         <value>0xc20c</value>
         <object_component_ref idref="oc-e8"/>
      </symbol>
      <symbol id="sm-4f4">
         <name>__lock</name>
         <value>0xc20e</value>
         <object_component_ref idref="oc-e8"/>
      </symbol>
      <symbol id="sm-4f5">
         <name>__register_lock</name>
         <value>0x33a451</value>
         <object_component_ref idref="oc-e5"/>
      </symbol>
      <symbol id="sm-4f6">
         <name>__nop</name>
         <value>0x33a455</value>
         <object_component_ref idref="oc-e5"/>
      </symbol>
      <symbol id="sm-4f7">
         <name>__register_unlock</name>
         <value>0x33a44d</value>
         <object_component_ref idref="oc-e5"/>
      </symbol>
      <symbol id="sm-4ff">
         <name>U$$MOD</name>
         <value>0x33a447</value>
         <object_component_ref idref="oc-ec"/>
      </symbol>
      <symbol id="sm-500">
         <name>U$$DIV</name>
         <value>0x33a442</value>
         <object_component_ref idref="oc-ec"/>
      </symbol>
      <symbol id="sm-50c">
         <name>__args_main</name>
         <value>0x33a3fc</value>
         <object_component_ref idref="oc-f0"/>
      </symbol>
      <symbol id="sm-50d">
         <name>__TI_args_main</name>
         <value>0x1</value>
      </symbol>
   </symbol_table>
   <title>Link successful</title>
</link_info>
